# Path: /Users/weisiyuan/src/edk2/Build/Clover/RELEASE_XCODE8/X64/Clover/Drivers/DVDDisk/ScsiDiskDxe/DEBUG/ScsiDisk.dll
# Arch: x86_64
# Object files:
[  0] linker synthesized
[  1] /Users/weisiyuan/src/edk2/Build/Clover/RELEASE_XCODE8/X64/MdePkg/Library/BasePcdLibNull/BasePcdLibNull/OUTPUT/BasePcdLibNull.lib(PcdLib.obj)
[  2] /Users/weisiyuan/src/edk2/Build/Clover/RELEASE_XCODE8/X64/MdePkg/Library/BaseLib/BaseLib/OUTPUT/BaseLib.lib(CheckSum.obj)
[  3] /Users/weisiyuan/src/edk2/Build/Clover/RELEASE_XCODE8/X64/MdePkg/Library/BaseLib/BaseLib/OUTPUT/BaseLib.lib(SwitchStack.obj)
[  4] /Users/weisiyuan/src/edk2/Build/Clover/RELEASE_XCODE8/X64/MdePkg/Library/BaseLib/BaseLib/OUTPUT/BaseLib.lib(SwapBytes64.obj)
[  5] /Users/weisiyuan/src/edk2/Build/Clover/RELEASE_XCODE8/X64/MdePkg/Library/BaseLib/BaseLib/OUTPUT/BaseLib.lib(SwapBytes32.obj)
[  6] /Users/weisiyuan/src/edk2/Build/Clover/RELEASE_XCODE8/X64/MdePkg/Library/BaseLib/BaseLib/OUTPUT/BaseLib.lib(SwapBytes16.obj)
[  7] /Users/weisiyuan/src/edk2/Build/Clover/RELEASE_XCODE8/X64/MdePkg/Library/BaseLib/BaseLib/OUTPUT/BaseLib.lib(LongJump.obj)
[  8] /Users/weisiyuan/src/edk2/Build/Clover/RELEASE_XCODE8/X64/MdePkg/Library/BaseLib/BaseLib/OUTPUT/BaseLib.lib(SetJump.obj)
[  9] /Users/weisiyuan/src/edk2/Build/Clover/RELEASE_XCODE8/X64/MdePkg/Library/BaseLib/BaseLib/OUTPUT/BaseLib.lib(RShiftU64.obj)
[ 10] /Users/weisiyuan/src/edk2/Build/Clover/RELEASE_XCODE8/X64/MdePkg/Library/BaseLib/BaseLib/OUTPUT/BaseLib.lib(RRotU64.obj)
[ 11] /Users/weisiyuan/src/edk2/Build/Clover/RELEASE_XCODE8/X64/MdePkg/Library/BaseLib/BaseLib/OUTPUT/BaseLib.lib(RRotU32.obj)
[ 12] /Users/weisiyuan/src/edk2/Build/Clover/RELEASE_XCODE8/X64/MdePkg/Library/BaseLib/BaseLib/OUTPUT/BaseLib.lib(MultU64x64.obj)
[ 13] /Users/weisiyuan/src/edk2/Build/Clover/RELEASE_XCODE8/X64/MdePkg/Library/BaseLib/BaseLib/OUTPUT/BaseLib.lib(MultU64x32.obj)
[ 14] /Users/weisiyuan/src/edk2/Build/Clover/RELEASE_XCODE8/X64/MdePkg/Library/BaseLib/BaseLib/OUTPUT/BaseLib.lib(MultS64x64.obj)
[ 15] /Users/weisiyuan/src/edk2/Build/Clover/RELEASE_XCODE8/X64/MdePkg/Library/BaseLib/BaseLib/OUTPUT/BaseLib.lib(ModU64x32.obj)
[ 16] /Users/weisiyuan/src/edk2/Build/Clover/RELEASE_XCODE8/X64/MdePkg/Library/BaseLib/BaseLib/OUTPUT/BaseLib.lib(LShiftU64.obj)
[ 17] /Users/weisiyuan/src/edk2/Build/Clover/RELEASE_XCODE8/X64/MdePkg/Library/BaseLib/BaseLib/OUTPUT/BaseLib.lib(LRotU64.obj)
[ 18] /Users/weisiyuan/src/edk2/Build/Clover/RELEASE_XCODE8/X64/MdePkg/Library/BaseLib/BaseLib/OUTPUT/BaseLib.lib(LRotU32.obj)
[ 19] /Users/weisiyuan/src/edk2/Build/Clover/RELEASE_XCODE8/X64/MdePkg/Library/BaseLib/BaseLib/OUTPUT/BaseLib.lib(LowBitSet64.obj)
[ 20] /Users/weisiyuan/src/edk2/Build/Clover/RELEASE_XCODE8/X64/MdePkg/Library/BaseLib/BaseLib/OUTPUT/BaseLib.lib(LowBitSet32.obj)
[ 21] /Users/weisiyuan/src/edk2/Build/Clover/RELEASE_XCODE8/X64/MdePkg/Library/BaseLib/BaseLib/OUTPUT/BaseLib.lib(HighBitSet64.obj)
[ 22] /Users/weisiyuan/src/edk2/Build/Clover/RELEASE_XCODE8/X64/MdePkg/Library/BaseLib/BaseLib/OUTPUT/BaseLib.lib(HighBitSet32.obj)
[ 23] /Users/weisiyuan/src/edk2/Build/Clover/RELEASE_XCODE8/X64/MdePkg/Library/BaseLib/BaseLib/OUTPUT/BaseLib.lib(GetPowerOfTwo64.obj)
[ 24] /Users/weisiyuan/src/edk2/Build/Clover/RELEASE_XCODE8/X64/MdePkg/Library/BaseLib/BaseLib/OUTPUT/BaseLib.lib(GetPowerOfTwo32.obj)
[ 25] /Users/weisiyuan/src/edk2/Build/Clover/RELEASE_XCODE8/X64/MdePkg/Library/BaseLib/BaseLib/OUTPUT/BaseLib.lib(DivU64x64Remainder.obj)
[ 26] /Users/weisiyuan/src/edk2/Build/Clover/RELEASE_XCODE8/X64/MdePkg/Library/BaseLib/BaseLib/OUTPUT/BaseLib.lib(DivU64x32Remainder.obj)
[ 27] /Users/weisiyuan/src/edk2/Build/Clover/RELEASE_XCODE8/X64/MdePkg/Library/BaseLib/BaseLib/OUTPUT/BaseLib.lib(DivU64x32.obj)
[ 28] /Users/weisiyuan/src/edk2/Build/Clover/RELEASE_XCODE8/X64/MdePkg/Library/BaseLib/BaseLib/OUTPUT/BaseLib.lib(DivS64x64Remainder.obj)
[ 29] /Users/weisiyuan/src/edk2/Build/Clover/RELEASE_XCODE8/X64/MdePkg/Library/BaseLib/BaseLib/OUTPUT/BaseLib.lib(ARShiftU64.obj)
[ 30] /Users/weisiyuan/src/edk2/Build/Clover/RELEASE_XCODE8/X64/MdePkg/Library/BaseLib/BaseLib/OUTPUT/BaseLib.lib(BitField.obj)
[ 31] /Users/weisiyuan/src/edk2/Build/Clover/RELEASE_XCODE8/X64/MdePkg/Library/BaseLib/BaseLib/OUTPUT/BaseLib.lib(CpuDeadLoop.obj)
[ 32] /Users/weisiyuan/src/edk2/Build/Clover/RELEASE_XCODE8/X64/MdePkg/Library/BaseLib/BaseLib/OUTPUT/BaseLib.lib(Cpu.obj)
[ 33] /Users/weisiyuan/src/edk2/Build/Clover/RELEASE_XCODE8/X64/MdePkg/Library/BaseLib/BaseLib/OUTPUT/BaseLib.lib(LinkedList.obj)
[ 34] /Users/weisiyuan/src/edk2/Build/Clover/RELEASE_XCODE8/X64/MdePkg/Library/BaseLib/BaseLib/OUTPUT/BaseLib.lib(SafeString.obj)
[ 35] /Users/weisiyuan/src/edk2/Build/Clover/RELEASE_XCODE8/X64/MdePkg/Library/BaseLib/BaseLib/OUTPUT/BaseLib.lib(String.obj)
[ 36] /Users/weisiyuan/src/edk2/Build/Clover/RELEASE_XCODE8/X64/MdePkg/Library/BaseLib/BaseLib/OUTPUT/BaseLib.lib(FilePaths.obj)
[ 37] /Users/weisiyuan/src/edk2/Build/Clover/RELEASE_XCODE8/X64/MdePkg/Library/BaseLib/BaseLib/OUTPUT/BaseLib.lib(Thunk16.obj)
[ 38] /Users/weisiyuan/src/edk2/Build/Clover/RELEASE_XCODE8/X64/MdePkg/Library/BaseLib/BaseLib/OUTPUT/BaseLib.lib(WriteTr.obj)
[ 39] /Users/weisiyuan/src/edk2/Build/Clover/RELEASE_XCODE8/X64/MdePkg/Library/BaseLib/BaseLib/OUTPUT/BaseLib.lib(Lfence.obj)
[ 40] /Users/weisiyuan/src/edk2/Build/Clover/RELEASE_XCODE8/X64/MdePkg/Library/BaseLib/BaseLib/OUTPUT/BaseLib.lib(Non-existing.obj)
[ 41] /Users/weisiyuan/src/edk2/Build/Clover/RELEASE_XCODE8/X64/MdePkg/Library/BaseLib/BaseLib/OUTPUT/BaseLib.lib(Math64.obj)
[ 42] /Users/weisiyuan/src/edk2/Build/Clover/RELEASE_XCODE8/X64/MdePkg/Library/BaseLib/BaseLib/OUTPUT/BaseLib.lib(Unaligned.obj)
[ 43] /Users/weisiyuan/src/edk2/Build/Clover/RELEASE_XCODE8/X64/MdePkg/Library/BaseLib/BaseLib/OUTPUT/BaseLib.lib(X86WriteIdtr.obj)
[ 44] /Users/weisiyuan/src/edk2/Build/Clover/RELEASE_XCODE8/X64/MdePkg/Library/BaseLib/BaseLib/OUTPUT/BaseLib.lib(X86WriteGdtr.obj)
[ 45] /Users/weisiyuan/src/edk2/Build/Clover/RELEASE_XCODE8/X64/MdePkg/Library/BaseLib/BaseLib/OUTPUT/BaseLib.lib(X86Thunk.obj)
[ 46] /Users/weisiyuan/src/edk2/Build/Clover/RELEASE_XCODE8/X64/MdePkg/Library/BaseLib/BaseLib/OUTPUT/BaseLib.lib(X86ReadIdtr.obj)
[ 47] /Users/weisiyuan/src/edk2/Build/Clover/RELEASE_XCODE8/X64/MdePkg/Library/BaseLib/BaseLib/OUTPUT/BaseLib.lib(X86ReadGdtr.obj)
[ 48] /Users/weisiyuan/src/edk2/Build/Clover/RELEASE_XCODE8/X64/MdePkg/Library/BaseLib/BaseLib/OUTPUT/BaseLib.lib(X86Msr.obj)
[ 49] /Users/weisiyuan/src/edk2/Build/Clover/RELEASE_XCODE8/X64/MdePkg/Library/BaseLib/BaseLib/OUTPUT/BaseLib.lib(X86GetInterruptState.obj)
[ 50] /Users/weisiyuan/src/edk2/Build/Clover/RELEASE_XCODE8/X64/MdePkg/Library/BaseLib/BaseLib/OUTPUT/BaseLib.lib(X86FxSave.obj)
[ 51] /Users/weisiyuan/src/edk2/Build/Clover/RELEASE_XCODE8/X64/MdePkg/Library/BaseLib/BaseLib/OUTPUT/BaseLib.lib(X86FxRestore.obj)
[ 52] /Users/weisiyuan/src/edk2/Build/Clover/RELEASE_XCODE8/X64/MdePkg/Library/BaseLib/BaseLib/OUTPUT/BaseLib.lib(X86EnablePaging64.obj)
[ 53] /Users/weisiyuan/src/edk2/Build/Clover/RELEASE_XCODE8/X64/MdePkg/Library/BaseLib/BaseLib/OUTPUT/BaseLib.lib(X86EnablePaging32.obj)
[ 54] /Users/weisiyuan/src/edk2/Build/Clover/RELEASE_XCODE8/X64/MdePkg/Library/BaseLib/BaseLib/OUTPUT/BaseLib.lib(X86DisablePaging64.obj)
[ 55] /Users/weisiyuan/src/edk2/Build/Clover/RELEASE_XCODE8/X64/MdePkg/Library/BaseLib/BaseLib/OUTPUT/BaseLib.lib(X86DisablePaging32.obj)
[ 56] /Users/weisiyuan/src/edk2/Build/Clover/RELEASE_XCODE8/X64/MdePkg/Library/BaseLib/BaseLib/OUTPUT/BaseLib.lib(X86RdRand.obj)
[ 57] /Users/weisiyuan/src/edk2/Build/Clover/RELEASE_XCODE8/X64/MdePkg/Library/BaseLib/BaseLib/OUTPUT/BaseLib.lib(X86PatchInstruction.obj)
[ 58] /Users/weisiyuan/src/edk2/Build/Clover/RELEASE_XCODE8/X64/MdePkg/Library/BaseLib/BaseLib/OUTPUT/BaseLib.lib(X86SpeculationBarrier.obj)
[ 59] /Users/weisiyuan/src/edk2/Build/Clover/RELEASE_XCODE8/X64/MdePkg/Library/BaseLib/BaseLib/OUTPUT/BaseLib.lib(GccInline.obj)
[ 60] /Users/weisiyuan/src/edk2/Build/Clover/RELEASE_XCODE8/X64/MdePkg/Library/BaseLib/BaseLib/OUTPUT/BaseLib.lib(SwitchStack.obj)
[ 61] /Users/weisiyuan/src/edk2/Build/Clover/RELEASE_XCODE8/X64/MdePkg/Library/BaseLib/BaseLib/OUTPUT/BaseLib.lib(SetJump.obj)
[ 62] /Users/weisiyuan/src/edk2/Build/Clover/RELEASE_XCODE8/X64/MdePkg/Library/BaseLib/BaseLib/OUTPUT/BaseLib.lib(LongJump.obj)
[ 63] /Users/weisiyuan/src/edk2/Build/Clover/RELEASE_XCODE8/X64/MdePkg/Library/BaseLib/BaseLib/OUTPUT/BaseLib.lib(EnableDisableInterrupts.obj)
[ 64] /Users/weisiyuan/src/edk2/Build/Clover/RELEASE_XCODE8/X64/MdePkg/Library/BaseLib/BaseLib/OUTPUT/BaseLib.lib(DisablePaging64.obj)
[ 65] /Users/weisiyuan/src/edk2/Build/Clover/RELEASE_XCODE8/X64/MdePkg/Library/BaseLib/BaseLib/OUTPUT/BaseLib.lib(CpuId.obj)
[ 66] /Users/weisiyuan/src/edk2/Build/Clover/RELEASE_XCODE8/X64/MdePkg/Library/BaseLib/BaseLib/OUTPUT/BaseLib.lib(CpuIdEx.obj)
[ 67] /Users/weisiyuan/src/edk2/Build/Clover/RELEASE_XCODE8/X64/MdePkg/Library/BaseLib/BaseLib/OUTPUT/BaseLib.lib(EnableCache.obj)
[ 68] /Users/weisiyuan/src/edk2/Build/Clover/RELEASE_XCODE8/X64/MdePkg/Library/BaseLib/BaseLib/OUTPUT/BaseLib.lib(DisableCache.obj)
[ 69] /Users/weisiyuan/src/edk2/Build/Clover/RELEASE_XCODE8/X64/MdePkg/Library/BaseLib/BaseLib/OUTPUT/BaseLib.lib(RdRand.obj)
[ 70] /Users/weisiyuan/src/edk2/Build/Clover/RELEASE_XCODE8/X64/MdePkg/Library/BaseLib/BaseLib/OUTPUT/BaseLib.lib(ChkStkGcc.obj)
[ 71] /Users/weisiyuan/src/edk2/Build/Clover/RELEASE_XCODE8/X64/MdePkg/Library/BaseDebugLibNull/BaseDebugLibNull/OUTPUT/BaseDebugLibNull.lib(DebugLib.obj)
[ 72] /Users/weisiyuan/src/edk2/Build/Clover/RELEASE_XCODE8/X64/MdePkg/Library/BaseMemoryLib/BaseMemoryLib/OUTPUT/BaseMemoryLib.lib(SetMem.obj)
[ 73] /Users/weisiyuan/src/edk2/Build/Clover/RELEASE_XCODE8/X64/MdePkg/Library/BaseMemoryLib/BaseMemoryLib/OUTPUT/BaseMemoryLib.lib(ScanMem64Wrapper.obj)
[ 74] /Users/weisiyuan/src/edk2/Build/Clover/RELEASE_XCODE8/X64/MdePkg/Library/BaseMemoryLib/BaseMemoryLib/OUTPUT/BaseMemoryLib.lib(ScanMem32Wrapper.obj)
[ 75] /Users/weisiyuan/src/edk2/Build/Clover/RELEASE_XCODE8/X64/MdePkg/Library/BaseMemoryLib/BaseMemoryLib/OUTPUT/BaseMemoryLib.lib(ScanMem16Wrapper.obj)
[ 76] /Users/weisiyuan/src/edk2/Build/Clover/RELEASE_XCODE8/X64/MdePkg/Library/BaseMemoryLib/BaseMemoryLib/OUTPUT/BaseMemoryLib.lib(ScanMem8Wrapper.obj)
[ 77] /Users/weisiyuan/src/edk2/Build/Clover/RELEASE_XCODE8/X64/MdePkg/Library/BaseMemoryLib/BaseMemoryLib/OUTPUT/BaseMemoryLib.lib(ZeroMemWrapper.obj)
[ 78] /Users/weisiyuan/src/edk2/Build/Clover/RELEASE_XCODE8/X64/MdePkg/Library/BaseMemoryLib/BaseMemoryLib/OUTPUT/BaseMemoryLib.lib(CompareMemWrapper.obj)
[ 79] /Users/weisiyuan/src/edk2/Build/Clover/RELEASE_XCODE8/X64/MdePkg/Library/BaseMemoryLib/BaseMemoryLib/OUTPUT/BaseMemoryLib.lib(SetMem64Wrapper.obj)
[ 80] /Users/weisiyuan/src/edk2/Build/Clover/RELEASE_XCODE8/X64/MdePkg/Library/BaseMemoryLib/BaseMemoryLib/OUTPUT/BaseMemoryLib.lib(SetMem32Wrapper.obj)
[ 81] /Users/weisiyuan/src/edk2/Build/Clover/RELEASE_XCODE8/X64/MdePkg/Library/BaseMemoryLib/BaseMemoryLib/OUTPUT/BaseMemoryLib.lib(SetMem16Wrapper.obj)
[ 82] /Users/weisiyuan/src/edk2/Build/Clover/RELEASE_XCODE8/X64/MdePkg/Library/BaseMemoryLib/BaseMemoryLib/OUTPUT/BaseMemoryLib.lib(SetMemWrapper.obj)
[ 83] /Users/weisiyuan/src/edk2/Build/Clover/RELEASE_XCODE8/X64/MdePkg/Library/BaseMemoryLib/BaseMemoryLib/OUTPUT/BaseMemoryLib.lib(CopyMemWrapper.obj)
[ 84] /Users/weisiyuan/src/edk2/Build/Clover/RELEASE_XCODE8/X64/MdePkg/Library/BaseMemoryLib/BaseMemoryLib/OUTPUT/BaseMemoryLib.lib(IsZeroBufferWrapper.obj)
[ 85] /Users/weisiyuan/src/edk2/Build/Clover/RELEASE_XCODE8/X64/MdePkg/Library/BaseMemoryLib/BaseMemoryLib/OUTPUT/BaseMemoryLib.lib(MemLibGeneric.obj)
[ 86] /Users/weisiyuan/src/edk2/Build/Clover/RELEASE_XCODE8/X64/MdePkg/Library/BaseMemoryLib/BaseMemoryLib/OUTPUT/BaseMemoryLib.lib(MemLibGuid.obj)
[ 87] /Users/weisiyuan/src/edk2/Build/Clover/RELEASE_XCODE8/X64/MdePkg/Library/BaseMemoryLib/BaseMemoryLib/OUTPUT/BaseMemoryLib.lib(CopyMem.obj)
[ 88] /Users/weisiyuan/src/edk2/Build/Clover/RELEASE_XCODE8/X64/MdePkg/Library/UefiBootServicesTableLib/UefiBootServicesTableLib/OUTPUT/UefiBootServicesTableLib.lib(UefiBootServicesTableLib.obj)
[ 89] /Users/weisiyuan/src/edk2/Build/Clover/RELEASE_XCODE8/X64/MdePkg/Library/BasePrintLib/BasePrintLib/OUTPUT/BasePrintLib.lib(PrintLibInternal.obj)
[ 90] /Users/weisiyuan/src/edk2/Build/Clover/RELEASE_XCODE8/X64/MdePkg/Library/BasePrintLib/BasePrintLib/OUTPUT/BasePrintLib.lib(PrintLib.obj)
[ 91] /Users/weisiyuan/src/edk2/Build/Clover/RELEASE_XCODE8/X64/MdePkg/Library/UefiMemoryAllocationLib/UefiMemoryAllocationLib/OUTPUT/UefiMemoryAllocationLib.lib(MemoryAllocationLib.obj)
[ 92] /Users/weisiyuan/src/edk2/Build/Clover/RELEASE_XCODE8/X64/MdePkg/Library/UefiRuntimeServicesTableLib/UefiRuntimeServicesTableLib/OUTPUT/UefiRuntimeServicesTableLib.lib(UefiRuntimeServicesTableLib.obj)
[ 93] /Users/weisiyuan/src/edk2/Build/Clover/RELEASE_XCODE8/X64/MdePkg/Library/UefiDevicePathLib/UefiDevicePathLib/OUTPUT/UefiDevicePathLib.lib(DevicePathUtilities.obj)
[ 94] /Users/weisiyuan/src/edk2/Build/Clover/RELEASE_XCODE8/X64/MdePkg/Library/UefiDevicePathLib/UefiDevicePathLib/OUTPUT/UefiDevicePathLib.lib(DevicePathToText.obj)
[ 95] /Users/weisiyuan/src/edk2/Build/Clover/RELEASE_XCODE8/X64/MdePkg/Library/UefiDevicePathLib/UefiDevicePathLib/OUTPUT/UefiDevicePathLib.lib(DevicePathFromText.obj)
[ 96] /Users/weisiyuan/src/edk2/Build/Clover/RELEASE_XCODE8/X64/MdePkg/Library/UefiDevicePathLib/UefiDevicePathLib/OUTPUT/UefiDevicePathLib.lib(UefiDevicePathLib.obj)
[ 97] /Users/weisiyuan/src/edk2/Build/Clover/RELEASE_XCODE8/X64/MdePkg/Library/UefiScsiLib/UefiScsiLib/OUTPUT/UefiScsiLib.lib(UefiScsiLib.obj)
[ 98] /Users/weisiyuan/src/edk2/Build/Clover/RELEASE_XCODE8/X64/MdePkg/Library/UefiLib/UefiLib/OUTPUT/UefiLib.lib(UefiLibPrint.obj)
[ 99] /Users/weisiyuan/src/edk2/Build/Clover/RELEASE_XCODE8/X64/MdePkg/Library/UefiLib/UefiLib/OUTPUT/UefiLib.lib(UefiNotTiano.obj)
[100] /Users/weisiyuan/src/edk2/Build/Clover/RELEASE_XCODE8/X64/MdePkg/Library/UefiLib/UefiLib/OUTPUT/UefiLib.lib(UefiDriverModel.obj)
[101] /Users/weisiyuan/src/edk2/Build/Clover/RELEASE_XCODE8/X64/MdePkg/Library/UefiLib/UefiLib/OUTPUT/UefiLib.lib(Console.obj)
[102] /Users/weisiyuan/src/edk2/Build/Clover/RELEASE_XCODE8/X64/MdePkg/Library/UefiLib/UefiLib/OUTPUT/UefiLib.lib(UefiLib.obj)
[103] /Users/weisiyuan/src/edk2/Build/Clover/RELEASE_XCODE8/X64/MdePkg/Library/UefiLib/UefiLib/OUTPUT/UefiLib.lib(Acpi.obj)
[104] /Users/weisiyuan/src/edk2/Build/Clover/RELEASE_XCODE8/X64/MdePkg/Library/UefiDriverEntryPoint/UefiDriverEntryPoint/OUTPUT/UefiDriverEntryPoint.lib(DriverEntryPoint.obj)
[105] /Users/weisiyuan/src/edk2/Build/Clover/RELEASE_XCODE8/X64/Clover/Drivers/DVDDisk/ScsiDiskDxe/OUTPUT/ScsiDisk.lib(ComponentName.obj)
[106] /Users/weisiyuan/src/edk2/Build/Clover/RELEASE_XCODE8/X64/Clover/Drivers/DVDDisk/ScsiDiskDxe/OUTPUT/ScsiDisk.lib(ScsiDisk.obj)
[107] /Users/weisiyuan/src/edk2/Build/Clover/RELEASE_XCODE8/X64/Clover/Drivers/DVDDisk/ScsiDiskDxe/OUTPUT/ScsiDisk.lib(AutoGen.obj)
# Sections:
# Address	Size    	Segment	Section
0x00000240	0x0000429E	__TEXT	__text
0x000044DE	0x0000000E	__TEXT	__cstring
0x000044EC	0x00000048	__TEXT	__ustring
0x00004534	0x0000000D	__TEXT	__const
0x00004560	0x00000190	__DATA	__data
0x000046F0	0x00000020	__DATA	__common
# Symbols:
# Address	Size    	File  Name
0x00000240	0x00000000	[  0] ___dso_handle
0x00000240	0x0000000A	[  4] _SwapBytes64
0x0000024A	0x0000002F	[  5] _SwapBytes32
0x00000279	0x0000000C	[  6] _SwapBytes16
0x00000285	0x00000006	[  8] _InternalAssertJumpBuffer
0x0000028B	0x0000000A	[ 13] _MultU64x32
0x00000295	0x0000000A	[ 16] _LShiftU64
0x0000029F	0x0000003C	[ 35] _StrSize
0x000002DB	0x00000039	[ 35] _AsciiStrSize
0x00000314	0x000000B6	[ 35] _AsciiStrnCmp
0x000003D0	0x00000000	[ 37] SavedGdt
0x000003D0	0x0000000A	[ 37] _m16Start
0x000003DA	0x00000008	[ 37] _BackFromUserCode
0x000003E2	0x00000014	[ 37] _BackFromUserCode.Base
0x000003F6	0x0000000D	[ 37] _BackFromUserCode.ThunkAttrEnd
0x00000403	0x0000000B	[ 37] _BackFromUserCode.1
0x0000040E	0x00000036	[ 37] _BackFromUserCode.2
0x00000444	0x0000001C	[ 37] _BackFromUserCode.SavedCr4End
0x00000460	0x0000000B	[ 37] _BackFromUserCode.SavedCr0End
0x0000046B	0x0000000B	[ 37] _BackFromUserCode.X64JmpEnd
0x00000476	0x00000002	[ 37] _BackFromUserCode.SavedSpEnd
0x00000478	0x00000006	[ 37] _EntryPoint
0x0000047E	0x00000002	[ 37] _16Gdtr
0x00000480	0x00000008	[ 37] _16GdtrBase
0x00000488	0x00000006	[ 37] _16Idtr
0x0000048E	0x00000028	[ 37] _ToUserCode
0x000004B6	0x0000000F	[ 37] _ToUserCode.Base
0x000004C5	0x0000001B	[ 37] _ToUserCode.RealMode
0x000004E0	0x00000008	[ 37] _NullSeg
0x000004E8	0x00000008	[ 37] _16Code
0x000004F0	0x00000008	[ 37] _16Data
0x000004F8	0x00000008	[ 37] _32Data
0x00000500	0x000000B4	[ 37] _InternalAsmThunk16
0x000005B4	0x00000020	[ 37] _InternalAsmThunk16.RetFromRealMode
0x000005D4	0x00000006	[ 38] _AsmWriteTr
0x000005DA	0x00000004	[ 39] _AsmLfence
0x000005DE	0x0000000E	[ 41] _InternalMathLShiftU64
0x000005EC	0x00000033	[ 41] _InternalMathSwapBytes64
0x0000061F	0x0000000C	[ 41] _InternalMathMultU64x32
0x0000062B	0x00000009	[ 42] _ReadUnaligned16
0x00000634	0x0000000B	[ 42] _WriteUnaligned16
0x0000063F	0x0000000D	[ 42] _ReadUnaligned24
0x0000064C	0x0000000A	[ 42] _WriteUnaligned32
0x00000656	0x00000009	[ 42] _ReadUnaligned64
0x0000065F	0x0000000C	[ 42] _WriteUnaligned64
0x0000066B	0x0000000F	[ 60] _InternalSwitchStack
0x0000067A	0x00000043	[ 61] _SetJump
0x000006BD	0x0000007F	[ 61] CetDone
0x0000073C	0x00000030	[ 62] _InternalLongJump
0x0000076C	0x0000007C	[ 62] CetDone
0x000007E8	0x00000003	[ 63] _EnableDisableInterrupts
0x000007EB	0x0000003A	[ 64] _InternalX86DisablePaging64
0x00000825	0x00000027	[ 64] _InternalX86DisablePaging64.0
0x0000084C	0x00000000	[ 64] mTransitionEnd
0x0000084C	0x0000000F	[ 65] _AsmCpuid
0x0000085B	0x00000005	[ 65] _AsmCpuid.0
0x00000860	0x00000007	[ 65] _AsmCpuid.1
0x00000867	0x00000009	[ 65] _AsmCpuid.2
0x00000870	0x00000003	[ 65] _AsmCpuid.3
0x00000873	0x00000015	[ 66] _AsmCpuidEx
0x00000888	0x00000007	[ 66] _AsmCpuidEx.0
0x0000088F	0x00000007	[ 66] _AsmCpuidEx.1
0x00000896	0x00000009	[ 66] _AsmCpuidEx.2
0x0000089F	0x00000003	[ 66] _AsmCpuidEx.3
0x000008A2	0x00000013	[ 67] _AsmEnableCache
0x000008B5	0x00000013	[ 68] _AsmDisableCache
0x000008C8	0x00000009	[ 69] _InternalX86RdRand16
0x000008D1	0x00000009	[ 69] rn16_ok
0x000008DA	0x00000009	[ 69] _InternalX86RdRand32
0x000008E3	0x00000008	[ 69] rn32_ok
0x000008EB	0x0000000A	[ 69] _InternalX86RdRand64
0x000008F5	0x00000009	[ 69] rn64_ok
0x000008FE	0x000000E8	[ 72] _InternalMemSetMem
0x000009E6	0x00000014	[ 77] _ZeroMem
0x000009FA	0x00000019	[ 83] _CopyMem
0x00000A13	0x0000000D	[ 85] _InternalMemZeroMem
0x00000A20	0x00000048	[ 86] _CopyGuid
0x00000A68	0x00000055	[ 86] _CompareGuid
0x00000ABD	0x000001E2	[ 87] _InternalMemCopyMem
0x00000C9F	0x00000021	[ 88] _UefiBootServicesTableLibConstructor
0x00000CC0	0x0000011D	[ 91] _InternalAllocateAlignedPages
0x00000DDD	0x00000097	[ 91] _AllocateAlignedPages
0x00000E74	0x0000001E	[ 91] _FreeAlignedPages
0x00000E92	0x0000003D	[ 91] _AllocatePool
0x00000ECF	0x0000003B	[ 91] _InternalAllocateZeroPool
0x00000F0A	0x00000097	[ 91] _AllocateZeroPool
0x00000FA1	0x00000053	[ 91] _InternalAllocateCopyPool
0x00000FF4	0x00000097	[ 91] _AllocateCopyPool
0x0000108B	0x00000016	[ 91] _FreePool
0x000010A1	0x00000013	[ 92] _UefiRuntimeServicesTableLibConstructor
0x000010B4	0x00000016	[ 93] _IsDevicePathEnd
0x000010CA	0x00000008	[ 93] _DevicePathType
0x000010D2	0x00000009	[ 93] _DevicePathSubType
0x000010DB	0x00000022	[ 93] _NextDevicePathNode
0x000010FD	0x0000009E	[ 97] _ScsiTestUnitReadyCommand
0x0000119B	0x000000D6	[ 97] _ScsiInquiryCommandEx
0x00001271	0x0000004A	[ 97] _ScsiInquiryCommand
0x000012BB	0x000000A2	[ 97] _ScsiRequestSenseCommand
0x0000135D	0x000000C9	[ 97] _ScsiReadCapacityCommand
0x00001426	0x000000D5	[ 97] _ScsiReadCapacity16Command
0x000014FB	0x000000D9	[ 97] _ScsiRead10Command
0x000015D4	0x000000D9	[ 97] _ScsiWrite10Command
0x000016AD	0x000000DE	[ 97] _ScsiRead16Command
0x0000178B	0x000000DE	[ 97] _ScsiWrite16Command
0x00001869	0x000000C4	[100] _EfiLibInstallDriverBindingComponentName2
0x0000192D	0x00000008	[102] _UefiLibConstructor
0x00001935	0x0000007F	[102] _EfiTestManagedDevice
0x000019B4	0x0000007D	[102] _EfiTestChildHandle
0x00001A31	0x0000015A	[102] _LookupUnicodeString2
0x00001B8B	0x00000204	[102] _AddUnicodeString2
0x00001D8F	0x0000004F	[102] _FreeUnicodeStringTable
0x00001DDE	0x00000034	[104] __DriverUnloadHandler
0x00001E12	0x00000096	[104] __ModuleEntryPoint
0x00001EA8	0x0000003A	[105] _ScsiDiskComponentNameGetDriverName
0x00001EE2	0x000000AB	[105] _ScsiDiskComponentNameGetControllerName
0x00001F8D	0x00000098	[106] _ScsiDiskDriverBindingSupported
0x00002025	0x0000039D	[106] _ScsiDiskDriverBindingStart
0x000023C2	0x0000013A	[106] _ScsiDiskDriverBindingStop
0x000024FC	0x00000044	[106] _ScsiDiskInfoInquiry
0x00002540	0x00000069	[106] _ScsiDiskInfoIdentify
0x000025A9	0x00000010	[106] _ScsiDiskInfoSenseData
0x000025B9	0x00000045	[106] _ScsiDiskInfoWhichIde
0x000025FE	0x00000035	[106] _InitializeScsiDisk
0x00002633	0x0000006D	[106] _ScsiDiskReset
0x000026A0	0x000001C6	[106] _ScsiDiskReadBlocks
0x00002866	0x000001CA	[106] _ScsiDiskWriteBlocks
0x00002A30	0x00000008	[106] _ScsiDiskFlushBlocks
0x00002A38	0x0000032A	[106] _ScsiDiskInquiryDevice
0x00002D62	0x00000291	[106] _ScsiDiskDetectMedia
0x00002FF3	0x00000054	[106] _DetermineInstallBlockIo
0x00003047	0x0000012B	[106] _InitializeInstallDiskInfo
0x00003172	0x00000053	[106] _ReleaseScsiDiskDeviceResources
0x000031C5	0x00000144	[106] _ScsiDiskReadSectors
0x00003309	0x00000144	[106] _ScsiDiskWriteSectors
0x0000344D	0x0000012B	[106] _ScsiDiskTestUnitReady
0x00003578	0x000001B5	[106] _DetectMediaParsingSenseKeys
0x0000372D	0x000002BC	[106] _ScsiDiskReadCapacity
0x000039E9	0x00000195	[106] _ScsiDiskRequestSenseKeys
0x00003B7E	0x00000059	[106] _ScsiDiskIsMediaError
0x00003BD7	0x000000B0	[106] _GetMediaInfo
0x00003C87	0x000001B7	[106] _ScsiDiskRead10
0x00003E3E	0x000001B9	[106] _ScsiDiskRead16
0x00003FF7	0x000001B7	[106] _ScsiDiskWrite10
0x000041AE	0x000001B9	[106] _ScsiDiskWrite16
0x00004367	0x000000BF	[106] _GetParentProtocol
0x00004426	0x0000006E	[106] _AtapiIdentifyDevice
0x00004494	0x00000032	[107] _ProcessLibraryConstructorList
0x000044C6	0x00000006	[107] _ProcessLibraryDestructorList
0x000044CC	0x0000000A	[107] _ProcessModuleEntryPointList
0x000044D6	0x00000008	[107] _ProcessModuleUnloadList
0x000044DE	0x00000004	[105] literal string: eng
0x000044E2	0x00000003	[105] literal string: en
0x000044E5	0x00000007	[105] literal string: eng;en
0x000044EC	0x00000028	[105] l_.str.3
0x00004514	0x00000020	[106] l_.str.1
0x00004534	0x00000004	[107] __gPcd_FixedAtBuild_PcdControlFlowEnforcementPropertyMask
0x00004539	0x00000001	[107] __gPcd_FixedAtBuild_PcdComponentNameDisable
0x0000453B	0x00000001	[107] __gPcd_FixedAtBuild_PcdComponentName2Disable
0x0000453C	0x00000004	[107] __gUefiDriverRevision
0x00004540	0x00000001	[107] __gDriverUnloadImageCount
0x00004560	0x00000002	[ 37] _m16Size
0x00004562	0x00000002	[ 37] _mThunk16Attr
0x00004564	0x00000002	[ 37] _m16Gdt
0x00004566	0x00000002	[ 37] _m16GdtrBase
0x00004568	0x00000002	[ 37] _mTransition
0x00004570	0x00000018	[105] _gScsiDiskComponentName
0x00004588	0x00000018	[105] _gScsiDiskComponentName2
0x000045A0	0x00000020	[105] _mScsiDiskDriverNameTable
0x000045C0	0x00000030	[106] _gScsiDiskDriverBinding
0x000045F0	0x00000030	[106] _gScsiDiskInfoProtocolTemplate
0x00004620	0x00000010	[107] _gEfiDiskInfoScsiInterfaceGuid
0x00004630	0x00000010	[107] _gEfiDiskInfoIdeInterfaceGuid
0x00004640	0x00000010	[107] _gEfiDiskInfoAhciInterfaceGuid
0x00004650	0x00000010	[107] _gEfiDiskInfoProtocolGuid
0x00004660	0x00000010	[107] _gEfiBlockIoProtocolGuid
0x00004670	0x00000010	[107] _gEfiScsiIoProtocolGuid
0x00004680	0x00000010	[107] _gEfiScsiPassThruProtocolGuid
0x00004690	0x00000010	[107] _gEfiExtScsiPassThruProtocolGuid
0x000046A0	0x00000010	[107] _gEfiDevicePathProtocolGuid
0x000046B0	0x00000010	[107] _gEfiDriverBindingProtocolGuid
0x000046C0	0x00000010	[107] _gEfiComponentNameProtocolGuid
0x000046D0	0x00000010	[107] _gEfiComponentName2ProtocolGuid
0x000046E0	0x00000010	[107] _gEfiLoadedImageProtocolGuid
0x000046F0	0x00000008	[ 88] _gImageHandle
0x000046F8	0x00000008	[ 88] _gST
0x00004700	0x00000008	[ 88] _gBS
0x00004708	0x00000008	[ 92] _gRT
