# Path: /Users/weisiyuan/src/edk2/Build/Clover/RELEASE_XCODE8/X64/Clover/CloverEFI/CpuDxe/Cpu/DEBUG/Cpu.dll
# Arch: x86_64
# Object files:
[  0] linker synthesized
[  1] /Users/weisiyuan/src/edk2/Build/Clover/RELEASE_XCODE8/X64/MdePkg/Library/BasePcdLibNull/BasePcdLibNull/OUTPUT/BasePcdLibNull.lib(PcdLib.obj)
[  2] /Users/weisiyuan/src/edk2/Build/Clover/RELEASE_XCODE8/X64/MdePkg/Library/BaseLib/BaseLib/OUTPUT/BaseLib.lib(CheckSum.obj)
[  3] /Users/weisiyuan/src/edk2/Build/Clover/RELEASE_XCODE8/X64/MdePkg/Library/BaseLib/BaseLib/OUTPUT/BaseLib.lib(SwitchStack.obj)
[  4] /Users/weisiyuan/src/edk2/Build/Clover/RELEASE_XCODE8/X64/MdePkg/Library/BaseLib/BaseLib/OUTPUT/BaseLib.lib(SwapBytes64.obj)
[  5] /Users/weisiyuan/src/edk2/Build/Clover/RELEASE_XCODE8/X64/MdePkg/Library/BaseLib/BaseLib/OUTPUT/BaseLib.lib(SwapBytes32.obj)
[  6] /Users/weisiyuan/src/edk2/Build/Clover/RELEASE_XCODE8/X64/MdePkg/Library/BaseLib/BaseLib/OUTPUT/BaseLib.lib(SwapBytes16.obj)
[  7] /Users/weisiyuan/src/edk2/Build/Clover/RELEASE_XCODE8/X64/MdePkg/Library/BaseLib/BaseLib/OUTPUT/BaseLib.lib(LongJump.obj)
[  8] /Users/weisiyuan/src/edk2/Build/Clover/RELEASE_XCODE8/X64/MdePkg/Library/BaseLib/BaseLib/OUTPUT/BaseLib.lib(SetJump.obj)
[  9] /Users/weisiyuan/src/edk2/Build/Clover/RELEASE_XCODE8/X64/MdePkg/Library/BaseLib/BaseLib/OUTPUT/BaseLib.lib(RShiftU64.obj)
[ 10] /Users/weisiyuan/src/edk2/Build/Clover/RELEASE_XCODE8/X64/MdePkg/Library/BaseLib/BaseLib/OUTPUT/BaseLib.lib(RRotU64.obj)
[ 11] /Users/weisiyuan/src/edk2/Build/Clover/RELEASE_XCODE8/X64/MdePkg/Library/BaseLib/BaseLib/OUTPUT/BaseLib.lib(RRotU32.obj)
[ 12] /Users/weisiyuan/src/edk2/Build/Clover/RELEASE_XCODE8/X64/MdePkg/Library/BaseLib/BaseLib/OUTPUT/BaseLib.lib(MultU64x64.obj)
[ 13] /Users/weisiyuan/src/edk2/Build/Clover/RELEASE_XCODE8/X64/MdePkg/Library/BaseLib/BaseLib/OUTPUT/BaseLib.lib(MultU64x32.obj)
[ 14] /Users/weisiyuan/src/edk2/Build/Clover/RELEASE_XCODE8/X64/MdePkg/Library/BaseLib/BaseLib/OUTPUT/BaseLib.lib(MultS64x64.obj)
[ 15] /Users/weisiyuan/src/edk2/Build/Clover/RELEASE_XCODE8/X64/MdePkg/Library/BaseLib/BaseLib/OUTPUT/BaseLib.lib(ModU64x32.obj)
[ 16] /Users/weisiyuan/src/edk2/Build/Clover/RELEASE_XCODE8/X64/MdePkg/Library/BaseLib/BaseLib/OUTPUT/BaseLib.lib(LShiftU64.obj)
[ 17] /Users/weisiyuan/src/edk2/Build/Clover/RELEASE_XCODE8/X64/MdePkg/Library/BaseLib/BaseLib/OUTPUT/BaseLib.lib(LRotU64.obj)
[ 18] /Users/weisiyuan/src/edk2/Build/Clover/RELEASE_XCODE8/X64/MdePkg/Library/BaseLib/BaseLib/OUTPUT/BaseLib.lib(LRotU32.obj)
[ 19] /Users/weisiyuan/src/edk2/Build/Clover/RELEASE_XCODE8/X64/MdePkg/Library/BaseLib/BaseLib/OUTPUT/BaseLib.lib(LowBitSet64.obj)
[ 20] /Users/weisiyuan/src/edk2/Build/Clover/RELEASE_XCODE8/X64/MdePkg/Library/BaseLib/BaseLib/OUTPUT/BaseLib.lib(LowBitSet32.obj)
[ 21] /Users/weisiyuan/src/edk2/Build/Clover/RELEASE_XCODE8/X64/MdePkg/Library/BaseLib/BaseLib/OUTPUT/BaseLib.lib(HighBitSet64.obj)
[ 22] /Users/weisiyuan/src/edk2/Build/Clover/RELEASE_XCODE8/X64/MdePkg/Library/BaseLib/BaseLib/OUTPUT/BaseLib.lib(HighBitSet32.obj)
[ 23] /Users/weisiyuan/src/edk2/Build/Clover/RELEASE_XCODE8/X64/MdePkg/Library/BaseLib/BaseLib/OUTPUT/BaseLib.lib(GetPowerOfTwo64.obj)
[ 24] /Users/weisiyuan/src/edk2/Build/Clover/RELEASE_XCODE8/X64/MdePkg/Library/BaseLib/BaseLib/OUTPUT/BaseLib.lib(GetPowerOfTwo32.obj)
[ 25] /Users/weisiyuan/src/edk2/Build/Clover/RELEASE_XCODE8/X64/MdePkg/Library/BaseLib/BaseLib/OUTPUT/BaseLib.lib(DivU64x64Remainder.obj)
[ 26] /Users/weisiyuan/src/edk2/Build/Clover/RELEASE_XCODE8/X64/MdePkg/Library/BaseLib/BaseLib/OUTPUT/BaseLib.lib(DivU64x32Remainder.obj)
[ 27] /Users/weisiyuan/src/edk2/Build/Clover/RELEASE_XCODE8/X64/MdePkg/Library/BaseLib/BaseLib/OUTPUT/BaseLib.lib(DivU64x32.obj)
[ 28] /Users/weisiyuan/src/edk2/Build/Clover/RELEASE_XCODE8/X64/MdePkg/Library/BaseLib/BaseLib/OUTPUT/BaseLib.lib(DivS64x64Remainder.obj)
[ 29] /Users/weisiyuan/src/edk2/Build/Clover/RELEASE_XCODE8/X64/MdePkg/Library/BaseLib/BaseLib/OUTPUT/BaseLib.lib(ARShiftU64.obj)
[ 30] /Users/weisiyuan/src/edk2/Build/Clover/RELEASE_XCODE8/X64/MdePkg/Library/BaseLib/BaseLib/OUTPUT/BaseLib.lib(BitField.obj)
[ 31] /Users/weisiyuan/src/edk2/Build/Clover/RELEASE_XCODE8/X64/MdePkg/Library/BaseLib/BaseLib/OUTPUT/BaseLib.lib(CpuDeadLoop.obj)
[ 32] /Users/weisiyuan/src/edk2/Build/Clover/RELEASE_XCODE8/X64/MdePkg/Library/BaseLib/BaseLib/OUTPUT/BaseLib.lib(Cpu.obj)
[ 33] /Users/weisiyuan/src/edk2/Build/Clover/RELEASE_XCODE8/X64/MdePkg/Library/BaseLib/BaseLib/OUTPUT/BaseLib.lib(LinkedList.obj)
[ 34] /Users/weisiyuan/src/edk2/Build/Clover/RELEASE_XCODE8/X64/MdePkg/Library/BaseLib/BaseLib/OUTPUT/BaseLib.lib(SafeString.obj)
[ 35] /Users/weisiyuan/src/edk2/Build/Clover/RELEASE_XCODE8/X64/MdePkg/Library/BaseLib/BaseLib/OUTPUT/BaseLib.lib(String.obj)
[ 36] /Users/weisiyuan/src/edk2/Build/Clover/RELEASE_XCODE8/X64/MdePkg/Library/BaseLib/BaseLib/OUTPUT/BaseLib.lib(FilePaths.obj)
[ 37] /Users/weisiyuan/src/edk2/Build/Clover/RELEASE_XCODE8/X64/MdePkg/Library/BaseLib/BaseLib/OUTPUT/BaseLib.lib(Thunk16.obj)
[ 38] /Users/weisiyuan/src/edk2/Build/Clover/RELEASE_XCODE8/X64/MdePkg/Library/BaseLib/BaseLib/OUTPUT/BaseLib.lib(WriteTr.obj)
[ 39] /Users/weisiyuan/src/edk2/Build/Clover/RELEASE_XCODE8/X64/MdePkg/Library/BaseLib/BaseLib/OUTPUT/BaseLib.lib(Lfence.obj)
[ 40] /Users/weisiyuan/src/edk2/Build/Clover/RELEASE_XCODE8/X64/MdePkg/Library/BaseLib/BaseLib/OUTPUT/BaseLib.lib(Non-existing.obj)
[ 41] /Users/weisiyuan/src/edk2/Build/Clover/RELEASE_XCODE8/X64/MdePkg/Library/BaseLib/BaseLib/OUTPUT/BaseLib.lib(Math64.obj)
[ 42] /Users/weisiyuan/src/edk2/Build/Clover/RELEASE_XCODE8/X64/MdePkg/Library/BaseLib/BaseLib/OUTPUT/BaseLib.lib(Unaligned.obj)
[ 43] /Users/weisiyuan/src/edk2/Build/Clover/RELEASE_XCODE8/X64/MdePkg/Library/BaseLib/BaseLib/OUTPUT/BaseLib.lib(X86WriteIdtr.obj)
[ 44] /Users/weisiyuan/src/edk2/Build/Clover/RELEASE_XCODE8/X64/MdePkg/Library/BaseLib/BaseLib/OUTPUT/BaseLib.lib(X86WriteGdtr.obj)
[ 45] /Users/weisiyuan/src/edk2/Build/Clover/RELEASE_XCODE8/X64/MdePkg/Library/BaseLib/BaseLib/OUTPUT/BaseLib.lib(X86Thunk.obj)
[ 46] /Users/weisiyuan/src/edk2/Build/Clover/RELEASE_XCODE8/X64/MdePkg/Library/BaseLib/BaseLib/OUTPUT/BaseLib.lib(X86ReadIdtr.obj)
[ 47] /Users/weisiyuan/src/edk2/Build/Clover/RELEASE_XCODE8/X64/MdePkg/Library/BaseLib/BaseLib/OUTPUT/BaseLib.lib(X86ReadGdtr.obj)
[ 48] /Users/weisiyuan/src/edk2/Build/Clover/RELEASE_XCODE8/X64/MdePkg/Library/BaseLib/BaseLib/OUTPUT/BaseLib.lib(X86Msr.obj)
[ 49] /Users/weisiyuan/src/edk2/Build/Clover/RELEASE_XCODE8/X64/MdePkg/Library/BaseLib/BaseLib/OUTPUT/BaseLib.lib(X86GetInterruptState.obj)
[ 50] /Users/weisiyuan/src/edk2/Build/Clover/RELEASE_XCODE8/X64/MdePkg/Library/BaseLib/BaseLib/OUTPUT/BaseLib.lib(X86FxSave.obj)
[ 51] /Users/weisiyuan/src/edk2/Build/Clover/RELEASE_XCODE8/X64/MdePkg/Library/BaseLib/BaseLib/OUTPUT/BaseLib.lib(X86FxRestore.obj)
[ 52] /Users/weisiyuan/src/edk2/Build/Clover/RELEASE_XCODE8/X64/MdePkg/Library/BaseLib/BaseLib/OUTPUT/BaseLib.lib(X86EnablePaging64.obj)
[ 53] /Users/weisiyuan/src/edk2/Build/Clover/RELEASE_XCODE8/X64/MdePkg/Library/BaseLib/BaseLib/OUTPUT/BaseLib.lib(X86EnablePaging32.obj)
[ 54] /Users/weisiyuan/src/edk2/Build/Clover/RELEASE_XCODE8/X64/MdePkg/Library/BaseLib/BaseLib/OUTPUT/BaseLib.lib(X86DisablePaging64.obj)
[ 55] /Users/weisiyuan/src/edk2/Build/Clover/RELEASE_XCODE8/X64/MdePkg/Library/BaseLib/BaseLib/OUTPUT/BaseLib.lib(X86DisablePaging32.obj)
[ 56] /Users/weisiyuan/src/edk2/Build/Clover/RELEASE_XCODE8/X64/MdePkg/Library/BaseLib/BaseLib/OUTPUT/BaseLib.lib(X86RdRand.obj)
[ 57] /Users/weisiyuan/src/edk2/Build/Clover/RELEASE_XCODE8/X64/MdePkg/Library/BaseLib/BaseLib/OUTPUT/BaseLib.lib(X86PatchInstruction.obj)
[ 58] /Users/weisiyuan/src/edk2/Build/Clover/RELEASE_XCODE8/X64/MdePkg/Library/BaseLib/BaseLib/OUTPUT/BaseLib.lib(X86SpeculationBarrier.obj)
[ 59] /Users/weisiyuan/src/edk2/Build/Clover/RELEASE_XCODE8/X64/MdePkg/Library/BaseLib/BaseLib/OUTPUT/BaseLib.lib(GccInline.obj)
[ 60] /Users/weisiyuan/src/edk2/Build/Clover/RELEASE_XCODE8/X64/MdePkg/Library/BaseLib/BaseLib/OUTPUT/BaseLib.lib(SwitchStack.obj)
[ 61] /Users/weisiyuan/src/edk2/Build/Clover/RELEASE_XCODE8/X64/MdePkg/Library/BaseLib/BaseLib/OUTPUT/BaseLib.lib(SetJump.obj)
[ 62] /Users/weisiyuan/src/edk2/Build/Clover/RELEASE_XCODE8/X64/MdePkg/Library/BaseLib/BaseLib/OUTPUT/BaseLib.lib(LongJump.obj)
[ 63] /Users/weisiyuan/src/edk2/Build/Clover/RELEASE_XCODE8/X64/MdePkg/Library/BaseLib/BaseLib/OUTPUT/BaseLib.lib(EnableDisableInterrupts.obj)
[ 64] /Users/weisiyuan/src/edk2/Build/Clover/RELEASE_XCODE8/X64/MdePkg/Library/BaseLib/BaseLib/OUTPUT/BaseLib.lib(DisablePaging64.obj)
[ 65] /Users/weisiyuan/src/edk2/Build/Clover/RELEASE_XCODE8/X64/MdePkg/Library/BaseLib/BaseLib/OUTPUT/BaseLib.lib(CpuId.obj)
[ 66] /Users/weisiyuan/src/edk2/Build/Clover/RELEASE_XCODE8/X64/MdePkg/Library/BaseLib/BaseLib/OUTPUT/BaseLib.lib(CpuIdEx.obj)
[ 67] /Users/weisiyuan/src/edk2/Build/Clover/RELEASE_XCODE8/X64/MdePkg/Library/BaseLib/BaseLib/OUTPUT/BaseLib.lib(EnableCache.obj)
[ 68] /Users/weisiyuan/src/edk2/Build/Clover/RELEASE_XCODE8/X64/MdePkg/Library/BaseLib/BaseLib/OUTPUT/BaseLib.lib(DisableCache.obj)
[ 69] /Users/weisiyuan/src/edk2/Build/Clover/RELEASE_XCODE8/X64/MdePkg/Library/BaseLib/BaseLib/OUTPUT/BaseLib.lib(RdRand.obj)
[ 70] /Users/weisiyuan/src/edk2/Build/Clover/RELEASE_XCODE8/X64/MdePkg/Library/BaseLib/BaseLib/OUTPUT/BaseLib.lib(ChkStkGcc.obj)
[ 71] /Users/weisiyuan/src/edk2/Build/Clover/RELEASE_XCODE8/X64/MdePkg/Library/BaseDebugLibNull/BaseDebugLibNull/OUTPUT/BaseDebugLibNull.lib(DebugLib.obj)
[ 72] /Users/weisiyuan/src/edk2/Build/Clover/RELEASE_XCODE8/X64/MdePkg/Library/BaseMemoryLib/BaseMemoryLib/OUTPUT/BaseMemoryLib.lib(SetMem.obj)
[ 73] /Users/weisiyuan/src/edk2/Build/Clover/RELEASE_XCODE8/X64/MdePkg/Library/BaseMemoryLib/BaseMemoryLib/OUTPUT/BaseMemoryLib.lib(ScanMem64Wrapper.obj)
[ 74] /Users/weisiyuan/src/edk2/Build/Clover/RELEASE_XCODE8/X64/MdePkg/Library/BaseMemoryLib/BaseMemoryLib/OUTPUT/BaseMemoryLib.lib(ScanMem32Wrapper.obj)
[ 75] /Users/weisiyuan/src/edk2/Build/Clover/RELEASE_XCODE8/X64/MdePkg/Library/BaseMemoryLib/BaseMemoryLib/OUTPUT/BaseMemoryLib.lib(ScanMem16Wrapper.obj)
[ 76] /Users/weisiyuan/src/edk2/Build/Clover/RELEASE_XCODE8/X64/MdePkg/Library/BaseMemoryLib/BaseMemoryLib/OUTPUT/BaseMemoryLib.lib(ScanMem8Wrapper.obj)
[ 77] /Users/weisiyuan/src/edk2/Build/Clover/RELEASE_XCODE8/X64/MdePkg/Library/BaseMemoryLib/BaseMemoryLib/OUTPUT/BaseMemoryLib.lib(ZeroMemWrapper.obj)
[ 78] /Users/weisiyuan/src/edk2/Build/Clover/RELEASE_XCODE8/X64/MdePkg/Library/BaseMemoryLib/BaseMemoryLib/OUTPUT/BaseMemoryLib.lib(CompareMemWrapper.obj)
[ 79] /Users/weisiyuan/src/edk2/Build/Clover/RELEASE_XCODE8/X64/MdePkg/Library/BaseMemoryLib/BaseMemoryLib/OUTPUT/BaseMemoryLib.lib(SetMem64Wrapper.obj)
[ 80] /Users/weisiyuan/src/edk2/Build/Clover/RELEASE_XCODE8/X64/MdePkg/Library/BaseMemoryLib/BaseMemoryLib/OUTPUT/BaseMemoryLib.lib(SetMem32Wrapper.obj)
[ 81] /Users/weisiyuan/src/edk2/Build/Clover/RELEASE_XCODE8/X64/MdePkg/Library/BaseMemoryLib/BaseMemoryLib/OUTPUT/BaseMemoryLib.lib(SetMem16Wrapper.obj)
[ 82] /Users/weisiyuan/src/edk2/Build/Clover/RELEASE_XCODE8/X64/MdePkg/Library/BaseMemoryLib/BaseMemoryLib/OUTPUT/BaseMemoryLib.lib(SetMemWrapper.obj)
[ 83] /Users/weisiyuan/src/edk2/Build/Clover/RELEASE_XCODE8/X64/MdePkg/Library/BaseMemoryLib/BaseMemoryLib/OUTPUT/BaseMemoryLib.lib(CopyMemWrapper.obj)
[ 84] /Users/weisiyuan/src/edk2/Build/Clover/RELEASE_XCODE8/X64/MdePkg/Library/BaseMemoryLib/BaseMemoryLib/OUTPUT/BaseMemoryLib.lib(IsZeroBufferWrapper.obj)
[ 85] /Users/weisiyuan/src/edk2/Build/Clover/RELEASE_XCODE8/X64/MdePkg/Library/BaseMemoryLib/BaseMemoryLib/OUTPUT/BaseMemoryLib.lib(MemLibGeneric.obj)
[ 86] /Users/weisiyuan/src/edk2/Build/Clover/RELEASE_XCODE8/X64/MdePkg/Library/BaseMemoryLib/BaseMemoryLib/OUTPUT/BaseMemoryLib.lib(MemLibGuid.obj)
[ 87] /Users/weisiyuan/src/edk2/Build/Clover/RELEASE_XCODE8/X64/MdePkg/Library/BaseMemoryLib/BaseMemoryLib/OUTPUT/BaseMemoryLib.lib(CopyMem.obj)
[ 88] /Users/weisiyuan/src/edk2/Build/Clover/RELEASE_XCODE8/X64/MdePkg/Library/UefiBootServicesTableLib/UefiBootServicesTableLib/OUTPUT/UefiBootServicesTableLib.lib(UefiBootServicesTableLib.obj)
[ 89] /Users/weisiyuan/src/edk2/Build/Clover/RELEASE_XCODE8/X64/MdePkg/Library/UefiDriverEntryPoint/UefiDriverEntryPoint/OUTPUT/UefiDriverEntryPoint.lib(DriverEntryPoint.obj)
[ 90] /Users/weisiyuan/src/edk2/Build/Clover/RELEASE_XCODE8/X64/MdePkg/Library/BasePrintLib/BasePrintLib/OUTPUT/BasePrintLib.lib(PrintLibInternal.obj)
[ 91] /Users/weisiyuan/src/edk2/Build/Clover/RELEASE_XCODE8/X64/MdePkg/Library/BasePrintLib/BasePrintLib/OUTPUT/BasePrintLib.lib(PrintLib.obj)
[ 92] /Users/weisiyuan/src/edk2/Build/Clover/RELEASE_XCODE8/X64/Clover/CloverEFI/CpuDxe/Cpu/OUTPUT/Cpu.lib(CpuInterrupt.obj)
[ 93] /Users/weisiyuan/src/edk2/Build/Clover/RELEASE_XCODE8/X64/Clover/CloverEFI/CpuDxe/Cpu/OUTPUT/Cpu.lib(Cpu.obj)
[ 94] /Users/weisiyuan/src/edk2/Build/Clover/RELEASE_XCODE8/X64/Clover/CloverEFI/CpuDxe/Cpu/OUTPUT/Cpu.lib(AutoGen.obj)
# Sections:
# Address	Size    	Segment	Section
0x00000240	0x00002C41	__TEXT	__text
0x00002E90	0x00000021	__TEXT	__const
0x00002EB1	0x00000547	__TEXT	__cstring
0x00003400	0x00000138	__DATA	__const
0x00003540	0x00000890	__DATA	__data
0x00003DD0	0x00000068	__DATA	__common
# Symbols:
# Address	Size    	File  Name
0x00000240	0x00000000	[  0] ___dso_handle
0x00000240	0x00000006	[  8] _InternalAssertJumpBuffer
0x00000246	0x0000000A	[ 16] _LShiftU64
0x00000250	0x0000000A	[ 26] _DivU64x32Remainder
0x0000025A	0x0000001A	[ 31] _CpuDeadLoop
0x00000274	0x00000031	[ 34] _StrnLenS
0x000002A5	0x0000002F	[ 34] _AsciiStrnLenS
0x000002D8	0x00000000	[ 37] SavedGdt
0x000002D8	0x0000000A	[ 37] _m16Start
0x000002E2	0x00000008	[ 37] _BackFromUserCode
0x000002EA	0x00000014	[ 37] _BackFromUserCode.Base
0x000002FE	0x0000000D	[ 37] _BackFromUserCode.ThunkAttrEnd
0x0000030B	0x0000000B	[ 37] _BackFromUserCode.1
0x00000316	0x00000036	[ 37] _BackFromUserCode.2
0x0000034C	0x0000001C	[ 37] _BackFromUserCode.SavedCr4End
0x00000368	0x0000000B	[ 37] _BackFromUserCode.SavedCr0End
0x00000373	0x0000000B	[ 37] _BackFromUserCode.X64JmpEnd
0x0000037E	0x00000002	[ 37] _BackFromUserCode.SavedSpEnd
0x00000380	0x00000006	[ 37] _EntryPoint
0x00000386	0x00000002	[ 37] _16Gdtr
0x00000388	0x00000008	[ 37] _16GdtrBase
0x00000390	0x00000006	[ 37] _16Idtr
0x00000396	0x00000028	[ 37] _ToUserCode
0x000003BE	0x0000000F	[ 37] _ToUserCode.Base
0x000003CD	0x0000001B	[ 37] _ToUserCode.RealMode
0x000003E8	0x00000008	[ 37] _NullSeg
0x000003F0	0x00000008	[ 37] _16Code
0x000003F8	0x00000008	[ 37] _16Data
0x00000400	0x00000008	[ 37] _32Data
0x00000408	0x000000B4	[ 37] _InternalAsmThunk16
0x000004BC	0x00000020	[ 37] _InternalAsmThunk16.RetFromRealMode
0x000004DC	0x00000006	[ 38] _AsmWriteTr
0x000004E2	0x00000004	[ 39] _AsmLfence
0x000004E6	0x0000000E	[ 41] _InternalMathLShiftU64
0x000004F4	0x00000023	[ 41] _InternalMathDivRemU64x32
0x00000517	0x00000009	[ 42] _ReadUnaligned16
0x00000520	0x00000008	[ 42] _ReadUnaligned32
0x00000528	0x00000015	[ 45] _AsmGetThunk16Properties
0x0000053D	0x00000095	[ 45] _AsmPrepareThunk16
0x000005D2	0x0000002F	[ 45] _AsmThunk16
0x00000601	0x00000007	[ 59] _EnableInterrupts
0x00000608	0x00000007	[ 59] _DisableInterrupts
0x0000060F	0x00000008	[ 59] _AsmReadEflags
0x00000617	0x00000011	[ 59] _AsmReadTsc
0x00000628	0x00000008	[ 59] _AsmWbinvd
0x00000630	0x00000008	[ 59] _AsmInvd
0x00000638	0x0000000F	[ 60] _InternalSwitchStack
0x00000647	0x00000043	[ 61] _SetJump
0x0000068A	0x0000007F	[ 61] CetDone
0x00000709	0x00000030	[ 62] _InternalLongJump
0x00000739	0x0000007C	[ 62] CetDone
0x000007B5	0x00000003	[ 63] _EnableDisableInterrupts
0x000007B8	0x0000003A	[ 64] _InternalX86DisablePaging64
0x000007F2	0x00000027	[ 64] _InternalX86DisablePaging64.0
0x00000819	0x00000000	[ 64] mTransitionEnd
0x00000819	0x0000000F	[ 65] _AsmCpuid
0x00000828	0x00000005	[ 65] _AsmCpuid.0
0x0000082D	0x00000007	[ 65] _AsmCpuid.1
0x00000834	0x00000009	[ 65] _AsmCpuid.2
0x0000083D	0x00000003	[ 65] _AsmCpuid.3
0x00000840	0x00000015	[ 66] _AsmCpuidEx
0x00000855	0x00000007	[ 66] _AsmCpuidEx.0
0x0000085C	0x00000007	[ 66] _AsmCpuidEx.1
0x00000863	0x00000009	[ 66] _AsmCpuidEx.2
0x0000086C	0x00000003	[ 66] _AsmCpuidEx.3
0x0000086F	0x00000013	[ 67] _AsmEnableCache
0x00000882	0x00000013	[ 68] _AsmDisableCache
0x00000895	0x00000009	[ 69] _InternalX86RdRand16
0x0000089E	0x00000009	[ 69] rn16_ok
0x000008A7	0x00000009	[ 69] _InternalX86RdRand32
0x000008B0	0x00000008	[ 69] rn32_ok
0x000008B8	0x0000000A	[ 69] _InternalX86RdRand64
0x000008C2	0x00000009	[ 69] rn64_ok
0x000008CB	0x000000E8	[ 72] _InternalMemSetMem
0x000009B3	0x00000014	[ 77] _ZeroMem
0x000009C7	0x00000019	[ 83] _CopyMem
0x000009E0	0x0000000D	[ 85] _InternalMemZeroMem
0x000009ED	0x000001E2	[ 87] _InternalMemCopyMem
0x00000BCF	0x00000021	[ 88] _UefiBootServicesTableLibConstructor
0x00000BF0	0x00000034	[ 89] __DriverUnloadHandler
0x00000C24	0x00000096	[ 89] __ModuleEntryPoint
0x00000CBB	0x000010B9	[ 90] _BasePrintLibSPrintMarker
0x00001D74	0x000000AF	[ 90] _BasePrintLibSPrint
0x00001E23	0x000000B7	[ 91] _UnicodeSPrintAsciiFormat
0x00001EDA	0x000000B1	[ 91] _AsciiSPrint
0x00001F8C	0x00000034	[ 92] _InitDescriptor
0x00001FC0	0x00000038	[ 92] _InstallInterruptHandler
0x00001FF8	0x00000000	[ 92] INT0
0x00001FF8	0x00000009	[ 92] _SystemExceptionHandler
0x00002001	0x00000009	[ 92] INT1
0x0000200A	0x00000009	[ 92] INT2
0x00002013	0x00000009	[ 92] INT3
0x0000201C	0x00000009	[ 92] INT4
0x00002025	0x00000009	[ 92] INT5
0x0000202E	0x00000009	[ 92] INT6
0x00002037	0x00000009	[ 92] INT7
0x00002040	0x00000009	[ 92] INT8
0x00002049	0x00000009	[ 92] INT9
0x00002052	0x00000009	[ 92] INT10
0x0000205B	0x00000009	[ 92] INT11
0x00002064	0x00000009	[ 92] INT12
0x0000206D	0x00000009	[ 92] INT13
0x00002076	0x00000009	[ 92] INT14
0x0000207F	0x00000009	[ 92] INT15
0x00002088	0x00000009	[ 92] INT16
0x00002091	0x00000009	[ 92] INT17
0x0000209A	0x00000009	[ 92] INT18
0x000020A3	0x00000009	[ 92] INT19
0x000020AC	0x0000006C	[ 92] INTUnknown
0x00002118	0x00000009	[ 92] _SystemTimerHandler
0x00002121	0x000000CA	[ 92] commonIdtEntry
0x000021EB	0x00000005	[ 92] CallException
0x000021F0	0x00000086	[ 92] ExceptionDone
0x00002276	0x00000033	[ 93] _CpuFlushCpuDataCache
0x000022A9	0x0000001C	[ 93] _CpuEnableInterrupt
0x000022C5	0x0000001C	[ 93] _CpuDisableInterrupt
0x000022E1	0x00000021	[ 93] _CpuGetInterruptState
0x00002302	0x00000068	[ 93] _CpuInit
0x0000236A	0x00000055	[ 93] _CpuRegisterInterruptHandler
0x000023BF	0x00000041	[ 93] _CpuGetTimerValue
0x00002400	0x00000010	[ 93] _CpuSetMemoryAttributes
0x00002410	0x000003B8	[ 93] _DumpExceptionDataVgaOut
0x000027C8	0x000000A2	[ 93] _DumpMemoryVgaOut
0x0000286A	0x00000090	[ 93] _SwitchVideoMode
0x000028FA	0x000001DE	[ 93] _LegacyBiosInt86
0x00002AD8	0x000000B5	[ 93] _ExceptionHandler
0x00002B8D	0x0000001A	[ 93] _TimerHandler
0x00002BA7	0x00000227	[ 93] _InitializeCpu
0x00002DCE	0x00000091	[ 93] _InitializeBiosIntCaller
0x00002E5F	0x0000000A	[ 94] _ProcessLibraryConstructorList
0x00002E69	0x00000006	[ 94] _ProcessLibraryDestructorList
0x00002E6F	0x0000000A	[ 94] _ProcessModuleEntryPointList
0x00002E79	0x00000008	[ 94] _ProcessModuleUnloadList
0x00002E90	0x00000010	[ 90] _mHexStr
0x00002EA0	0x00000004	[ 94] __gPcd_FixedAtBuild_PcdMaximumAsciiStringLength
0x00002EA4	0x00000004	[ 94] __gPcd_FixedAtBuild_PcdMaximumUnicodeStringLength
0x00002EA8	0x00000004	[ 94] __gPcd_FixedAtBuild_PcdControlFlowEnforcementPropertyMask
0x00002EAC	0x00000004	[ 94] __gUefiDriverRevision
0x00002EB0	0x00000001	[ 94] __gDriverUnloadImageCount
0x00002EB1	0x00000008	[ 90] literal string: Success
0x00002EB9	0x00000016	[ 90] literal string: Warning Unknown Glyph
0x00002ECF	0x00000017	[ 90] literal string: Warning Delete Failure
0x00002EE6	0x00000016	[ 90] literal string: Warning Write Failure
0x00002EFC	0x00000019	[ 90] literal string: Warning Buffer Too Small
0x00002F15	0x00000013	[ 90] literal string: Warning Stale Data
0x00002F28	0x0000000B	[ 90] literal string: Load Error
0x00002F33	0x00000012	[ 90] literal string: Invalid Parameter
0x00002F45	0x0000000C	[ 90] literal string: Unsupported
0x00002F51	0x00000010	[ 90] literal string: Bad Buffer Size
0x00002F61	0x00000011	[ 90] literal string: Buffer Too Small
0x00002F72	0x0000000A	[ 90] literal string: Not Ready
0x00002F7C	0x0000000D	[ 90] literal string: Device Error
0x00002F89	0x00000010	[ 90] literal string: Write Protected
0x00002F99	0x00000011	[ 90] literal string: Out of Resources
0x00002FAA	0x0000000F	[ 90] literal string: Volume Corrupt
0x00002FB9	0x0000000C	[ 90] literal string: Volume Full
0x00002FC5	0x00000009	[ 90] literal string: No Media
0x00002FCE	0x0000000E	[ 90] literal string: Media changed
0x00002FDC	0x0000000A	[ 90] literal string: Not Found
0x00002FE6	0x0000000E	[ 90] literal string: Access Denied
0x00002FF4	0x0000000C	[ 90] literal string: No Response
0x00003000	0x0000000B	[ 90] literal string: No mapping
0x0000300B	0x00000009	[ 90] literal string: Time out
0x00003014	0x0000000C	[ 90] literal string: Not started
0x00003020	0x00000010	[ 90] literal string: Already started
0x00003030	0x00000008	[ 90] literal string: Aborted
0x00003038	0x0000000B	[ 90] literal string: ICMP Error
0x00003043	0x0000000B	[ 90] literal string: TFTP Error
0x0000304E	0x0000000F	[ 90] literal string: Protocol Error
0x0000305D	0x00000015	[ 90] literal string: Incompatible Version
0x00003072	0x00000013	[ 90] literal string: Security Violation
0x00003085	0x0000000A	[ 90] literal string: CRC Error
0x0000308F	0x0000000D	[ 90] literal string: End of Media
0x0000309C	0x0000000E	[ 90] literal string: Reserved (29)
0x000030AA	0x0000000E	[ 90] literal string: Reserved (30)
0x000030B8	0x0000000C	[ 90] literal string: End of File
0x000030C4	0x00000011	[ 90] literal string: Invalid Language
0x000030D5	0x00000011	[ 90] literal string: Compromised Data
0x000030E6	0x0000000E	[ 90] literal string: <null string>
0x000030F4	0x0000000C	[ 90] literal string: <null guid>
0x00003100	0x00000031	[ 90] literal string: %08x-%04x-%04x-%02x%02x-%02x%02x%02x%02x%02x%02x
0x00003131	0x0000000C	[ 90] literal string: <null time>
0x0000313D	0x0000001A	[ 90] literal string: %02d/%02d/%04d  %02d:%02d
0x00003157	0x00000005	[ 90] literal string: %08X
0x0000315C	0x00000003	[ 90] literal string: \n
0x0000315F	0x00000002	[ 90] literal string: 
0x00003161	0x00000012	[ 93] literal string: CPU init type=%x\n
0x00003173	0x00000026	[ 93] literal string: !!!! X64 Exception Type - %016lx !!!!
0x00003199	0x0000002B	[ 93] literal string: RIP - %016lx, CS - %016lx, RFLAGS - %016lx
0x000031C4	0x00000017	[ 93] literal string: ExceptionData - %016lx
0x000031DB	0x00000029	[ 93] literal string: RAX - %016lx, RCX - %016lx, RDX - %016lx
0x00003204	0x00000029	[ 93] literal string: RBX - %016lx, RSP - %016lx, RBP - %016lx
0x0000322D	0x0000001B	[ 93] literal string: RSI - %016lx, RDI - %016lx
0x00003248	0x00000027	[ 93] literal string: R8 - %016lx, R9 - %016lx, R10 - %016lx
0x0000326F	0x00000029	[ 93] literal string: R11 - %016lx, R12 - %016lx, R13 - %016lx
0x00003298	0x0000001B	[ 93] literal string: R14 - %016lx, R15 - %016lx
0x000032B3	0x00000026	[ 93] literal string: DS - %016lx, ES - %016lx, FS - %016lx
0x000032D9	0x00000019	[ 93] literal string: GS - %016lx, SS - %016lx
0x000032F2	0x00000024	[ 93] literal string: GDTR - %016lx %016lx, LDTR - %016lx
0x00003316	0x00000022	[ 93] literal string: IDTR - %016lx %016lx, TR - %016lx
0x00003338	0x00000029	[ 93] literal string: CR0 - %016lx, CR2 - %016lx, CR3 - %016lx
0x00003361	0x0000001B	[ 93] literal string: CR4 - %016lx, CR8 - %016lx
0x0000337C	0x00000029	[ 93] literal string: DR0 - %016lx, DR1 - %016lx, DR2 - %016lx
0x000033A5	0x00000029	[ 93] literal string: DR3 - %016lx, DR6 - %016lx, DR7 - %016lx
0x000033CE	0x00000025	[ 93] literal string: MsgLog Protocol installed in CpuDxe\n
0x000033F3	0x00000005	[ 93] literal string: %02x
0x00003400	0x00000138	[ 90] _mStatusString
0x00003540	0x00000002	[ 37] _m16Size
0x00003542	0x00000002	[ 37] _mThunk16Attr
0x00003544	0x00000002	[ 37] _m16Gdt
0x00003546	0x00000002	[ 37] _m16GdtrBase
0x00003548	0x00000002	[ 37] _mTransition
0x00003550	0x00000010	[ 92] gdtr
0x00003560	0x00000048	[ 92] GDT_BASE
0x000035A8	0x00000000	[ 92] idtr
0x000035A8	0x00000010	[ 92] GDT_END
0x000035B8	0x00000790	[ 92] IDT_BASE
0x00003D48	0x00000000	[ 92] IDT_END
0x00003D48	0x00000048	[ 93] _mCpu
0x00003D90	0x00000010	[ 94] _gEfiCpuArchProtocolGuid
0x00003DA0	0x00000010	[ 94] _gEfiLegacy8259ProtocolGuid
0x00003DB0	0x00000010	[ 94] _gMsgLogProtocolGuid
0x00003DC0	0x00000010	[ 94] _gEfiLoadedImageProtocolGuid
0x00003DD0	0x00000008	[ 88] _gImageHandle
0x00003DD8	0x00000008	[ 88] _gST
0x00003DE0	0x00000008	[ 88] _gBS
0x00003DE8	0x00000008	[ 93] _mInterruptState
0x00003DF0	0x00000008	[ 93] _mTimerVector
0x00003DF8	0x00000008	[ 93] _mTimerHandler
0x00003E00	0x00000008	[ 93] _gLegacy8259
0x00003E08	0x00000008	[ 93] _mHandle
0x00003E10	0x00000008	[ 93] _Msg
0x00003E18	0x00000018	[ 93] _mThunkContext
0x00003E30	0x00000008	[ 93] _msgCursor
