# Path: /Users/weisiyuan/src/edk2/Build/Clover/RELEASE_XCODE8/X64/MdeModulePkg/Universal/PCD/Dxe/Pcd/DEBUG/PcdDxe.dll
# Arch: x86_64
# Object files:
[  0] linker synthesized
[  1] /Users/weisiyuan/src/edk2/Build/Clover/RELEASE_XCODE8/X64/MdePkg/Library/BasePcdLibNull/BasePcdLibNull/OUTPUT/BasePcdLibNull.lib(PcdLib.obj)
[  2] /Users/weisiyuan/src/edk2/Build/Clover/RELEASE_XCODE8/X64/MdePkg/Library/BaseLib/BaseLib/OUTPUT/BaseLib.lib(CheckSum.obj)
[  3] /Users/weisiyuan/src/edk2/Build/Clover/RELEASE_XCODE8/X64/MdePkg/Library/BaseLib/BaseLib/OUTPUT/BaseLib.lib(SwitchStack.obj)
[  4] /Users/weisiyuan/src/edk2/Build/Clover/RELEASE_XCODE8/X64/MdePkg/Library/BaseLib/BaseLib/OUTPUT/BaseLib.lib(SwapBytes64.obj)
[  5] /Users/weisiyuan/src/edk2/Build/Clover/RELEASE_XCODE8/X64/MdePkg/Library/BaseLib/BaseLib/OUTPUT/BaseLib.lib(SwapBytes32.obj)
[  6] /Users/weisiyuan/src/edk2/Build/Clover/RELEASE_XCODE8/X64/MdePkg/Library/BaseLib/BaseLib/OUTPUT/BaseLib.lib(SwapBytes16.obj)
[  7] /Users/weisiyuan/src/edk2/Build/Clover/RELEASE_XCODE8/X64/MdePkg/Library/BaseLib/BaseLib/OUTPUT/BaseLib.lib(LongJump.obj)
[  8] /Users/weisiyuan/src/edk2/Build/Clover/RELEASE_XCODE8/X64/MdePkg/Library/BaseLib/BaseLib/OUTPUT/BaseLib.lib(SetJump.obj)
[  9] /Users/weisiyuan/src/edk2/Build/Clover/RELEASE_XCODE8/X64/MdePkg/Library/BaseLib/BaseLib/OUTPUT/BaseLib.lib(RShiftU64.obj)
[ 10] /Users/weisiyuan/src/edk2/Build/Clover/RELEASE_XCODE8/X64/MdePkg/Library/BaseLib/BaseLib/OUTPUT/BaseLib.lib(RRotU64.obj)
[ 11] /Users/weisiyuan/src/edk2/Build/Clover/RELEASE_XCODE8/X64/MdePkg/Library/BaseLib/BaseLib/OUTPUT/BaseLib.lib(RRotU32.obj)
[ 12] /Users/weisiyuan/src/edk2/Build/Clover/RELEASE_XCODE8/X64/MdePkg/Library/BaseLib/BaseLib/OUTPUT/BaseLib.lib(MultU64x64.obj)
[ 13] /Users/weisiyuan/src/edk2/Build/Clover/RELEASE_XCODE8/X64/MdePkg/Library/BaseLib/BaseLib/OUTPUT/BaseLib.lib(MultU64x32.obj)
[ 14] /Users/weisiyuan/src/edk2/Build/Clover/RELEASE_XCODE8/X64/MdePkg/Library/BaseLib/BaseLib/OUTPUT/BaseLib.lib(MultS64x64.obj)
[ 15] /Users/weisiyuan/src/edk2/Build/Clover/RELEASE_XCODE8/X64/MdePkg/Library/BaseLib/BaseLib/OUTPUT/BaseLib.lib(ModU64x32.obj)
[ 16] /Users/weisiyuan/src/edk2/Build/Clover/RELEASE_XCODE8/X64/MdePkg/Library/BaseLib/BaseLib/OUTPUT/BaseLib.lib(LShiftU64.obj)
[ 17] /Users/weisiyuan/src/edk2/Build/Clover/RELEASE_XCODE8/X64/MdePkg/Library/BaseLib/BaseLib/OUTPUT/BaseLib.lib(LRotU64.obj)
[ 18] /Users/weisiyuan/src/edk2/Build/Clover/RELEASE_XCODE8/X64/MdePkg/Library/BaseLib/BaseLib/OUTPUT/BaseLib.lib(LRotU32.obj)
[ 19] /Users/weisiyuan/src/edk2/Build/Clover/RELEASE_XCODE8/X64/MdePkg/Library/BaseLib/BaseLib/OUTPUT/BaseLib.lib(LowBitSet64.obj)
[ 20] /Users/weisiyuan/src/edk2/Build/Clover/RELEASE_XCODE8/X64/MdePkg/Library/BaseLib/BaseLib/OUTPUT/BaseLib.lib(LowBitSet32.obj)
[ 21] /Users/weisiyuan/src/edk2/Build/Clover/RELEASE_XCODE8/X64/MdePkg/Library/BaseLib/BaseLib/OUTPUT/BaseLib.lib(HighBitSet64.obj)
[ 22] /Users/weisiyuan/src/edk2/Build/Clover/RELEASE_XCODE8/X64/MdePkg/Library/BaseLib/BaseLib/OUTPUT/BaseLib.lib(HighBitSet32.obj)
[ 23] /Users/weisiyuan/src/edk2/Build/Clover/RELEASE_XCODE8/X64/MdePkg/Library/BaseLib/BaseLib/OUTPUT/BaseLib.lib(GetPowerOfTwo64.obj)
[ 24] /Users/weisiyuan/src/edk2/Build/Clover/RELEASE_XCODE8/X64/MdePkg/Library/BaseLib/BaseLib/OUTPUT/BaseLib.lib(GetPowerOfTwo32.obj)
[ 25] /Users/weisiyuan/src/edk2/Build/Clover/RELEASE_XCODE8/X64/MdePkg/Library/BaseLib/BaseLib/OUTPUT/BaseLib.lib(DivU64x64Remainder.obj)
[ 26] /Users/weisiyuan/src/edk2/Build/Clover/RELEASE_XCODE8/X64/MdePkg/Library/BaseLib/BaseLib/OUTPUT/BaseLib.lib(DivU64x32Remainder.obj)
[ 27] /Users/weisiyuan/src/edk2/Build/Clover/RELEASE_XCODE8/X64/MdePkg/Library/BaseLib/BaseLib/OUTPUT/BaseLib.lib(DivU64x32.obj)
[ 28] /Users/weisiyuan/src/edk2/Build/Clover/RELEASE_XCODE8/X64/MdePkg/Library/BaseLib/BaseLib/OUTPUT/BaseLib.lib(DivS64x64Remainder.obj)
[ 29] /Users/weisiyuan/src/edk2/Build/Clover/RELEASE_XCODE8/X64/MdePkg/Library/BaseLib/BaseLib/OUTPUT/BaseLib.lib(ARShiftU64.obj)
[ 30] /Users/weisiyuan/src/edk2/Build/Clover/RELEASE_XCODE8/X64/MdePkg/Library/BaseLib/BaseLib/OUTPUT/BaseLib.lib(BitField.obj)
[ 31] /Users/weisiyuan/src/edk2/Build/Clover/RELEASE_XCODE8/X64/MdePkg/Library/BaseLib/BaseLib/OUTPUT/BaseLib.lib(CpuDeadLoop.obj)
[ 32] /Users/weisiyuan/src/edk2/Build/Clover/RELEASE_XCODE8/X64/MdePkg/Library/BaseLib/BaseLib/OUTPUT/BaseLib.lib(Cpu.obj)
[ 33] /Users/weisiyuan/src/edk2/Build/Clover/RELEASE_XCODE8/X64/MdePkg/Library/BaseLib/BaseLib/OUTPUT/BaseLib.lib(LinkedList.obj)
[ 34] /Users/weisiyuan/src/edk2/Build/Clover/RELEASE_XCODE8/X64/MdePkg/Library/BaseLib/BaseLib/OUTPUT/BaseLib.lib(SafeString.obj)
[ 35] /Users/weisiyuan/src/edk2/Build/Clover/RELEASE_XCODE8/X64/MdePkg/Library/BaseLib/BaseLib/OUTPUT/BaseLib.lib(String.obj)
[ 36] /Users/weisiyuan/src/edk2/Build/Clover/RELEASE_XCODE8/X64/MdePkg/Library/BaseLib/BaseLib/OUTPUT/BaseLib.lib(FilePaths.obj)
[ 37] /Users/weisiyuan/src/edk2/Build/Clover/RELEASE_XCODE8/X64/MdePkg/Library/BaseLib/BaseLib/OUTPUT/BaseLib.lib(Thunk16.obj)
[ 38] /Users/weisiyuan/src/edk2/Build/Clover/RELEASE_XCODE8/X64/MdePkg/Library/BaseLib/BaseLib/OUTPUT/BaseLib.lib(WriteTr.obj)
[ 39] /Users/weisiyuan/src/edk2/Build/Clover/RELEASE_XCODE8/X64/MdePkg/Library/BaseLib/BaseLib/OUTPUT/BaseLib.lib(Lfence.obj)
[ 40] /Users/weisiyuan/src/edk2/Build/Clover/RELEASE_XCODE8/X64/MdePkg/Library/BaseLib/BaseLib/OUTPUT/BaseLib.lib(Non-existing.obj)
[ 41] /Users/weisiyuan/src/edk2/Build/Clover/RELEASE_XCODE8/X64/MdePkg/Library/BaseLib/BaseLib/OUTPUT/BaseLib.lib(Math64.obj)
[ 42] /Users/weisiyuan/src/edk2/Build/Clover/RELEASE_XCODE8/X64/MdePkg/Library/BaseLib/BaseLib/OUTPUT/BaseLib.lib(Unaligned.obj)
[ 43] /Users/weisiyuan/src/edk2/Build/Clover/RELEASE_XCODE8/X64/MdePkg/Library/BaseLib/BaseLib/OUTPUT/BaseLib.lib(X86WriteIdtr.obj)
[ 44] /Users/weisiyuan/src/edk2/Build/Clover/RELEASE_XCODE8/X64/MdePkg/Library/BaseLib/BaseLib/OUTPUT/BaseLib.lib(X86WriteGdtr.obj)
[ 45] /Users/weisiyuan/src/edk2/Build/Clover/RELEASE_XCODE8/X64/MdePkg/Library/BaseLib/BaseLib/OUTPUT/BaseLib.lib(X86Thunk.obj)
[ 46] /Users/weisiyuan/src/edk2/Build/Clover/RELEASE_XCODE8/X64/MdePkg/Library/BaseLib/BaseLib/OUTPUT/BaseLib.lib(X86ReadIdtr.obj)
[ 47] /Users/weisiyuan/src/edk2/Build/Clover/RELEASE_XCODE8/X64/MdePkg/Library/BaseLib/BaseLib/OUTPUT/BaseLib.lib(X86ReadGdtr.obj)
[ 48] /Users/weisiyuan/src/edk2/Build/Clover/RELEASE_XCODE8/X64/MdePkg/Library/BaseLib/BaseLib/OUTPUT/BaseLib.lib(X86Msr.obj)
[ 49] /Users/weisiyuan/src/edk2/Build/Clover/RELEASE_XCODE8/X64/MdePkg/Library/BaseLib/BaseLib/OUTPUT/BaseLib.lib(X86GetInterruptState.obj)
[ 50] /Users/weisiyuan/src/edk2/Build/Clover/RELEASE_XCODE8/X64/MdePkg/Library/BaseLib/BaseLib/OUTPUT/BaseLib.lib(X86FxSave.obj)
[ 51] /Users/weisiyuan/src/edk2/Build/Clover/RELEASE_XCODE8/X64/MdePkg/Library/BaseLib/BaseLib/OUTPUT/BaseLib.lib(X86FxRestore.obj)
[ 52] /Users/weisiyuan/src/edk2/Build/Clover/RELEASE_XCODE8/X64/MdePkg/Library/BaseLib/BaseLib/OUTPUT/BaseLib.lib(X86EnablePaging64.obj)
[ 53] /Users/weisiyuan/src/edk2/Build/Clover/RELEASE_XCODE8/X64/MdePkg/Library/BaseLib/BaseLib/OUTPUT/BaseLib.lib(X86EnablePaging32.obj)
[ 54] /Users/weisiyuan/src/edk2/Build/Clover/RELEASE_XCODE8/X64/MdePkg/Library/BaseLib/BaseLib/OUTPUT/BaseLib.lib(X86DisablePaging64.obj)
[ 55] /Users/weisiyuan/src/edk2/Build/Clover/RELEASE_XCODE8/X64/MdePkg/Library/BaseLib/BaseLib/OUTPUT/BaseLib.lib(X86DisablePaging32.obj)
[ 56] /Users/weisiyuan/src/edk2/Build/Clover/RELEASE_XCODE8/X64/MdePkg/Library/BaseLib/BaseLib/OUTPUT/BaseLib.lib(X86RdRand.obj)
[ 57] /Users/weisiyuan/src/edk2/Build/Clover/RELEASE_XCODE8/X64/MdePkg/Library/BaseLib/BaseLib/OUTPUT/BaseLib.lib(X86PatchInstruction.obj)
[ 58] /Users/weisiyuan/src/edk2/Build/Clover/RELEASE_XCODE8/X64/MdePkg/Library/BaseLib/BaseLib/OUTPUT/BaseLib.lib(X86SpeculationBarrier.obj)
[ 59] /Users/weisiyuan/src/edk2/Build/Clover/RELEASE_XCODE8/X64/MdePkg/Library/BaseLib/BaseLib/OUTPUT/BaseLib.lib(GccInline.obj)
[ 60] /Users/weisiyuan/src/edk2/Build/Clover/RELEASE_XCODE8/X64/MdePkg/Library/BaseLib/BaseLib/OUTPUT/BaseLib.lib(SwitchStack.obj)
[ 61] /Users/weisiyuan/src/edk2/Build/Clover/RELEASE_XCODE8/X64/MdePkg/Library/BaseLib/BaseLib/OUTPUT/BaseLib.lib(SetJump.obj)
[ 62] /Users/weisiyuan/src/edk2/Build/Clover/RELEASE_XCODE8/X64/MdePkg/Library/BaseLib/BaseLib/OUTPUT/BaseLib.lib(LongJump.obj)
[ 63] /Users/weisiyuan/src/edk2/Build/Clover/RELEASE_XCODE8/X64/MdePkg/Library/BaseLib/BaseLib/OUTPUT/BaseLib.lib(EnableDisableInterrupts.obj)
[ 64] /Users/weisiyuan/src/edk2/Build/Clover/RELEASE_XCODE8/X64/MdePkg/Library/BaseLib/BaseLib/OUTPUT/BaseLib.lib(DisablePaging64.obj)
[ 65] /Users/weisiyuan/src/edk2/Build/Clover/RELEASE_XCODE8/X64/MdePkg/Library/BaseLib/BaseLib/OUTPUT/BaseLib.lib(CpuId.obj)
[ 66] /Users/weisiyuan/src/edk2/Build/Clover/RELEASE_XCODE8/X64/MdePkg/Library/BaseLib/BaseLib/OUTPUT/BaseLib.lib(CpuIdEx.obj)
[ 67] /Users/weisiyuan/src/edk2/Build/Clover/RELEASE_XCODE8/X64/MdePkg/Library/BaseLib/BaseLib/OUTPUT/BaseLib.lib(EnableCache.obj)
[ 68] /Users/weisiyuan/src/edk2/Build/Clover/RELEASE_XCODE8/X64/MdePkg/Library/BaseLib/BaseLib/OUTPUT/BaseLib.lib(DisableCache.obj)
[ 69] /Users/weisiyuan/src/edk2/Build/Clover/RELEASE_XCODE8/X64/MdePkg/Library/BaseLib/BaseLib/OUTPUT/BaseLib.lib(RdRand.obj)
[ 70] /Users/weisiyuan/src/edk2/Build/Clover/RELEASE_XCODE8/X64/MdePkg/Library/BaseLib/BaseLib/OUTPUT/BaseLib.lib(ChkStkGcc.obj)
[ 71] /Users/weisiyuan/src/edk2/Build/Clover/RELEASE_XCODE8/X64/MdePkg/Library/BaseDebugLibNull/BaseDebugLibNull/OUTPUT/BaseDebugLibNull.lib(DebugLib.obj)
[ 72] /Users/weisiyuan/src/edk2/Build/Clover/RELEASE_XCODE8/X64/MdePkg/Library/BaseMemoryLib/BaseMemoryLib/OUTPUT/BaseMemoryLib.lib(SetMem.obj)
[ 73] /Users/weisiyuan/src/edk2/Build/Clover/RELEASE_XCODE8/X64/MdePkg/Library/BaseMemoryLib/BaseMemoryLib/OUTPUT/BaseMemoryLib.lib(ScanMem64Wrapper.obj)
[ 74] /Users/weisiyuan/src/edk2/Build/Clover/RELEASE_XCODE8/X64/MdePkg/Library/BaseMemoryLib/BaseMemoryLib/OUTPUT/BaseMemoryLib.lib(ScanMem32Wrapper.obj)
[ 75] /Users/weisiyuan/src/edk2/Build/Clover/RELEASE_XCODE8/X64/MdePkg/Library/BaseMemoryLib/BaseMemoryLib/OUTPUT/BaseMemoryLib.lib(ScanMem16Wrapper.obj)
[ 76] /Users/weisiyuan/src/edk2/Build/Clover/RELEASE_XCODE8/X64/MdePkg/Library/BaseMemoryLib/BaseMemoryLib/OUTPUT/BaseMemoryLib.lib(ScanMem8Wrapper.obj)
[ 77] /Users/weisiyuan/src/edk2/Build/Clover/RELEASE_XCODE8/X64/MdePkg/Library/BaseMemoryLib/BaseMemoryLib/OUTPUT/BaseMemoryLib.lib(ZeroMemWrapper.obj)
[ 78] /Users/weisiyuan/src/edk2/Build/Clover/RELEASE_XCODE8/X64/MdePkg/Library/BaseMemoryLib/BaseMemoryLib/OUTPUT/BaseMemoryLib.lib(CompareMemWrapper.obj)
[ 79] /Users/weisiyuan/src/edk2/Build/Clover/RELEASE_XCODE8/X64/MdePkg/Library/BaseMemoryLib/BaseMemoryLib/OUTPUT/BaseMemoryLib.lib(SetMem64Wrapper.obj)
[ 80] /Users/weisiyuan/src/edk2/Build/Clover/RELEASE_XCODE8/X64/MdePkg/Library/BaseMemoryLib/BaseMemoryLib/OUTPUT/BaseMemoryLib.lib(SetMem32Wrapper.obj)
[ 81] /Users/weisiyuan/src/edk2/Build/Clover/RELEASE_XCODE8/X64/MdePkg/Library/BaseMemoryLib/BaseMemoryLib/OUTPUT/BaseMemoryLib.lib(SetMem16Wrapper.obj)
[ 82] /Users/weisiyuan/src/edk2/Build/Clover/RELEASE_XCODE8/X64/MdePkg/Library/BaseMemoryLib/BaseMemoryLib/OUTPUT/BaseMemoryLib.lib(SetMemWrapper.obj)
[ 83] /Users/weisiyuan/src/edk2/Build/Clover/RELEASE_XCODE8/X64/MdePkg/Library/BaseMemoryLib/BaseMemoryLib/OUTPUT/BaseMemoryLib.lib(CopyMemWrapper.obj)
[ 84] /Users/weisiyuan/src/edk2/Build/Clover/RELEASE_XCODE8/X64/MdePkg/Library/BaseMemoryLib/BaseMemoryLib/OUTPUT/BaseMemoryLib.lib(IsZeroBufferWrapper.obj)
[ 85] /Users/weisiyuan/src/edk2/Build/Clover/RELEASE_XCODE8/X64/MdePkg/Library/BaseMemoryLib/BaseMemoryLib/OUTPUT/BaseMemoryLib.lib(MemLibGeneric.obj)
[ 86] /Users/weisiyuan/src/edk2/Build/Clover/RELEASE_XCODE8/X64/MdePkg/Library/BaseMemoryLib/BaseMemoryLib/OUTPUT/BaseMemoryLib.lib(MemLibGuid.obj)
[ 87] /Users/weisiyuan/src/edk2/Build/Clover/RELEASE_XCODE8/X64/MdePkg/Library/BaseMemoryLib/BaseMemoryLib/OUTPUT/BaseMemoryLib.lib(CopyMem.obj)
[ 88] /Users/weisiyuan/src/edk2/Build/Clover/RELEASE_XCODE8/X64/MdePkg/Library/UefiBootServicesTableLib/UefiBootServicesTableLib/OUTPUT/UefiBootServicesTableLib.lib(UefiBootServicesTableLib.obj)
[ 89] /Users/weisiyuan/src/edk2/Build/Clover/RELEASE_XCODE8/X64/MdePkg/Library/BasePrintLib/BasePrintLib/OUTPUT/BasePrintLib.lib(PrintLibInternal.obj)
[ 90] /Users/weisiyuan/src/edk2/Build/Clover/RELEASE_XCODE8/X64/MdePkg/Library/BasePrintLib/BasePrintLib/OUTPUT/BasePrintLib.lib(PrintLib.obj)
[ 91] /Users/weisiyuan/src/edk2/Build/Clover/RELEASE_XCODE8/X64/MdePkg/Library/UefiMemoryAllocationLib/UefiMemoryAllocationLib/OUTPUT/UefiMemoryAllocationLib.lib(MemoryAllocationLib.obj)
[ 92] /Users/weisiyuan/src/edk2/Build/Clover/RELEASE_XCODE8/X64/MdePkg/Library/UefiDevicePathLib/UefiDevicePathLib/OUTPUT/UefiDevicePathLib.lib(DevicePathUtilities.obj)
[ 93] /Users/weisiyuan/src/edk2/Build/Clover/RELEASE_XCODE8/X64/MdePkg/Library/UefiDevicePathLib/UefiDevicePathLib/OUTPUT/UefiDevicePathLib.lib(DevicePathToText.obj)
[ 94] /Users/weisiyuan/src/edk2/Build/Clover/RELEASE_XCODE8/X64/MdePkg/Library/UefiDevicePathLib/UefiDevicePathLib/OUTPUT/UefiDevicePathLib.lib(DevicePathFromText.obj)
[ 95] /Users/weisiyuan/src/edk2/Build/Clover/RELEASE_XCODE8/X64/MdePkg/Library/UefiDevicePathLib/UefiDevicePathLib/OUTPUT/UefiDevicePathLib.lib(UefiDevicePathLib.obj)
[ 96] /Users/weisiyuan/src/edk2/Build/Clover/RELEASE_XCODE8/X64/MdePkg/Library/UefiRuntimeServicesTableLib/UefiRuntimeServicesTableLib/OUTPUT/UefiRuntimeServicesTableLib.lib(UefiRuntimeServicesTableLib.obj)
[ 97] /Users/weisiyuan/src/edk2/Build/Clover/RELEASE_XCODE8/X64/MdePkg/Library/UefiLib/UefiLib/OUTPUT/UefiLib.lib(UefiLibPrint.obj)
[ 98] /Users/weisiyuan/src/edk2/Build/Clover/RELEASE_XCODE8/X64/MdePkg/Library/UefiLib/UefiLib/OUTPUT/UefiLib.lib(UefiNotTiano.obj)
[ 99] /Users/weisiyuan/src/edk2/Build/Clover/RELEASE_XCODE8/X64/MdePkg/Library/UefiLib/UefiLib/OUTPUT/UefiLib.lib(UefiDriverModel.obj)
[100] /Users/weisiyuan/src/edk2/Build/Clover/RELEASE_XCODE8/X64/MdePkg/Library/UefiLib/UefiLib/OUTPUT/UefiLib.lib(Console.obj)
[101] /Users/weisiyuan/src/edk2/Build/Clover/RELEASE_XCODE8/X64/MdePkg/Library/UefiLib/UefiLib/OUTPUT/UefiLib.lib(UefiLib.obj)
[102] /Users/weisiyuan/src/edk2/Build/Clover/RELEASE_XCODE8/X64/MdePkg/Library/UefiLib/UefiLib/OUTPUT/UefiLib.lib(Acpi.obj)
[103] /Users/weisiyuan/src/edk2/Build/Clover/RELEASE_XCODE8/X64/MdePkg/Library/DxeHobLib/DxeHobLib/OUTPUT/DxeHobLib.lib(HobLib.obj)
[104] /Users/weisiyuan/src/edk2/Build/Clover/RELEASE_XCODE8/X64/MdePkg/Library/UefiDriverEntryPoint/UefiDriverEntryPoint/OUTPUT/UefiDriverEntryPoint.lib(DriverEntryPoint.obj)
[105] /Users/weisiyuan/src/edk2/Build/Clover/RELEASE_XCODE8/X64/MdePkg/Library/DxeServicesLib/DxeServicesLib/OUTPUT/DxeServicesLib.lib(DxeServicesLib.obj)
[106] /Users/weisiyuan/src/edk2/Build/Clover/RELEASE_XCODE8/X64/MdePkg/Library/DxeServicesLib/DxeServicesLib/OUTPUT/DxeServicesLib.lib(Allocate.obj)
[107] /Users/weisiyuan/src/edk2/Build/Clover/RELEASE_XCODE8/X64/MdeModulePkg/Universal/PCD/Dxe/Pcd/OUTPUT/PcdDxe.lib(Pcd.obj)
[108] /Users/weisiyuan/src/edk2/Build/Clover/RELEASE_XCODE8/X64/MdeModulePkg/Universal/PCD/Dxe/Pcd/OUTPUT/PcdDxe.lib(Service.obj)
[109] /Users/weisiyuan/src/edk2/Build/Clover/RELEASE_XCODE8/X64/MdeModulePkg/Universal/PCD/Dxe/Pcd/OUTPUT/PcdDxe.lib(AutoGen.obj)
# Sections:
# Address	Size    	Segment	Section
0x00000240	0x000042C1	__TEXT	__text
0x00004504	0x0000000D	__TEXT	__const
0x00004520	0x00000298	__DATA	__data
0x000047B8	0x000000B0	__DATA	__common
# Symbols:
# Address	Size    	File  Name
0x00000240	0x00000000	[  0] ___dso_handle
0x00000240	0x00000006	[  8] _InternalAssertJumpBuffer
0x00000246	0x0000000A	[ 16] _LShiftU64
0x00000250	0x00000010	[ 33] _InitializeListHead
0x00000260	0x0000001B	[ 33] _InsertTailList
0x0000027B	0x00000009	[ 33] _GetFirstNode
0x00000284	0x00000009	[ 33] _GetNextNode
0x0000028D	0x0000001B	[ 33] _RemoveEntryList
0x000002A8	0x00000083	[ 34] _AsciiStrCatS
0x0000032B	0x0000016D	[ 35] _StrCmp
0x00000498	0x00000039	[ 35] _AsciiStrSize
0x000004D8	0x00000000	[ 37] SavedGdt
0x000004D8	0x0000000A	[ 37] _m16Start
0x000004E2	0x00000008	[ 37] _BackFromUserCode
0x000004EA	0x00000014	[ 37] _BackFromUserCode.Base
0x000004FE	0x0000000D	[ 37] _BackFromUserCode.ThunkAttrEnd
0x0000050B	0x0000000B	[ 37] _BackFromUserCode.1
0x00000516	0x00000036	[ 37] _BackFromUserCode.2
0x0000054C	0x0000001C	[ 37] _BackFromUserCode.SavedCr4End
0x00000568	0x0000000B	[ 37] _BackFromUserCode.SavedCr0End
0x00000573	0x0000000B	[ 37] _BackFromUserCode.X64JmpEnd
0x0000057E	0x00000002	[ 37] _BackFromUserCode.SavedSpEnd
0x00000580	0x00000006	[ 37] _EntryPoint
0x00000586	0x00000002	[ 37] _16Gdtr
0x00000588	0x00000008	[ 37] _16GdtrBase
0x00000590	0x00000006	[ 37] _16Idtr
0x00000596	0x00000028	[ 37] _ToUserCode
0x000005BE	0x0000000F	[ 37] _ToUserCode.Base
0x000005CD	0x0000001B	[ 37] _ToUserCode.RealMode
0x000005E8	0x00000008	[ 37] _NullSeg
0x000005F0	0x00000008	[ 37] _16Code
0x000005F8	0x00000008	[ 37] _16Data
0x00000600	0x00000008	[ 37] _32Data
0x00000608	0x000000B4	[ 37] _InternalAsmThunk16
0x000006BC	0x00000020	[ 37] _InternalAsmThunk16.RetFromRealMode
0x000006DC	0x00000006	[ 38] _AsmWriteTr
0x000006E2	0x00000004	[ 39] _AsmLfence
0x000006E6	0x0000000E	[ 41] _InternalMathLShiftU64
0x000006F4	0x00000009	[ 42] _ReadUnaligned16
0x000006FD	0x00000008	[ 42] _ReadUnaligned32
0x00000705	0x00000009	[ 42] _ReadUnaligned64
0x0000070E	0x0000000F	[ 60] _InternalSwitchStack
0x0000071D	0x00000043	[ 61] _SetJump
0x00000760	0x0000007F	[ 61] CetDone
0x000007DF	0x00000030	[ 62] _InternalLongJump
0x0000080F	0x0000007C	[ 62] CetDone
0x0000088B	0x00000003	[ 63] _EnableDisableInterrupts
0x0000088E	0x0000003A	[ 64] _InternalX86DisablePaging64
0x000008C8	0x00000027	[ 64] _InternalX86DisablePaging64.0
0x000008EF	0x00000000	[ 64] mTransitionEnd
0x000008EF	0x0000000F	[ 65] _AsmCpuid
0x000008FE	0x00000005	[ 65] _AsmCpuid.0
0x00000903	0x00000007	[ 65] _AsmCpuid.1
0x0000090A	0x00000009	[ 65] _AsmCpuid.2
0x00000913	0x00000003	[ 65] _AsmCpuid.3
0x00000916	0x00000015	[ 66] _AsmCpuidEx
0x0000092B	0x00000007	[ 66] _AsmCpuidEx.0
0x00000932	0x00000007	[ 66] _AsmCpuidEx.1
0x00000939	0x00000009	[ 66] _AsmCpuidEx.2
0x00000942	0x00000003	[ 66] _AsmCpuidEx.3
0x00000945	0x00000013	[ 67] _AsmEnableCache
0x00000958	0x00000013	[ 68] _AsmDisableCache
0x0000096B	0x00000009	[ 69] _InternalX86RdRand16
0x00000974	0x00000009	[ 69] rn16_ok
0x0000097D	0x00000009	[ 69] _InternalX86RdRand32
0x00000986	0x00000008	[ 69] rn32_ok
0x0000098E	0x0000000A	[ 69] _InternalX86RdRand64
0x00000998	0x00000009	[ 69] rn64_ok
0x000009A1	0x000000E8	[ 72] _InternalMemSetMem
0x00000A89	0x00000014	[ 77] _ZeroMem
0x00000A9D	0x00000019	[ 83] _CopyMem
0x00000AB6	0x0000000D	[ 85] _InternalMemZeroMem
0x00000AC3	0x00000055	[ 86] _CompareGuid
0x00000B18	0x00000046	[ 86] _ScanGuid
0x00000B5E	0x000001E2	[ 87] _InternalMemCopyMem
0x00000D40	0x00000021	[ 88] _UefiBootServicesTableLibConstructor
0x00000D61	0x0000003D	[ 91] _AllocatePool
0x00000D9E	0x0000003B	[ 91] _InternalAllocateZeroPool
0x00000DD9	0x00000097	[ 91] _AllocateZeroPool
0x00000E70	0x00000053	[ 91] _InternalAllocateCopyPool
0x00000EC3	0x00000097	[ 91] _AllocateCopyPool
0x00000F5A	0x00000016	[ 91] _FreePool
0x00000F70	0x00000013	[ 96] _UefiRuntimeServicesTableLibConstructor
0x00000F83	0x00000008	[101] _UefiLibConstructor
0x00000F8B	0x0000007A	[101] _EfiGetSystemConfigurationTable
0x00001005	0x00000059	[101] _EfiCreateProtocolNotifyEvent
0x0000105E	0x0000002B	[101] _EfiAcquireLock
0x00001089	0x0000001D	[101] _EfiReleaseLock
0x000010A6	0x0000002D	[103] _HobLibConstructor
0x000010D3	0x00000052	[103] _GetNextGuidHob
0x00001125	0x00000040	[103] _GetFirstGuidHob
0x00001165	0x00000034	[104] __DriverUnloadHandler
0x00001199	0x00000096	[104] __ModuleEntryPoint
0x0000122F	0x000000D2	[105] _InternalGetSectionFromFv
0x00001301	0x000000F0	[105] _GetSectionFromFfs
0x000013F1	0x0000010B	[107] _DxePcdSetSku
0x000014FC	0x00000099	[107] _DxePcdGet8
0x00001595	0x0000009E	[107] _DxePcdGet16
0x00001633	0x0000009E	[107] _DxePcdGet32
0x000016D1	0x0000009E	[107] _DxePcdGet64
0x0000176F	0x00000094	[107] _DxePcdGetPtr
0x00001803	0x00000099	[107] _DxePcdGetBool
0x0000189C	0x000000DF	[107] _DxePcdGetSize
0x0000197B	0x0000009F	[107] _DxePcdGet8Ex
0x00001A1A	0x000000A4	[107] _DxePcdGet16Ex
0x00001ABE	0x000000A4	[107] _DxePcdGet32Ex
0x00001B62	0x000000A4	[107] _DxePcdGet64Ex
0x00001C06	0x0000009A	[107] _DxePcdGetPtrEx
0x00001CA0	0x0000009F	[107] _DxePcdGetBoolEx
0x00001D3F	0x0000009B	[107] _DxePcdGetSizeEx
0x00001DDA	0x000000A0	[107] _DxePcdSet8
0x00001E7A	0x000000A1	[107] _DxePcdSet16
0x00001F1B	0x000000A0	[107] _DxePcdSet32
0x00001FBB	0x000000A1	[107] _DxePcdSet64
0x0000205C	0x0000009D	[107] _DxePcdSetPtr
0x000020F9	0x000000A0	[107] _DxePcdSetBool
0x00002199	0x000000AA	[107] _DxePcdSet8Ex
0x00002243	0x000000AB	[107] _DxePcdSet16Ex
0x000022EE	0x000000AA	[107] _DxePcdSet32Ex
0x00002398	0x000000AA	[107] _DxePcdSet64Ex
0x00002442	0x000000A4	[107] _DxePcdSetPtrEx
0x000024E6	0x000000AA	[107] _DxePcdSetBoolEx
0x00002590	0x000000D5	[107] _DxeRegisterCallBackOnSet
0x00002665	0x000000D5	[107] _DxeUnRegisterCallBackOnSet
0x0000273A	0x000001A1	[107] _DxePcdGetNextToken
0x000028DB	0x0000028B	[107] _DxePcdGetNextTokenSpace
0x00002B66	0x00000094	[107] _DxeGetPcdInfoGetInfo
0x00002BFA	0x00000098	[107] _DxeGetPcdInfoGetInfoEx
0x00002C92	0x00000011	[107] _DxeGetPcdInfoGetSku
0x00002CA3	0x00000170	[107] _PcdDxeInit
0x00002E13	0x00000075	[107] _GetDistinctTokenSpace
0x00002E88	0x000000E2	[108] _GetPcdName
0x00002F6A	0x000001BA	[108] _ExGetPcdInfo
0x00003124	0x000001BC	[108] _DxeGetPcdInfo
0x000032E0	0x000001CD	[108] _GetWorker
0x000034AD	0x00000087	[108] _GetHiiVariable
0x00003534	0x00000070	[108] _GetPtrTypeSize
0x000035A4	0x00000070	[108] _DxeRegisterCallBackWorker
0x00003614	0x00000105	[108] _GetExPcdTokenNumber
0x00003719	0x0000007E	[108] _DxeUnRegisterCallBackWorker
0x00003797	0x000000D1	[108] _ExGetNextTokeNumber
0x0000386A	0x0000015A	[108] _UpdatePcdDatabase
0x000039C4	0x0000021C	[108] _BuildPcdDxeDataBase
0x00003BE0	0x0000007C	[108] _InvokeCallbackOnSet
0x00003C5C	0x0000001F	[108] _SetValueWorker
0x00003C7B	0x000002A9	[108] _SetWorker
0x00003F24	0x00000087	[108] _SetPtrTypeSize
0x00003FAB	0x00000176	[108] _SetHiiVariable
0x00004121	0x0000001F	[108] _ExGetWorker
0x00004140	0x00000020	[108] _ExSetValueWorker
0x00004160	0x0000005D	[108] _ExSetWorker
0x000041BD	0x0000014C	[108] _GetVariableSizeAndDataFromHiiPcd
0x00004309	0x000000D8	[108] _VariableLockDynamicHiiPcd
0x000043E1	0x000000CB	[108] _VariableLockCallBack
0x000044AC	0x0000003D	[109] _ProcessLibraryConstructorList
0x000044E9	0x00000006	[109] _ProcessLibraryDestructorList
0x000044EF	0x0000000A	[109] _ProcessModuleEntryPointList
0x000044F9	0x00000008	[109] _ProcessModuleUnloadList
0x00004504	0x00000004	[109] __gPcd_FixedAtBuild_PcdVpdBaseAddress
0x00004508	0x00000004	[109] __gPcd_FixedAtBuild_PcdControlFlowEnforcementPropertyMask
0x0000450C	0x00000004	[109] __gUefiDriverRevision
0x00004510	0x00000001	[109] __gDriverUnloadImageCount
0x00004520	0x00000002	[ 37] _m16Size
0x00004522	0x00000002	[ 37] _mThunk16Attr
0x00004524	0x00000002	[ 37] _m16Gdt
0x00004526	0x00000002	[ 37] _m16GdtrBase
0x00004528	0x00000002	[ 37] _mTransition
0x00004530	0x00000018	[107] _mPcdDatabaseLock
0x00004548	0x000000F8	[107] _mPcdInstance
0x00004640	0x00000090	[107] _mEfiPcdInstance
0x000046D0	0x00000018	[107] _mGetPcdInfoInstance
0x000046E8	0x00000010	[107] _mEfiGetPcdInfoInstance
0x000046F8	0x00000010	[109] _gEfiCallerIdGuid
0x00004708	0x00000010	[109] _gPcdDataBaseHobGuid
0x00004718	0x00000010	[109] _gPcdDataBaseSignatureGuid
0x00004728	0x00000010	[109] _gEfiMdeModulePkgTokenSpaceGuid
0x00004738	0x00000010	[109] _gEfiHobListGuid
0x00004748	0x00000010	[109] _gPcdProtocolGuid
0x00004758	0x00000010	[109] _gEfiPcdProtocolGuid
0x00004768	0x00000010	[109] _gGetPcdInfoProtocolGuid
0x00004778	0x00000010	[109] _gEfiGetPcdInfoProtocolGuid
0x00004788	0x00000010	[109] _gEdkiiVariableLockProtocolGuid
0x00004798	0x00000010	[109] _gEfiLoadedImageProtocolGuid
0x000047A8	0x00000010	[109] _gEfiFirmwareVolume2ProtocolGuid
0x000047B8	0x00000008	[ 88] _gImageHandle
0x000047C0	0x00000008	[ 88] _gST
0x000047C8	0x00000008	[ 88] _gBS
0x000047D0	0x00000008	[ 96] _gRT
0x000047D8	0x00000008	[103] _mHobList
0x000047E0	0x00000008	[107] _mPcdHandle
0x000047E8	0x00000008	[107] _mVpdBaseAddress
0x000047F0	0x00000008	[108] _mPeiPcdDbSize
0x000047F8	0x00000008	[108] _mPeiPcdDbBinary
0x00004800	0x00000008	[108] _mDxePcdDbSize
0x00004808	0x00000008	[108] _mDxePcdDbBinary
0x00004810	0x00000008	[108] _TmpTokenSpaceBuffer
0x00004818	0x00000008	[108] _TmpTokenSpaceBufferCount
0x00004820	0x00000008	[108] _mCallbackFnTable
0x00004828	0x00000001	[108] _mDxeExMapTableEmpty
0x0000482C	0x00000004	[108] _mDxeExMapppingTableSize
0x00004830	0x00000004	[108] _mDxeGuidTableSize
0x00004834	0x00000004	[108] _mDxeLocalTokenCount
0x00004838	0x00000004	[108] _mDxeNexTokenCount
0x00004840	0x00000010	[108] _mPcdDatabase
0x00004850	0x00000004	[108] _mPcdTotalTokenCount
0x00004854	0x00000001	[108] _mPeiDatabaseEmpty
0x00004855	0x00000001	[108] _mPeiExMapTableEmpty
0x00004858	0x00000004	[108] _mPeiExMapppingTableSize
0x0000485C	0x00000004	[108] _mPeiGuidTableSize
0x00004860	0x00000004	[108] _mPeiLocalTokenCount
0x00004864	0x00000004	[108] _mPeiNexTokenCount
