# Path: /Users/weisiyuan/src/edk2/Build/Clover/RELEASE_XCODE8/X64/IntelFrameworkModulePkg/Bus/Isa/Ps2KeyboardDxe/Ps2keyboardDxe/DEBUG/Ps2KeyboardDxe.dll
# Arch: x86_64
# Object files:
[  0] linker synthesized
[  1] /Users/weisiyuan/src/edk2/Build/Clover/RELEASE_XCODE8/X64/MdePkg/Library/BasePcdLibNull/BasePcdLibNull/OUTPUT/BasePcdLibNull.lib(PcdLib.obj)
[  2] /Users/weisiyuan/src/edk2/Build/Clover/RELEASE_XCODE8/X64/MdePkg/Library/BaseMemoryLib/BaseMemoryLib/OUTPUT/BaseMemoryLib.lib(SetMem.obj)
[  3] /Users/weisiyuan/src/edk2/Build/Clover/RELEASE_XCODE8/X64/MdePkg/Library/BaseMemoryLib/BaseMemoryLib/OUTPUT/BaseMemoryLib.lib(ScanMem64Wrapper.obj)
[  4] /Users/weisiyuan/src/edk2/Build/Clover/RELEASE_XCODE8/X64/MdePkg/Library/BaseMemoryLib/BaseMemoryLib/OUTPUT/BaseMemoryLib.lib(ScanMem32Wrapper.obj)
[  5] /Users/weisiyuan/src/edk2/Build/Clover/RELEASE_XCODE8/X64/MdePkg/Library/BaseMemoryLib/BaseMemoryLib/OUTPUT/BaseMemoryLib.lib(ScanMem16Wrapper.obj)
[  6] /Users/weisiyuan/src/edk2/Build/Clover/RELEASE_XCODE8/X64/MdePkg/Library/BaseMemoryLib/BaseMemoryLib/OUTPUT/BaseMemoryLib.lib(ScanMem8Wrapper.obj)
[  7] /Users/weisiyuan/src/edk2/Build/Clover/RELEASE_XCODE8/X64/MdePkg/Library/BaseMemoryLib/BaseMemoryLib/OUTPUT/BaseMemoryLib.lib(ZeroMemWrapper.obj)
[  8] /Users/weisiyuan/src/edk2/Build/Clover/RELEASE_XCODE8/X64/MdePkg/Library/BaseMemoryLib/BaseMemoryLib/OUTPUT/BaseMemoryLib.lib(CompareMemWrapper.obj)
[  9] /Users/weisiyuan/src/edk2/Build/Clover/RELEASE_XCODE8/X64/MdePkg/Library/BaseMemoryLib/BaseMemoryLib/OUTPUT/BaseMemoryLib.lib(SetMem64Wrapper.obj)
[ 10] /Users/weisiyuan/src/edk2/Build/Clover/RELEASE_XCODE8/X64/MdePkg/Library/BaseMemoryLib/BaseMemoryLib/OUTPUT/BaseMemoryLib.lib(SetMem32Wrapper.obj)
[ 11] /Users/weisiyuan/src/edk2/Build/Clover/RELEASE_XCODE8/X64/MdePkg/Library/BaseMemoryLib/BaseMemoryLib/OUTPUT/BaseMemoryLib.lib(SetMem16Wrapper.obj)
[ 12] /Users/weisiyuan/src/edk2/Build/Clover/RELEASE_XCODE8/X64/MdePkg/Library/BaseMemoryLib/BaseMemoryLib/OUTPUT/BaseMemoryLib.lib(SetMemWrapper.obj)
[ 13] /Users/weisiyuan/src/edk2/Build/Clover/RELEASE_XCODE8/X64/MdePkg/Library/BaseMemoryLib/BaseMemoryLib/OUTPUT/BaseMemoryLib.lib(CopyMemWrapper.obj)
[ 14] /Users/weisiyuan/src/edk2/Build/Clover/RELEASE_XCODE8/X64/MdePkg/Library/BaseMemoryLib/BaseMemoryLib/OUTPUT/BaseMemoryLib.lib(IsZeroBufferWrapper.obj)
[ 15] /Users/weisiyuan/src/edk2/Build/Clover/RELEASE_XCODE8/X64/MdePkg/Library/BaseMemoryLib/BaseMemoryLib/OUTPUT/BaseMemoryLib.lib(MemLibGeneric.obj)
[ 16] /Users/weisiyuan/src/edk2/Build/Clover/RELEASE_XCODE8/X64/MdePkg/Library/BaseMemoryLib/BaseMemoryLib/OUTPUT/BaseMemoryLib.lib(MemLibGuid.obj)
[ 17] /Users/weisiyuan/src/edk2/Build/Clover/RELEASE_XCODE8/X64/MdePkg/Library/BaseMemoryLib/BaseMemoryLib/OUTPUT/BaseMemoryLib.lib(CopyMem.obj)
[ 18] /Users/weisiyuan/src/edk2/Build/Clover/RELEASE_XCODE8/X64/MdePkg/Library/BaseLib/BaseLib/OUTPUT/BaseLib.lib(CheckSum.obj)
[ 19] /Users/weisiyuan/src/edk2/Build/Clover/RELEASE_XCODE8/X64/MdePkg/Library/BaseLib/BaseLib/OUTPUT/BaseLib.lib(SwitchStack.obj)
[ 20] /Users/weisiyuan/src/edk2/Build/Clover/RELEASE_XCODE8/X64/MdePkg/Library/BaseLib/BaseLib/OUTPUT/BaseLib.lib(SwapBytes64.obj)
[ 21] /Users/weisiyuan/src/edk2/Build/Clover/RELEASE_XCODE8/X64/MdePkg/Library/BaseLib/BaseLib/OUTPUT/BaseLib.lib(SwapBytes32.obj)
[ 22] /Users/weisiyuan/src/edk2/Build/Clover/RELEASE_XCODE8/X64/MdePkg/Library/BaseLib/BaseLib/OUTPUT/BaseLib.lib(SwapBytes16.obj)
[ 23] /Users/weisiyuan/src/edk2/Build/Clover/RELEASE_XCODE8/X64/MdePkg/Library/BaseLib/BaseLib/OUTPUT/BaseLib.lib(LongJump.obj)
[ 24] /Users/weisiyuan/src/edk2/Build/Clover/RELEASE_XCODE8/X64/MdePkg/Library/BaseLib/BaseLib/OUTPUT/BaseLib.lib(SetJump.obj)
[ 25] /Users/weisiyuan/src/edk2/Build/Clover/RELEASE_XCODE8/X64/MdePkg/Library/BaseLib/BaseLib/OUTPUT/BaseLib.lib(RShiftU64.obj)
[ 26] /Users/weisiyuan/src/edk2/Build/Clover/RELEASE_XCODE8/X64/MdePkg/Library/BaseLib/BaseLib/OUTPUT/BaseLib.lib(RRotU64.obj)
[ 27] /Users/weisiyuan/src/edk2/Build/Clover/RELEASE_XCODE8/X64/MdePkg/Library/BaseLib/BaseLib/OUTPUT/BaseLib.lib(RRotU32.obj)
[ 28] /Users/weisiyuan/src/edk2/Build/Clover/RELEASE_XCODE8/X64/MdePkg/Library/BaseLib/BaseLib/OUTPUT/BaseLib.lib(MultU64x64.obj)
[ 29] /Users/weisiyuan/src/edk2/Build/Clover/RELEASE_XCODE8/X64/MdePkg/Library/BaseLib/BaseLib/OUTPUT/BaseLib.lib(MultU64x32.obj)
[ 30] /Users/weisiyuan/src/edk2/Build/Clover/RELEASE_XCODE8/X64/MdePkg/Library/BaseLib/BaseLib/OUTPUT/BaseLib.lib(MultS64x64.obj)
[ 31] /Users/weisiyuan/src/edk2/Build/Clover/RELEASE_XCODE8/X64/MdePkg/Library/BaseLib/BaseLib/OUTPUT/BaseLib.lib(ModU64x32.obj)
[ 32] /Users/weisiyuan/src/edk2/Build/Clover/RELEASE_XCODE8/X64/MdePkg/Library/BaseLib/BaseLib/OUTPUT/BaseLib.lib(LShiftU64.obj)
[ 33] /Users/weisiyuan/src/edk2/Build/Clover/RELEASE_XCODE8/X64/MdePkg/Library/BaseLib/BaseLib/OUTPUT/BaseLib.lib(LRotU64.obj)
[ 34] /Users/weisiyuan/src/edk2/Build/Clover/RELEASE_XCODE8/X64/MdePkg/Library/BaseLib/BaseLib/OUTPUT/BaseLib.lib(LRotU32.obj)
[ 35] /Users/weisiyuan/src/edk2/Build/Clover/RELEASE_XCODE8/X64/MdePkg/Library/BaseLib/BaseLib/OUTPUT/BaseLib.lib(LowBitSet64.obj)
[ 36] /Users/weisiyuan/src/edk2/Build/Clover/RELEASE_XCODE8/X64/MdePkg/Library/BaseLib/BaseLib/OUTPUT/BaseLib.lib(LowBitSet32.obj)
[ 37] /Users/weisiyuan/src/edk2/Build/Clover/RELEASE_XCODE8/X64/MdePkg/Library/BaseLib/BaseLib/OUTPUT/BaseLib.lib(HighBitSet64.obj)
[ 38] /Users/weisiyuan/src/edk2/Build/Clover/RELEASE_XCODE8/X64/MdePkg/Library/BaseLib/BaseLib/OUTPUT/BaseLib.lib(HighBitSet32.obj)
[ 39] /Users/weisiyuan/src/edk2/Build/Clover/RELEASE_XCODE8/X64/MdePkg/Library/BaseLib/BaseLib/OUTPUT/BaseLib.lib(GetPowerOfTwo64.obj)
[ 40] /Users/weisiyuan/src/edk2/Build/Clover/RELEASE_XCODE8/X64/MdePkg/Library/BaseLib/BaseLib/OUTPUT/BaseLib.lib(GetPowerOfTwo32.obj)
[ 41] /Users/weisiyuan/src/edk2/Build/Clover/RELEASE_XCODE8/X64/MdePkg/Library/BaseLib/BaseLib/OUTPUT/BaseLib.lib(DivU64x64Remainder.obj)
[ 42] /Users/weisiyuan/src/edk2/Build/Clover/RELEASE_XCODE8/X64/MdePkg/Library/BaseLib/BaseLib/OUTPUT/BaseLib.lib(DivU64x32Remainder.obj)
[ 43] /Users/weisiyuan/src/edk2/Build/Clover/RELEASE_XCODE8/X64/MdePkg/Library/BaseLib/BaseLib/OUTPUT/BaseLib.lib(DivU64x32.obj)
[ 44] /Users/weisiyuan/src/edk2/Build/Clover/RELEASE_XCODE8/X64/MdePkg/Library/BaseLib/BaseLib/OUTPUT/BaseLib.lib(DivS64x64Remainder.obj)
[ 45] /Users/weisiyuan/src/edk2/Build/Clover/RELEASE_XCODE8/X64/MdePkg/Library/BaseLib/BaseLib/OUTPUT/BaseLib.lib(ARShiftU64.obj)
[ 46] /Users/weisiyuan/src/edk2/Build/Clover/RELEASE_XCODE8/X64/MdePkg/Library/BaseLib/BaseLib/OUTPUT/BaseLib.lib(BitField.obj)
[ 47] /Users/weisiyuan/src/edk2/Build/Clover/RELEASE_XCODE8/X64/MdePkg/Library/BaseLib/BaseLib/OUTPUT/BaseLib.lib(CpuDeadLoop.obj)
[ 48] /Users/weisiyuan/src/edk2/Build/Clover/RELEASE_XCODE8/X64/MdePkg/Library/BaseLib/BaseLib/OUTPUT/BaseLib.lib(Cpu.obj)
[ 49] /Users/weisiyuan/src/edk2/Build/Clover/RELEASE_XCODE8/X64/MdePkg/Library/BaseLib/BaseLib/OUTPUT/BaseLib.lib(LinkedList.obj)
[ 50] /Users/weisiyuan/src/edk2/Build/Clover/RELEASE_XCODE8/X64/MdePkg/Library/BaseLib/BaseLib/OUTPUT/BaseLib.lib(SafeString.obj)
[ 51] /Users/weisiyuan/src/edk2/Build/Clover/RELEASE_XCODE8/X64/MdePkg/Library/BaseLib/BaseLib/OUTPUT/BaseLib.lib(String.obj)
[ 52] /Users/weisiyuan/src/edk2/Build/Clover/RELEASE_XCODE8/X64/MdePkg/Library/BaseLib/BaseLib/OUTPUT/BaseLib.lib(FilePaths.obj)
[ 53] /Users/weisiyuan/src/edk2/Build/Clover/RELEASE_XCODE8/X64/MdePkg/Library/BaseLib/BaseLib/OUTPUT/BaseLib.lib(Thunk16.obj)
[ 54] /Users/weisiyuan/src/edk2/Build/Clover/RELEASE_XCODE8/X64/MdePkg/Library/BaseLib/BaseLib/OUTPUT/BaseLib.lib(WriteTr.obj)
[ 55] /Users/weisiyuan/src/edk2/Build/Clover/RELEASE_XCODE8/X64/MdePkg/Library/BaseLib/BaseLib/OUTPUT/BaseLib.lib(Lfence.obj)
[ 56] /Users/weisiyuan/src/edk2/Build/Clover/RELEASE_XCODE8/X64/MdePkg/Library/BaseLib/BaseLib/OUTPUT/BaseLib.lib(Non-existing.obj)
[ 57] /Users/weisiyuan/src/edk2/Build/Clover/RELEASE_XCODE8/X64/MdePkg/Library/BaseLib/BaseLib/OUTPUT/BaseLib.lib(Math64.obj)
[ 58] /Users/weisiyuan/src/edk2/Build/Clover/RELEASE_XCODE8/X64/MdePkg/Library/BaseLib/BaseLib/OUTPUT/BaseLib.lib(Unaligned.obj)
[ 59] /Users/weisiyuan/src/edk2/Build/Clover/RELEASE_XCODE8/X64/MdePkg/Library/BaseLib/BaseLib/OUTPUT/BaseLib.lib(X86WriteIdtr.obj)
[ 60] /Users/weisiyuan/src/edk2/Build/Clover/RELEASE_XCODE8/X64/MdePkg/Library/BaseLib/BaseLib/OUTPUT/BaseLib.lib(X86WriteGdtr.obj)
[ 61] /Users/weisiyuan/src/edk2/Build/Clover/RELEASE_XCODE8/X64/MdePkg/Library/BaseLib/BaseLib/OUTPUT/BaseLib.lib(X86Thunk.obj)
[ 62] /Users/weisiyuan/src/edk2/Build/Clover/RELEASE_XCODE8/X64/MdePkg/Library/BaseLib/BaseLib/OUTPUT/BaseLib.lib(X86ReadIdtr.obj)
[ 63] /Users/weisiyuan/src/edk2/Build/Clover/RELEASE_XCODE8/X64/MdePkg/Library/BaseLib/BaseLib/OUTPUT/BaseLib.lib(X86ReadGdtr.obj)
[ 64] /Users/weisiyuan/src/edk2/Build/Clover/RELEASE_XCODE8/X64/MdePkg/Library/BaseLib/BaseLib/OUTPUT/BaseLib.lib(X86Msr.obj)
[ 65] /Users/weisiyuan/src/edk2/Build/Clover/RELEASE_XCODE8/X64/MdePkg/Library/BaseLib/BaseLib/OUTPUT/BaseLib.lib(X86GetInterruptState.obj)
[ 66] /Users/weisiyuan/src/edk2/Build/Clover/RELEASE_XCODE8/X64/MdePkg/Library/BaseLib/BaseLib/OUTPUT/BaseLib.lib(X86FxSave.obj)
[ 67] /Users/weisiyuan/src/edk2/Build/Clover/RELEASE_XCODE8/X64/MdePkg/Library/BaseLib/BaseLib/OUTPUT/BaseLib.lib(X86FxRestore.obj)
[ 68] /Users/weisiyuan/src/edk2/Build/Clover/RELEASE_XCODE8/X64/MdePkg/Library/BaseLib/BaseLib/OUTPUT/BaseLib.lib(X86EnablePaging64.obj)
[ 69] /Users/weisiyuan/src/edk2/Build/Clover/RELEASE_XCODE8/X64/MdePkg/Library/BaseLib/BaseLib/OUTPUT/BaseLib.lib(X86EnablePaging32.obj)
[ 70] /Users/weisiyuan/src/edk2/Build/Clover/RELEASE_XCODE8/X64/MdePkg/Library/BaseLib/BaseLib/OUTPUT/BaseLib.lib(X86DisablePaging64.obj)
[ 71] /Users/weisiyuan/src/edk2/Build/Clover/RELEASE_XCODE8/X64/MdePkg/Library/BaseLib/BaseLib/OUTPUT/BaseLib.lib(X86DisablePaging32.obj)
[ 72] /Users/weisiyuan/src/edk2/Build/Clover/RELEASE_XCODE8/X64/MdePkg/Library/BaseLib/BaseLib/OUTPUT/BaseLib.lib(X86RdRand.obj)
[ 73] /Users/weisiyuan/src/edk2/Build/Clover/RELEASE_XCODE8/X64/MdePkg/Library/BaseLib/BaseLib/OUTPUT/BaseLib.lib(X86PatchInstruction.obj)
[ 74] /Users/weisiyuan/src/edk2/Build/Clover/RELEASE_XCODE8/X64/MdePkg/Library/BaseLib/BaseLib/OUTPUT/BaseLib.lib(X86SpeculationBarrier.obj)
[ 75] /Users/weisiyuan/src/edk2/Build/Clover/RELEASE_XCODE8/X64/MdePkg/Library/BaseLib/BaseLib/OUTPUT/BaseLib.lib(GccInline.obj)
[ 76] /Users/weisiyuan/src/edk2/Build/Clover/RELEASE_XCODE8/X64/MdePkg/Library/BaseLib/BaseLib/OUTPUT/BaseLib.lib(SwitchStack.obj)
[ 77] /Users/weisiyuan/src/edk2/Build/Clover/RELEASE_XCODE8/X64/MdePkg/Library/BaseLib/BaseLib/OUTPUT/BaseLib.lib(SetJump.obj)
[ 78] /Users/weisiyuan/src/edk2/Build/Clover/RELEASE_XCODE8/X64/MdePkg/Library/BaseLib/BaseLib/OUTPUT/BaseLib.lib(LongJump.obj)
[ 79] /Users/weisiyuan/src/edk2/Build/Clover/RELEASE_XCODE8/X64/MdePkg/Library/BaseLib/BaseLib/OUTPUT/BaseLib.lib(EnableDisableInterrupts.obj)
[ 80] /Users/weisiyuan/src/edk2/Build/Clover/RELEASE_XCODE8/X64/MdePkg/Library/BaseLib/BaseLib/OUTPUT/BaseLib.lib(DisablePaging64.obj)
[ 81] /Users/weisiyuan/src/edk2/Build/Clover/RELEASE_XCODE8/X64/MdePkg/Library/BaseLib/BaseLib/OUTPUT/BaseLib.lib(CpuId.obj)
[ 82] /Users/weisiyuan/src/edk2/Build/Clover/RELEASE_XCODE8/X64/MdePkg/Library/BaseLib/BaseLib/OUTPUT/BaseLib.lib(CpuIdEx.obj)
[ 83] /Users/weisiyuan/src/edk2/Build/Clover/RELEASE_XCODE8/X64/MdePkg/Library/BaseLib/BaseLib/OUTPUT/BaseLib.lib(EnableCache.obj)
[ 84] /Users/weisiyuan/src/edk2/Build/Clover/RELEASE_XCODE8/X64/MdePkg/Library/BaseLib/BaseLib/OUTPUT/BaseLib.lib(DisableCache.obj)
[ 85] /Users/weisiyuan/src/edk2/Build/Clover/RELEASE_XCODE8/X64/MdePkg/Library/BaseLib/BaseLib/OUTPUT/BaseLib.lib(RdRand.obj)
[ 86] /Users/weisiyuan/src/edk2/Build/Clover/RELEASE_XCODE8/X64/MdePkg/Library/BaseLib/BaseLib/OUTPUT/BaseLib.lib(ChkStkGcc.obj)
[ 87] /Users/weisiyuan/src/edk2/Build/Clover/RELEASE_XCODE8/X64/MdePkg/Library/BaseDebugLibNull/BaseDebugLibNull/OUTPUT/BaseDebugLibNull.lib(DebugLib.obj)
[ 88] /Users/weisiyuan/src/edk2/Build/Clover/RELEASE_XCODE8/X64/MdePkg/Library/UefiBootServicesTableLib/UefiBootServicesTableLib/OUTPUT/UefiBootServicesTableLib.lib(UefiBootServicesTableLib.obj)
[ 89] /Users/weisiyuan/src/edk2/Build/Clover/RELEASE_XCODE8/X64/MdePkg/Library/BasePrintLib/BasePrintLib/OUTPUT/BasePrintLib.lib(PrintLibInternal.obj)
[ 90] /Users/weisiyuan/src/edk2/Build/Clover/RELEASE_XCODE8/X64/MdePkg/Library/BasePrintLib/BasePrintLib/OUTPUT/BasePrintLib.lib(PrintLib.obj)
[ 91] /Users/weisiyuan/src/edk2/Build/Clover/RELEASE_XCODE8/X64/MdePkg/Library/UefiMemoryAllocationLib/UefiMemoryAllocationLib/OUTPUT/UefiMemoryAllocationLib.lib(MemoryAllocationLib.obj)
[ 92] /Users/weisiyuan/src/edk2/Build/Clover/RELEASE_XCODE8/X64/MdePkg/Library/UefiDevicePathLib/UefiDevicePathLib/OUTPUT/UefiDevicePathLib.lib(DevicePathUtilities.obj)
[ 93] /Users/weisiyuan/src/edk2/Build/Clover/RELEASE_XCODE8/X64/MdePkg/Library/UefiDevicePathLib/UefiDevicePathLib/OUTPUT/UefiDevicePathLib.lib(DevicePathToText.obj)
[ 94] /Users/weisiyuan/src/edk2/Build/Clover/RELEASE_XCODE8/X64/MdePkg/Library/UefiDevicePathLib/UefiDevicePathLib/OUTPUT/UefiDevicePathLib.lib(DevicePathFromText.obj)
[ 95] /Users/weisiyuan/src/edk2/Build/Clover/RELEASE_XCODE8/X64/MdePkg/Library/UefiDevicePathLib/UefiDevicePathLib/OUTPUT/UefiDevicePathLib.lib(UefiDevicePathLib.obj)
[ 96] /Users/weisiyuan/src/edk2/Build/Clover/RELEASE_XCODE8/X64/MdePkg/Library/UefiRuntimeServicesTableLib/UefiRuntimeServicesTableLib/OUTPUT/UefiRuntimeServicesTableLib.lib(UefiRuntimeServicesTableLib.obj)
[ 97] /Users/weisiyuan/src/edk2/Build/Clover/RELEASE_XCODE8/X64/MdePkg/Library/UefiLib/UefiLib/OUTPUT/UefiLib.lib(UefiLibPrint.obj)
[ 98] /Users/weisiyuan/src/edk2/Build/Clover/RELEASE_XCODE8/X64/MdePkg/Library/UefiLib/UefiLib/OUTPUT/UefiLib.lib(UefiNotTiano.obj)
[ 99] /Users/weisiyuan/src/edk2/Build/Clover/RELEASE_XCODE8/X64/MdePkg/Library/UefiLib/UefiLib/OUTPUT/UefiLib.lib(UefiDriverModel.obj)
[100] /Users/weisiyuan/src/edk2/Build/Clover/RELEASE_XCODE8/X64/MdePkg/Library/UefiLib/UefiLib/OUTPUT/UefiLib.lib(Console.obj)
[101] /Users/weisiyuan/src/edk2/Build/Clover/RELEASE_XCODE8/X64/MdePkg/Library/UefiLib/UefiLib/OUTPUT/UefiLib.lib(UefiLib.obj)
[102] /Users/weisiyuan/src/edk2/Build/Clover/RELEASE_XCODE8/X64/MdePkg/Library/UefiLib/UefiLib/OUTPUT/UefiLib.lib(Acpi.obj)
[103] /Users/weisiyuan/src/edk2/Build/Clover/RELEASE_XCODE8/X64/MdePkg/Library/BaseIoLibIntrinsic/BaseIoLibIntrinsic/OUTPUT/BaseIoLibIntrinsic.lib(IoLibMmioBuffer.obj)
[104] /Users/weisiyuan/src/edk2/Build/Clover/RELEASE_XCODE8/X64/MdePkg/Library/BaseIoLibIntrinsic/BaseIoLibIntrinsic/OUTPUT/BaseIoLibIntrinsic.lib(IoHighLevel.obj)
[105] /Users/weisiyuan/src/edk2/Build/Clover/RELEASE_XCODE8/X64/MdePkg/Library/BaseIoLibIntrinsic/BaseIoLibIntrinsic/OUTPUT/BaseIoLibIntrinsic.lib(IoLibGcc.obj)
[106] /Users/weisiyuan/src/edk2/Build/Clover/RELEASE_XCODE8/X64/MdePkg/Library/BaseIoLibIntrinsic/BaseIoLibIntrinsic/OUTPUT/BaseIoLibIntrinsic.lib(IoLib.obj)
[107] /Users/weisiyuan/src/edk2/Build/Clover/RELEASE_XCODE8/X64/MdePkg/Library/BaseIoLibIntrinsic/BaseIoLibIntrinsic/OUTPUT/BaseIoLibIntrinsic.lib(IoFifo.obj)
[108] /Users/weisiyuan/src/edk2/Build/Clover/RELEASE_XCODE8/X64/MdePkg/Library/DxeHobLib/DxeHobLib/OUTPUT/DxeHobLib.lib(HobLib.obj)
[109] /Users/weisiyuan/src/edk2/Build/Clover/RELEASE_XCODE8/X64/MdePkg/Library/BaseReportStatusCodeLibNull/BaseReportStatusCodeLibNull/OUTPUT/BaseReportStatusCodeLibNull.lib(BaseReportStatusCodeLib.obj)
[110] /Users/weisiyuan/src/edk2/Build/Clover/RELEASE_XCODE8/X64/MdePkg/Library/UefiDriverEntryPoint/UefiDriverEntryPoint/OUTPUT/UefiDriverEntryPoint.lib(DriverEntryPoint.obj)
[111] /Users/weisiyuan/src/edk2/Build/Clover/RELEASE_XCODE8/X64/Clover/Library/DuetTimerLib/DuetTimerLib/OUTPUT/DuetTimerLib.lib(X86TimerLib.obj)
[112] /Users/weisiyuan/src/edk2/Build/Clover/RELEASE_XCODE8/X64/IntelFrameworkModulePkg/Bus/Isa/Ps2KeyboardDxe/Ps2keyboardDxe/OUTPUT/Ps2KeyboardDxe.lib(ComponentName.obj)
[113] /Users/weisiyuan/src/edk2/Build/Clover/RELEASE_XCODE8/X64/IntelFrameworkModulePkg/Bus/Isa/Ps2KeyboardDxe/Ps2keyboardDxe/OUTPUT/Ps2KeyboardDxe.lib(Ps2KbdCtrller.obj)
[114] /Users/weisiyuan/src/edk2/Build/Clover/RELEASE_XCODE8/X64/IntelFrameworkModulePkg/Bus/Isa/Ps2KeyboardDxe/Ps2keyboardDxe/OUTPUT/Ps2KeyboardDxe.lib(Ps2KbdTextIn.obj)
[115] /Users/weisiyuan/src/edk2/Build/Clover/RELEASE_XCODE8/X64/IntelFrameworkModulePkg/Bus/Isa/Ps2KeyboardDxe/Ps2keyboardDxe/OUTPUT/Ps2KeyboardDxe.lib(Ps2Keyboard.obj)
[116] /Users/weisiyuan/src/edk2/Build/Clover/RELEASE_XCODE8/X64/IntelFrameworkModulePkg/Bus/Isa/Ps2KeyboardDxe/Ps2keyboardDxe/OUTPUT/Ps2KeyboardDxe.lib(AutoGen.obj)
# Sections:
# Address	Size    	Segment	Section
0x00000240	0x00003C3D	__TEXT	__text
0x00003E7D	0x0000000E	__TEXT	__cstring
0x00003E8C	0x00000054	__TEXT	__ustring
0x00003EE0	0x00000011	__TEXT	__const
0x00003F00	0x00000410	__DATA	__data
0x00004310	0x00000031	__DATA	__common
# Symbols:
# Address	Size    	File  Name
0x00000240	0x00000000	[  0] ___dso_handle
0x00000240	0x000000E8	[  2] _InternalMemSetMem
0x00000328	0x00000014	[  7] _ZeroMem
0x0000033C	0x00000019	[ 13] _CopyMem
0x00000355	0x0000000D	[ 15] _InternalMemZeroMem
0x00000362	0x00000055	[ 16] _CompareGuid
0x000003B7	0x000001E2	[ 17] _InternalMemCopyMem
0x00000599	0x00000006	[ 24] _InternalAssertJumpBuffer
0x0000059F	0x0000000A	[ 29] _MultU64x32
0x000005A9	0x0000000A	[ 32] _LShiftU64
0x000005B3	0x0000000A	[ 43] _DivU64x32
0x000005BD	0x00000010	[ 49] _InitializeListHead
0x000005CD	0x0000001B	[ 49] _InsertTailList
0x000005E8	0x00000009	[ 49] _GetFirstNode
0x000005F1	0x00000009	[ 49] _GetNextNode
0x000005FA	0x0000000C	[ 49] _IsListEmpty
0x00000606	0x0000000C	[ 49] _IsNull
0x00000612	0x0000001B	[ 49] _RemoveEntryList
0x0000062D	0x0000003C	[ 51] _StrSize
0x00000669	0x00000039	[ 51] _AsciiStrSize
0x000006A2	0x000000B6	[ 51] _AsciiStrnCmp
0x00000758	0x00000000	[ 53] SavedGdt
0x00000758	0x0000000A	[ 53] _m16Start
0x00000762	0x00000008	[ 53] _BackFromUserCode
0x0000076A	0x00000014	[ 53] _BackFromUserCode.Base
0x0000077E	0x0000000D	[ 53] _BackFromUserCode.ThunkAttrEnd
0x0000078B	0x0000000B	[ 53] _BackFromUserCode.1
0x00000796	0x00000036	[ 53] _BackFromUserCode.2
0x000007CC	0x0000001C	[ 53] _BackFromUserCode.SavedCr4End
0x000007E8	0x0000000B	[ 53] _BackFromUserCode.SavedCr0End
0x000007F3	0x0000000B	[ 53] _BackFromUserCode.X64JmpEnd
0x000007FE	0x00000002	[ 53] _BackFromUserCode.SavedSpEnd
0x00000800	0x00000006	[ 53] _EntryPoint
0x00000806	0x00000002	[ 53] _16Gdtr
0x00000808	0x00000008	[ 53] _16GdtrBase
0x00000810	0x00000006	[ 53] _16Idtr
0x00000816	0x00000028	[ 53] _ToUserCode
0x0000083E	0x0000000F	[ 53] _ToUserCode.Base
0x0000084D	0x0000001B	[ 53] _ToUserCode.RealMode
0x00000868	0x00000008	[ 53] _NullSeg
0x00000870	0x00000008	[ 53] _16Code
0x00000878	0x00000008	[ 53] _16Data
0x00000880	0x00000008	[ 53] _32Data
0x00000888	0x000000B4	[ 53] _InternalAsmThunk16
0x0000093C	0x00000020	[ 53] _InternalAsmThunk16.RetFromRealMode
0x0000095C	0x00000006	[ 54] _AsmWriteTr
0x00000962	0x00000004	[ 55] _AsmLfence
0x00000966	0x0000000E	[ 57] _InternalMathLShiftU64
0x00000974	0x0000000C	[ 57] _InternalMathMultU64x32
0x00000980	0x00000011	[ 57] _InternalMathDivU64x32
0x00000991	0x0000000D	[ 58] _ReadUnaligned24
0x0000099E	0x00000009	[ 58] _ReadUnaligned64
0x000009A7	0x00000008	[ 75] _CpuPause
0x000009AF	0x0000000F	[ 76] _InternalSwitchStack
0x000009BE	0x00000043	[ 77] _SetJump
0x00000A01	0x0000007F	[ 77] CetDone
0x00000A80	0x00000030	[ 78] _InternalLongJump
0x00000AB0	0x0000007C	[ 78] CetDone
0x00000B2C	0x00000003	[ 79] _EnableDisableInterrupts
0x00000B2F	0x0000003A	[ 80] _InternalX86DisablePaging64
0x00000B69	0x00000027	[ 80] _InternalX86DisablePaging64.0
0x00000B90	0x00000000	[ 80] mTransitionEnd
0x00000B90	0x0000000F	[ 81] _AsmCpuid
0x00000B9F	0x00000005	[ 81] _AsmCpuid.0
0x00000BA4	0x00000007	[ 81] _AsmCpuid.1
0x00000BAB	0x00000009	[ 81] _AsmCpuid.2
0x00000BB4	0x00000003	[ 81] _AsmCpuid.3
0x00000BB7	0x00000015	[ 82] _AsmCpuidEx
0x00000BCC	0x00000007	[ 82] _AsmCpuidEx.0
0x00000BD3	0x00000007	[ 82] _AsmCpuidEx.1
0x00000BDA	0x00000009	[ 82] _AsmCpuidEx.2
0x00000BE3	0x00000003	[ 82] _AsmCpuidEx.3
0x00000BE6	0x00000013	[ 83] _AsmEnableCache
0x00000BF9	0x00000013	[ 84] _AsmDisableCache
0x00000C0C	0x00000009	[ 85] _InternalX86RdRand16
0x00000C15	0x00000009	[ 85] rn16_ok
0x00000C1E	0x00000009	[ 85] _InternalX86RdRand32
0x00000C27	0x00000008	[ 85] rn32_ok
0x00000C2F	0x0000000A	[ 85] _InternalX86RdRand64
0x00000C39	0x00000009	[ 85] rn64_ok
0x00000C42	0x00000021	[ 88] _UefiBootServicesTableLibConstructor
0x00000C63	0x0000003D	[ 91] _AllocatePool
0x00000CA0	0x0000003B	[ 91] _InternalAllocateZeroPool
0x00000CDB	0x00000097	[ 91] _AllocateZeroPool
0x00000D72	0x00000053	[ 91] _InternalAllocateCopyPool
0x00000DC5	0x00000097	[ 91] _AllocateCopyPool
0x00000E5C	0x00000016	[ 91] _FreePool
0x00000E72	0x00000013	[ 96] _UefiRuntimeServicesTableLibConstructor
0x00000E85	0x000000C4	[ 99] _EfiLibInstallDriverBindingComponentName2
0x00000F49	0x00000008	[101] _UefiLibConstructor
0x00000F51	0x0000007A	[101] _EfiGetSystemConfigurationTable
0x00000FCB	0x0000015A	[101] _LookupUnicodeString2
0x00001125	0x00000204	[101] _AddUnicodeString2
0x00001329	0x0000004F	[101] _FreeUnicodeStringTable
0x00001378	0x00000009	[105] _IoRead32
0x00001381	0x0000000D	[107] _IoReadFifo8
0x0000138E	0x0000000E	[107] _IoReadFifo16
0x0000139C	0x0000000D	[107] _IoReadFifo32
0x000013A9	0x0000000D	[107] _IoWriteFifo8
0x000013B6	0x0000000E	[107] _IoWriteFifo16
0x000013C4	0x0000000D	[107] _IoWriteFifo32
0x000013D1	0x0000002D	[108] _HobLibConstructor
0x000013FE	0x00000052	[108] _GetNextGuidHob
0x00001450	0x00000040	[108] _GetFirstGuidHob
0x00001490	0x00000008	[109] _ReportStatusCodeWithDevicePath
0x00001498	0x00000008	[109] _ReportProgressCodeEnabled
0x000014A0	0x00000008	[109] _ReportErrorCodeEnabled
0x000014A8	0x00000008	[109] _ReportDebugCodeEnabled
0x000014B0	0x00000034	[110] __DriverUnloadHandler
0x000014E4	0x00000096	[110] __ModuleEntryPoint
0x0000157A	0x000000DF	[111] _MicroSecondDelay
0x00001659	0x00000090	[111] _InternalAcpiDelay
0x000016E9	0x0000003A	[112] _Ps2KeyboardComponentNameGetDriverName
0x00001723	0x000000FF	[112] _Ps2KeyboardComponentNameGetControllerName
0x00001825	0x00000057	[113] _PopScancodeBufHead
0x0000187D	0x0000002D	[113] _KeyReadStatusRegister
0x000018AC	0x000001EE	[113] _KeyboardTimerHandler
0x00001A9A	0x00000666	[113] _KeyGetchar
0x00002100	0x00000083	[113] _KeyboardRead
0x00002183	0x00000082	[113] _KeyboardWrite
0x00002205	0x000000BD	[113] _KeyboardCommand
0x000022C2	0x000000AA	[113] _KeyboardWaitForValue
0x0000236C	0x00000072	[113] _UpdateStatusLights
0x000023DE	0x000000C9	[113] _InitializeKeyState
0x000024A7	0x0000040C	[113] _InitKeyboard
0x000028B3	0x000000E6	[113] _CheckKeyboardConnect
0x00002999	0x00000059	[114] _PopEfikeyBufHead
0x000029F2	0x00000061	[114] _PushEfikeyBufTail
0x00002A53	0x00000039	[114] _IsKeyRegistered
0x00002A8C	0x000000AB	[114] _KeyboardReadKeyStrokeWorker
0x00002B37	0x00000192	[114] _KeyboardEfiReset
0x00002CC9	0x0000012F	[114] _KeyboardReadKeyStroke
0x00002DF8	0x00000154	[114] _KeyboardWaitForKey
0x00002F4C	0x0000000A	[114] _KeyboardWaitForKeyEx
0x00002F56	0x0000000F	[114] _KeyboardEfiResetEx
0x00002F65	0x000000AD	[114] _KeyboardReadKeyStrokeEx
0x00003012	0x0000012F	[114] _KeyboardSetState
0x00003141	0x0000019C	[114] _KeyboardRegisterKeyNotify
0x000032DD	0x00000086	[114] _KeyboardUnregisterKeyNotify
0x00003363	0x00000191	[114] _KeyNotifyProcessHandler
0x000034F4	0x0000008F	[115] _KbdControllerDriverSupported
0x00003583	0x0000059A	[115] _KbdControllerDriverStart
0x00003B1D	0x0000027E	[115] _KbdControllerDriverStop
0x00003D9B	0x00000058	[115] _KbdFreeNotifyList
0x00003DF3	0x00000035	[115] _InitializePs2Keyboard
0x00003E28	0x0000003D	[116] _ProcessLibraryConstructorList
0x00003E65	0x00000006	[116] _ProcessLibraryDestructorList
0x00003E6B	0x0000000A	[116] _ProcessModuleEntryPointList
0x00003E75	0x00000008	[116] _ProcessModuleUnloadList
0x00003E7D	0x00000004	[112] literal string: eng
0x00003E81	0x00000003	[112] literal string: en
0x00003E84	0x00000007	[112] literal string: eng;en
0x00003E8C	0x0000002A	[112] l_.str.3
0x00003EB6	0x0000002A	[115] l_.str.1
0x00003EE0	0x00000001	[116] __gPcd_FixedAtBuild_PcdPs2KbdExtendedVerification
0x00003EE1	0x00000001	[116] __gPcd_FixedAtBuild_PcdFastPS2Detection
0x00003EE4	0x00000004	[116] __gPcd_FixedAtBuild_PcdControlFlowEnforcementPropertyMask
0x00003EE9	0x00000001	[116] __gPcd_FixedAtBuild_PcdComponentNameDisable
0x00003EEB	0x00000001	[116] __gPcd_FixedAtBuild_PcdComponentName2Disable
0x00003EEC	0x00000004	[116] __gUefiDriverRevision
0x00003EF0	0x00000001	[116] __gDriverUnloadImageCount
0x00003F00	0x00000002	[ 53] _m16Size
0x00003F02	0x00000002	[ 53] _mThunk16Attr
0x00003F04	0x00000002	[ 53] _m16Gdt
0x00003F06	0x00000002	[ 53] _m16GdtrBase
0x00003F08	0x00000002	[ 53] _mTransition
0x00003F10	0x00000018	[112] _gPs2KeyboardComponentName
0x00003F28	0x00000018	[112] _gPs2KeyboardComponentName2
0x00003F40	0x00000020	[112] _mPs2KeyboardDriverNameTable
0x00003F60	0x000002C8	[113] _ConvertKeyboardScanCodeToEfiKey
0x00004228	0x00000008	[113] _mWaitForValueTimeOut
0x00004230	0x00000030	[115] _gKeyboardControllerDriver
0x00004260	0x00000010	[116] _gEfiHobListGuid
0x00004270	0x00000010	[116] _gEfiAcpiDescriptionGuid
0x00004280	0x00000010	[116] _gEfiSimpleTextInProtocolGuid
0x00004290	0x00000010	[116] _gEfiSimpleTextInputExProtocolGuid
0x000042A0	0x00000010	[116] _gEfiPs2PolicyProtocolGuid
0x000042B0	0x00000010	[116] _gEfiIsaIoProtocolGuid
0x000042C0	0x00000010	[116] _gEfiDevicePathProtocolGuid
0x000042D0	0x00000010	[116] _gEfiDriverBindingProtocolGuid
0x000042E0	0x00000010	[116] _gEfiComponentNameProtocolGuid
0x000042F0	0x00000010	[116] _gEfiComponentName2ProtocolGuid
0x00004300	0x00000010	[116] _gEfiLoadedImageProtocolGuid
0x00004310	0x00000008	[ 88] _gImageHandle
0x00004318	0x00000008	[ 88] _gST
0x00004320	0x00000008	[ 88] _gBS
0x00004328	0x00000008	[ 96] _gRT
0x00004330	0x00000008	[108] _mHobList
0x00004338	0x00000008	[111] _gAcpiDesc
0x00004340	0x00000001	[113] _mEnableMouseInterface
