# Path: /Users/weisiyuan/src/edk2/Build/Clover/RELEASE_XCODE8/X64/Clover/Drivers/AtaBus/AtaBusDxe/DEBUG/AtaBusDxe.dll
# Arch: x86_64
# Object files:
[  0] linker synthesized
[  1] /Users/weisiyuan/src/edk2/Build/Clover/RELEASE_XCODE8/X64/MdePkg/Library/BasePcdLibNull/BasePcdLibNull/OUTPUT/BasePcdLibNull.lib(PcdLib.obj)
[  2] /Users/weisiyuan/src/edk2/Build/Clover/RELEASE_XCODE8/X64/MdePkg/Library/BaseDebugLibNull/BaseDebugLibNull/OUTPUT/BaseDebugLibNull.lib(DebugLib.obj)
[  3] /Users/weisiyuan/src/edk2/Build/Clover/RELEASE_XCODE8/X64/MdePkg/Library/BaseLib/BaseLib/OUTPUT/BaseLib.lib(CheckSum.obj)
[  4] /Users/weisiyuan/src/edk2/Build/Clover/RELEASE_XCODE8/X64/MdePkg/Library/BaseLib/BaseLib/OUTPUT/BaseLib.lib(SwitchStack.obj)
[  5] /Users/weisiyuan/src/edk2/Build/Clover/RELEASE_XCODE8/X64/MdePkg/Library/BaseLib/BaseLib/OUTPUT/BaseLib.lib(SwapBytes64.obj)
[  6] /Users/weisiyuan/src/edk2/Build/Clover/RELEASE_XCODE8/X64/MdePkg/Library/BaseLib/BaseLib/OUTPUT/BaseLib.lib(SwapBytes32.obj)
[  7] /Users/weisiyuan/src/edk2/Build/Clover/RELEASE_XCODE8/X64/MdePkg/Library/BaseLib/BaseLib/OUTPUT/BaseLib.lib(SwapBytes16.obj)
[  8] /Users/weisiyuan/src/edk2/Build/Clover/RELEASE_XCODE8/X64/MdePkg/Library/BaseLib/BaseLib/OUTPUT/BaseLib.lib(LongJump.obj)
[  9] /Users/weisiyuan/src/edk2/Build/Clover/RELEASE_XCODE8/X64/MdePkg/Library/BaseLib/BaseLib/OUTPUT/BaseLib.lib(SetJump.obj)
[ 10] /Users/weisiyuan/src/edk2/Build/Clover/RELEASE_XCODE8/X64/MdePkg/Library/BaseLib/BaseLib/OUTPUT/BaseLib.lib(RShiftU64.obj)
[ 11] /Users/weisiyuan/src/edk2/Build/Clover/RELEASE_XCODE8/X64/MdePkg/Library/BaseLib/BaseLib/OUTPUT/BaseLib.lib(RRotU64.obj)
[ 12] /Users/weisiyuan/src/edk2/Build/Clover/RELEASE_XCODE8/X64/MdePkg/Library/BaseLib/BaseLib/OUTPUT/BaseLib.lib(RRotU32.obj)
[ 13] /Users/weisiyuan/src/edk2/Build/Clover/RELEASE_XCODE8/X64/MdePkg/Library/BaseLib/BaseLib/OUTPUT/BaseLib.lib(MultU64x64.obj)
[ 14] /Users/weisiyuan/src/edk2/Build/Clover/RELEASE_XCODE8/X64/MdePkg/Library/BaseLib/BaseLib/OUTPUT/BaseLib.lib(MultU64x32.obj)
[ 15] /Users/weisiyuan/src/edk2/Build/Clover/RELEASE_XCODE8/X64/MdePkg/Library/BaseLib/BaseLib/OUTPUT/BaseLib.lib(MultS64x64.obj)
[ 16] /Users/weisiyuan/src/edk2/Build/Clover/RELEASE_XCODE8/X64/MdePkg/Library/BaseLib/BaseLib/OUTPUT/BaseLib.lib(ModU64x32.obj)
[ 17] /Users/weisiyuan/src/edk2/Build/Clover/RELEASE_XCODE8/X64/MdePkg/Library/BaseLib/BaseLib/OUTPUT/BaseLib.lib(LShiftU64.obj)
[ 18] /Users/weisiyuan/src/edk2/Build/Clover/RELEASE_XCODE8/X64/MdePkg/Library/BaseLib/BaseLib/OUTPUT/BaseLib.lib(LRotU64.obj)
[ 19] /Users/weisiyuan/src/edk2/Build/Clover/RELEASE_XCODE8/X64/MdePkg/Library/BaseLib/BaseLib/OUTPUT/BaseLib.lib(LRotU32.obj)
[ 20] /Users/weisiyuan/src/edk2/Build/Clover/RELEASE_XCODE8/X64/MdePkg/Library/BaseLib/BaseLib/OUTPUT/BaseLib.lib(LowBitSet64.obj)
[ 21] /Users/weisiyuan/src/edk2/Build/Clover/RELEASE_XCODE8/X64/MdePkg/Library/BaseLib/BaseLib/OUTPUT/BaseLib.lib(LowBitSet32.obj)
[ 22] /Users/weisiyuan/src/edk2/Build/Clover/RELEASE_XCODE8/X64/MdePkg/Library/BaseLib/BaseLib/OUTPUT/BaseLib.lib(HighBitSet64.obj)
[ 23] /Users/weisiyuan/src/edk2/Build/Clover/RELEASE_XCODE8/X64/MdePkg/Library/BaseLib/BaseLib/OUTPUT/BaseLib.lib(HighBitSet32.obj)
[ 24] /Users/weisiyuan/src/edk2/Build/Clover/RELEASE_XCODE8/X64/MdePkg/Library/BaseLib/BaseLib/OUTPUT/BaseLib.lib(GetPowerOfTwo64.obj)
[ 25] /Users/weisiyuan/src/edk2/Build/Clover/RELEASE_XCODE8/X64/MdePkg/Library/BaseLib/BaseLib/OUTPUT/BaseLib.lib(GetPowerOfTwo32.obj)
[ 26] /Users/weisiyuan/src/edk2/Build/Clover/RELEASE_XCODE8/X64/MdePkg/Library/BaseLib/BaseLib/OUTPUT/BaseLib.lib(DivU64x64Remainder.obj)
[ 27] /Users/weisiyuan/src/edk2/Build/Clover/RELEASE_XCODE8/X64/MdePkg/Library/BaseLib/BaseLib/OUTPUT/BaseLib.lib(DivU64x32Remainder.obj)
[ 28] /Users/weisiyuan/src/edk2/Build/Clover/RELEASE_XCODE8/X64/MdePkg/Library/BaseLib/BaseLib/OUTPUT/BaseLib.lib(DivU64x32.obj)
[ 29] /Users/weisiyuan/src/edk2/Build/Clover/RELEASE_XCODE8/X64/MdePkg/Library/BaseLib/BaseLib/OUTPUT/BaseLib.lib(DivS64x64Remainder.obj)
[ 30] /Users/weisiyuan/src/edk2/Build/Clover/RELEASE_XCODE8/X64/MdePkg/Library/BaseLib/BaseLib/OUTPUT/BaseLib.lib(ARShiftU64.obj)
[ 31] /Users/weisiyuan/src/edk2/Build/Clover/RELEASE_XCODE8/X64/MdePkg/Library/BaseLib/BaseLib/OUTPUT/BaseLib.lib(BitField.obj)
[ 32] /Users/weisiyuan/src/edk2/Build/Clover/RELEASE_XCODE8/X64/MdePkg/Library/BaseLib/BaseLib/OUTPUT/BaseLib.lib(CpuDeadLoop.obj)
[ 33] /Users/weisiyuan/src/edk2/Build/Clover/RELEASE_XCODE8/X64/MdePkg/Library/BaseLib/BaseLib/OUTPUT/BaseLib.lib(Cpu.obj)
[ 34] /Users/weisiyuan/src/edk2/Build/Clover/RELEASE_XCODE8/X64/MdePkg/Library/BaseLib/BaseLib/OUTPUT/BaseLib.lib(LinkedList.obj)
[ 35] /Users/weisiyuan/src/edk2/Build/Clover/RELEASE_XCODE8/X64/MdePkg/Library/BaseLib/BaseLib/OUTPUT/BaseLib.lib(SafeString.obj)
[ 36] /Users/weisiyuan/src/edk2/Build/Clover/RELEASE_XCODE8/X64/MdePkg/Library/BaseLib/BaseLib/OUTPUT/BaseLib.lib(String.obj)
[ 37] /Users/weisiyuan/src/edk2/Build/Clover/RELEASE_XCODE8/X64/MdePkg/Library/BaseLib/BaseLib/OUTPUT/BaseLib.lib(FilePaths.obj)
[ 38] /Users/weisiyuan/src/edk2/Build/Clover/RELEASE_XCODE8/X64/MdePkg/Library/BaseLib/BaseLib/OUTPUT/BaseLib.lib(Thunk16.obj)
[ 39] /Users/weisiyuan/src/edk2/Build/Clover/RELEASE_XCODE8/X64/MdePkg/Library/BaseLib/BaseLib/OUTPUT/BaseLib.lib(WriteTr.obj)
[ 40] /Users/weisiyuan/src/edk2/Build/Clover/RELEASE_XCODE8/X64/MdePkg/Library/BaseLib/BaseLib/OUTPUT/BaseLib.lib(Lfence.obj)
[ 41] /Users/weisiyuan/src/edk2/Build/Clover/RELEASE_XCODE8/X64/MdePkg/Library/BaseLib/BaseLib/OUTPUT/BaseLib.lib(Non-existing.obj)
[ 42] /Users/weisiyuan/src/edk2/Build/Clover/RELEASE_XCODE8/X64/MdePkg/Library/BaseLib/BaseLib/OUTPUT/BaseLib.lib(Math64.obj)
[ 43] /Users/weisiyuan/src/edk2/Build/Clover/RELEASE_XCODE8/X64/MdePkg/Library/BaseLib/BaseLib/OUTPUT/BaseLib.lib(Unaligned.obj)
[ 44] /Users/weisiyuan/src/edk2/Build/Clover/RELEASE_XCODE8/X64/MdePkg/Library/BaseLib/BaseLib/OUTPUT/BaseLib.lib(X86WriteIdtr.obj)
[ 45] /Users/weisiyuan/src/edk2/Build/Clover/RELEASE_XCODE8/X64/MdePkg/Library/BaseLib/BaseLib/OUTPUT/BaseLib.lib(X86WriteGdtr.obj)
[ 46] /Users/weisiyuan/src/edk2/Build/Clover/RELEASE_XCODE8/X64/MdePkg/Library/BaseLib/BaseLib/OUTPUT/BaseLib.lib(X86Thunk.obj)
[ 47] /Users/weisiyuan/src/edk2/Build/Clover/RELEASE_XCODE8/X64/MdePkg/Library/BaseLib/BaseLib/OUTPUT/BaseLib.lib(X86ReadIdtr.obj)
[ 48] /Users/weisiyuan/src/edk2/Build/Clover/RELEASE_XCODE8/X64/MdePkg/Library/BaseLib/BaseLib/OUTPUT/BaseLib.lib(X86ReadGdtr.obj)
[ 49] /Users/weisiyuan/src/edk2/Build/Clover/RELEASE_XCODE8/X64/MdePkg/Library/BaseLib/BaseLib/OUTPUT/BaseLib.lib(X86Msr.obj)
[ 50] /Users/weisiyuan/src/edk2/Build/Clover/RELEASE_XCODE8/X64/MdePkg/Library/BaseLib/BaseLib/OUTPUT/BaseLib.lib(X86GetInterruptState.obj)
[ 51] /Users/weisiyuan/src/edk2/Build/Clover/RELEASE_XCODE8/X64/MdePkg/Library/BaseLib/BaseLib/OUTPUT/BaseLib.lib(X86FxSave.obj)
[ 52] /Users/weisiyuan/src/edk2/Build/Clover/RELEASE_XCODE8/X64/MdePkg/Library/BaseLib/BaseLib/OUTPUT/BaseLib.lib(X86FxRestore.obj)
[ 53] /Users/weisiyuan/src/edk2/Build/Clover/RELEASE_XCODE8/X64/MdePkg/Library/BaseLib/BaseLib/OUTPUT/BaseLib.lib(X86EnablePaging64.obj)
[ 54] /Users/weisiyuan/src/edk2/Build/Clover/RELEASE_XCODE8/X64/MdePkg/Library/BaseLib/BaseLib/OUTPUT/BaseLib.lib(X86EnablePaging32.obj)
[ 55] /Users/weisiyuan/src/edk2/Build/Clover/RELEASE_XCODE8/X64/MdePkg/Library/BaseLib/BaseLib/OUTPUT/BaseLib.lib(X86DisablePaging64.obj)
[ 56] /Users/weisiyuan/src/edk2/Build/Clover/RELEASE_XCODE8/X64/MdePkg/Library/BaseLib/BaseLib/OUTPUT/BaseLib.lib(X86DisablePaging32.obj)
[ 57] /Users/weisiyuan/src/edk2/Build/Clover/RELEASE_XCODE8/X64/MdePkg/Library/BaseLib/BaseLib/OUTPUT/BaseLib.lib(X86RdRand.obj)
[ 58] /Users/weisiyuan/src/edk2/Build/Clover/RELEASE_XCODE8/X64/MdePkg/Library/BaseLib/BaseLib/OUTPUT/BaseLib.lib(X86PatchInstruction.obj)
[ 59] /Users/weisiyuan/src/edk2/Build/Clover/RELEASE_XCODE8/X64/MdePkg/Library/BaseLib/BaseLib/OUTPUT/BaseLib.lib(X86SpeculationBarrier.obj)
[ 60] /Users/weisiyuan/src/edk2/Build/Clover/RELEASE_XCODE8/X64/MdePkg/Library/BaseLib/BaseLib/OUTPUT/BaseLib.lib(GccInline.obj)
[ 61] /Users/weisiyuan/src/edk2/Build/Clover/RELEASE_XCODE8/X64/MdePkg/Library/BaseLib/BaseLib/OUTPUT/BaseLib.lib(SwitchStack.obj)
[ 62] /Users/weisiyuan/src/edk2/Build/Clover/RELEASE_XCODE8/X64/MdePkg/Library/BaseLib/BaseLib/OUTPUT/BaseLib.lib(SetJump.obj)
[ 63] /Users/weisiyuan/src/edk2/Build/Clover/RELEASE_XCODE8/X64/MdePkg/Library/BaseLib/BaseLib/OUTPUT/BaseLib.lib(LongJump.obj)
[ 64] /Users/weisiyuan/src/edk2/Build/Clover/RELEASE_XCODE8/X64/MdePkg/Library/BaseLib/BaseLib/OUTPUT/BaseLib.lib(EnableDisableInterrupts.obj)
[ 65] /Users/weisiyuan/src/edk2/Build/Clover/RELEASE_XCODE8/X64/MdePkg/Library/BaseLib/BaseLib/OUTPUT/BaseLib.lib(DisablePaging64.obj)
[ 66] /Users/weisiyuan/src/edk2/Build/Clover/RELEASE_XCODE8/X64/MdePkg/Library/BaseLib/BaseLib/OUTPUT/BaseLib.lib(CpuId.obj)
[ 67] /Users/weisiyuan/src/edk2/Build/Clover/RELEASE_XCODE8/X64/MdePkg/Library/BaseLib/BaseLib/OUTPUT/BaseLib.lib(CpuIdEx.obj)
[ 68] /Users/weisiyuan/src/edk2/Build/Clover/RELEASE_XCODE8/X64/MdePkg/Library/BaseLib/BaseLib/OUTPUT/BaseLib.lib(EnableCache.obj)
[ 69] /Users/weisiyuan/src/edk2/Build/Clover/RELEASE_XCODE8/X64/MdePkg/Library/BaseLib/BaseLib/OUTPUT/BaseLib.lib(DisableCache.obj)
[ 70] /Users/weisiyuan/src/edk2/Build/Clover/RELEASE_XCODE8/X64/MdePkg/Library/BaseLib/BaseLib/OUTPUT/BaseLib.lib(RdRand.obj)
[ 71] /Users/weisiyuan/src/edk2/Build/Clover/RELEASE_XCODE8/X64/MdePkg/Library/BaseLib/BaseLib/OUTPUT/BaseLib.lib(ChkStkGcc.obj)
[ 72] /Users/weisiyuan/src/edk2/Build/Clover/RELEASE_XCODE8/X64/MdePkg/Library/BaseMemoryLib/BaseMemoryLib/OUTPUT/BaseMemoryLib.lib(SetMem.obj)
[ 73] /Users/weisiyuan/src/edk2/Build/Clover/RELEASE_XCODE8/X64/MdePkg/Library/BaseMemoryLib/BaseMemoryLib/OUTPUT/BaseMemoryLib.lib(ScanMem64Wrapper.obj)
[ 74] /Users/weisiyuan/src/edk2/Build/Clover/RELEASE_XCODE8/X64/MdePkg/Library/BaseMemoryLib/BaseMemoryLib/OUTPUT/BaseMemoryLib.lib(ScanMem32Wrapper.obj)
[ 75] /Users/weisiyuan/src/edk2/Build/Clover/RELEASE_XCODE8/X64/MdePkg/Library/BaseMemoryLib/BaseMemoryLib/OUTPUT/BaseMemoryLib.lib(ScanMem16Wrapper.obj)
[ 76] /Users/weisiyuan/src/edk2/Build/Clover/RELEASE_XCODE8/X64/MdePkg/Library/BaseMemoryLib/BaseMemoryLib/OUTPUT/BaseMemoryLib.lib(ScanMem8Wrapper.obj)
[ 77] /Users/weisiyuan/src/edk2/Build/Clover/RELEASE_XCODE8/X64/MdePkg/Library/BaseMemoryLib/BaseMemoryLib/OUTPUT/BaseMemoryLib.lib(ZeroMemWrapper.obj)
[ 78] /Users/weisiyuan/src/edk2/Build/Clover/RELEASE_XCODE8/X64/MdePkg/Library/BaseMemoryLib/BaseMemoryLib/OUTPUT/BaseMemoryLib.lib(CompareMemWrapper.obj)
[ 79] /Users/weisiyuan/src/edk2/Build/Clover/RELEASE_XCODE8/X64/MdePkg/Library/BaseMemoryLib/BaseMemoryLib/OUTPUT/BaseMemoryLib.lib(SetMem64Wrapper.obj)
[ 80] /Users/weisiyuan/src/edk2/Build/Clover/RELEASE_XCODE8/X64/MdePkg/Library/BaseMemoryLib/BaseMemoryLib/OUTPUT/BaseMemoryLib.lib(SetMem32Wrapper.obj)
[ 81] /Users/weisiyuan/src/edk2/Build/Clover/RELEASE_XCODE8/X64/MdePkg/Library/BaseMemoryLib/BaseMemoryLib/OUTPUT/BaseMemoryLib.lib(SetMem16Wrapper.obj)
[ 82] /Users/weisiyuan/src/edk2/Build/Clover/RELEASE_XCODE8/X64/MdePkg/Library/BaseMemoryLib/BaseMemoryLib/OUTPUT/BaseMemoryLib.lib(SetMemWrapper.obj)
[ 83] /Users/weisiyuan/src/edk2/Build/Clover/RELEASE_XCODE8/X64/MdePkg/Library/BaseMemoryLib/BaseMemoryLib/OUTPUT/BaseMemoryLib.lib(CopyMemWrapper.obj)
[ 84] /Users/weisiyuan/src/edk2/Build/Clover/RELEASE_XCODE8/X64/MdePkg/Library/BaseMemoryLib/BaseMemoryLib/OUTPUT/BaseMemoryLib.lib(IsZeroBufferWrapper.obj)
[ 85] /Users/weisiyuan/src/edk2/Build/Clover/RELEASE_XCODE8/X64/MdePkg/Library/BaseMemoryLib/BaseMemoryLib/OUTPUT/BaseMemoryLib.lib(MemLibGeneric.obj)
[ 86] /Users/weisiyuan/src/edk2/Build/Clover/RELEASE_XCODE8/X64/MdePkg/Library/BaseMemoryLib/BaseMemoryLib/OUTPUT/BaseMemoryLib.lib(MemLibGuid.obj)
[ 87] /Users/weisiyuan/src/edk2/Build/Clover/RELEASE_XCODE8/X64/MdePkg/Library/BaseMemoryLib/BaseMemoryLib/OUTPUT/BaseMemoryLib.lib(CopyMem.obj)
[ 88] /Users/weisiyuan/src/edk2/Build/Clover/RELEASE_XCODE8/X64/MdePkg/Library/UefiBootServicesTableLib/UefiBootServicesTableLib/OUTPUT/UefiBootServicesTableLib.lib(UefiBootServicesTableLib.obj)
[ 89] /Users/weisiyuan/src/edk2/Build/Clover/RELEASE_XCODE8/X64/MdePkg/Library/BasePrintLib/BasePrintLib/OUTPUT/BasePrintLib.lib(PrintLibInternal.obj)
[ 90] /Users/weisiyuan/src/edk2/Build/Clover/RELEASE_XCODE8/X64/MdePkg/Library/BasePrintLib/BasePrintLib/OUTPUT/BasePrintLib.lib(PrintLib.obj)
[ 91] /Users/weisiyuan/src/edk2/Build/Clover/RELEASE_XCODE8/X64/MdePkg/Library/UefiMemoryAllocationLib/UefiMemoryAllocationLib/OUTPUT/UefiMemoryAllocationLib.lib(MemoryAllocationLib.obj)
[ 92] /Users/weisiyuan/src/edk2/Build/Clover/RELEASE_XCODE8/X64/MdePkg/Library/UefiRuntimeServicesTableLib/UefiRuntimeServicesTableLib/OUTPUT/UefiRuntimeServicesTableLib.lib(UefiRuntimeServicesTableLib.obj)
[ 93] /Users/weisiyuan/src/edk2/Build/Clover/RELEASE_XCODE8/X64/MdePkg/Library/UefiDevicePathLib/UefiDevicePathLib/OUTPUT/UefiDevicePathLib.lib(DevicePathUtilities.obj)
[ 94] /Users/weisiyuan/src/edk2/Build/Clover/RELEASE_XCODE8/X64/MdePkg/Library/UefiDevicePathLib/UefiDevicePathLib/OUTPUT/UefiDevicePathLib.lib(DevicePathToText.obj)
[ 95] /Users/weisiyuan/src/edk2/Build/Clover/RELEASE_XCODE8/X64/MdePkg/Library/UefiDevicePathLib/UefiDevicePathLib/OUTPUT/UefiDevicePathLib.lib(DevicePathFromText.obj)
[ 96] /Users/weisiyuan/src/edk2/Build/Clover/RELEASE_XCODE8/X64/MdePkg/Library/UefiDevicePathLib/UefiDevicePathLib/OUTPUT/UefiDevicePathLib.lib(UefiDevicePathLib.obj)
[ 97] /Users/weisiyuan/src/edk2/Build/Clover/RELEASE_XCODE8/X64/MdePkg/Library/UefiLib/UefiLib/OUTPUT/UefiLib.lib(UefiLibPrint.obj)
[ 98] /Users/weisiyuan/src/edk2/Build/Clover/RELEASE_XCODE8/X64/MdePkg/Library/UefiLib/UefiLib/OUTPUT/UefiLib.lib(UefiNotTiano.obj)
[ 99] /Users/weisiyuan/src/edk2/Build/Clover/RELEASE_XCODE8/X64/MdePkg/Library/UefiLib/UefiLib/OUTPUT/UefiLib.lib(UefiDriverModel.obj)
[100] /Users/weisiyuan/src/edk2/Build/Clover/RELEASE_XCODE8/X64/MdePkg/Library/UefiLib/UefiLib/OUTPUT/UefiLib.lib(Console.obj)
[101] /Users/weisiyuan/src/edk2/Build/Clover/RELEASE_XCODE8/X64/MdePkg/Library/UefiLib/UefiLib/OUTPUT/UefiLib.lib(UefiLib.obj)
[102] /Users/weisiyuan/src/edk2/Build/Clover/RELEASE_XCODE8/X64/MdePkg/Library/UefiLib/UefiLib/OUTPUT/UefiLib.lib(Acpi.obj)
[103] /Users/weisiyuan/src/edk2/Build/Clover/RELEASE_XCODE8/X64/MdePkg/Library/BaseIoLibIntrinsic/BaseIoLibIntrinsic/OUTPUT/BaseIoLibIntrinsic.lib(IoLibMmioBuffer.obj)
[104] /Users/weisiyuan/src/edk2/Build/Clover/RELEASE_XCODE8/X64/MdePkg/Library/BaseIoLibIntrinsic/BaseIoLibIntrinsic/OUTPUT/BaseIoLibIntrinsic.lib(IoHighLevel.obj)
[105] /Users/weisiyuan/src/edk2/Build/Clover/RELEASE_XCODE8/X64/MdePkg/Library/BaseIoLibIntrinsic/BaseIoLibIntrinsic/OUTPUT/BaseIoLibIntrinsic.lib(IoLibGcc.obj)
[106] /Users/weisiyuan/src/edk2/Build/Clover/RELEASE_XCODE8/X64/MdePkg/Library/BaseIoLibIntrinsic/BaseIoLibIntrinsic/OUTPUT/BaseIoLibIntrinsic.lib(IoLib.obj)
[107] /Users/weisiyuan/src/edk2/Build/Clover/RELEASE_XCODE8/X64/MdePkg/Library/BaseIoLibIntrinsic/BaseIoLibIntrinsic/OUTPUT/BaseIoLibIntrinsic.lib(IoFifo.obj)
[108] /Users/weisiyuan/src/edk2/Build/Clover/RELEASE_XCODE8/X64/MdePkg/Library/DxeHobLib/DxeHobLib/OUTPUT/DxeHobLib.lib(HobLib.obj)
[109] /Users/weisiyuan/src/edk2/Build/Clover/RELEASE_XCODE8/X64/MdePkg/Library/UefiDriverEntryPoint/UefiDriverEntryPoint/OUTPUT/UefiDriverEntryPoint.lib(DriverEntryPoint.obj)
[110] /Users/weisiyuan/src/edk2/Build/Clover/RELEASE_XCODE8/X64/Clover/Library/DuetTimerLib/DuetTimerLib/OUTPUT/DuetTimerLib.lib(X86TimerLib.obj)
[111] /Users/weisiyuan/src/edk2/Build/Clover/RELEASE_XCODE8/X64/Clover/Drivers/AtaBus/AtaBusDxe/OUTPUT/AtaBusDxe.lib(AtaBus.obj)
[112] /Users/weisiyuan/src/edk2/Build/Clover/RELEASE_XCODE8/X64/Clover/Drivers/AtaBus/AtaBusDxe/OUTPUT/AtaBusDxe.lib(AtaPassThruExecute.obj)
[113] /Users/weisiyuan/src/edk2/Build/Clover/RELEASE_XCODE8/X64/Clover/Drivers/AtaBus/AtaBusDxe/OUTPUT/AtaBusDxe.lib(ComponentName.obj)
[114] /Users/weisiyuan/src/edk2/Build/Clover/RELEASE_XCODE8/X64/Clover/Drivers/AtaBus/AtaBusDxe/OUTPUT/AtaBusDxe.lib(AutoGen.obj)
# Sections:
# Address	Size    	Segment	Section
0x00000240	0x000040EF	__TEXT	__text
0x00004330	0x00000015	__TEXT	__const
0x00004345	0x0000000E	__TEXT	__cstring
0x00004354	0x00000078	__TEXT	__ustring
0x000043E0	0x000003B0	__DATA	__data
0x00004790	0x00000032	__DATA	__common
# Symbols:
# Address	Size    	File  Name
0x00000240	0x00000000	[  0] ___dso_handle
0x00000240	0x00000006	[  9] _InternalAssertJumpBuffer
0x00000246	0x0000000A	[ 10] _RShiftU64
0x00000250	0x0000000A	[ 14] _MultU64x32
0x0000025A	0x0000000A	[ 17] _LShiftU64
0x00000264	0x0000000A	[ 28] _DivU64x32
0x0000026E	0x00000010	[ 34] _InitializeListHead
0x0000027E	0x0000001B	[ 34] _InsertTailList
0x00000299	0x00000009	[ 34] _GetFirstNode
0x000002A2	0x0000000C	[ 34] _IsListEmpty
0x000002AE	0x0000001B	[ 34] _RemoveEntryList
0x000002C9	0x0000003C	[ 36] _StrSize
0x00000305	0x00000039	[ 36] _AsciiStrSize
0x0000033E	0x000000B6	[ 36] _AsciiStrnCmp
0x000003F8	0x00000000	[ 38] SavedGdt
0x000003F8	0x0000000A	[ 38] _m16Start
0x00000402	0x00000008	[ 38] _BackFromUserCode
0x0000040A	0x00000014	[ 38] _BackFromUserCode.Base
0x0000041E	0x0000000D	[ 38] _BackFromUserCode.ThunkAttrEnd
0x0000042B	0x0000000B	[ 38] _BackFromUserCode.1
0x00000436	0x00000036	[ 38] _BackFromUserCode.2
0x0000046C	0x0000001C	[ 38] _BackFromUserCode.SavedCr4End
0x00000488	0x0000000B	[ 38] _BackFromUserCode.SavedCr0End
0x00000493	0x0000000B	[ 38] _BackFromUserCode.X64JmpEnd
0x0000049E	0x00000002	[ 38] _BackFromUserCode.SavedSpEnd
0x000004A0	0x00000006	[ 38] _EntryPoint
0x000004A6	0x00000002	[ 38] _16Gdtr
0x000004A8	0x00000008	[ 38] _16GdtrBase
0x000004B0	0x00000006	[ 38] _16Idtr
0x000004B6	0x00000028	[ 38] _ToUserCode
0x000004DE	0x0000000F	[ 38] _ToUserCode.Base
0x000004ED	0x0000001B	[ 38] _ToUserCode.RealMode
0x00000508	0x00000008	[ 38] _NullSeg
0x00000510	0x00000008	[ 38] _16Code
0x00000518	0x00000008	[ 38] _16Data
0x00000520	0x00000008	[ 38] _32Data
0x00000528	0x000000B4	[ 38] _InternalAsmThunk16
0x000005DC	0x00000020	[ 38] _InternalAsmThunk16.RetFromRealMode
0x000005FC	0x00000006	[ 39] _AsmWriteTr
0x00000602	0x00000004	[ 40] _AsmLfence
0x00000606	0x0000000E	[ 42] _InternalMathLShiftU64
0x00000614	0x0000000E	[ 42] _InternalMathRShiftU64
0x00000622	0x0000000C	[ 42] _InternalMathMultU64x32
0x0000062E	0x00000011	[ 42] _InternalMathDivU64x32
0x0000063F	0x00000009	[ 43] _ReadUnaligned16
0x00000648	0x0000000D	[ 43] _ReadUnaligned24
0x00000655	0x00000009	[ 43] _ReadUnaligned64
0x0000065E	0x0000000C	[ 43] _WriteUnaligned64
0x0000066A	0x00000008	[ 60] _CpuPause
0x00000672	0x0000000F	[ 61] _InternalSwitchStack
0x00000681	0x00000043	[ 62] _SetJump
0x000006C4	0x0000007F	[ 62] CetDone
0x00000743	0x00000030	[ 63] _InternalLongJump
0x00000773	0x0000007C	[ 63] CetDone
0x000007EF	0x00000003	[ 64] _EnableDisableInterrupts
0x000007F2	0x0000003A	[ 65] _InternalX86DisablePaging64
0x0000082C	0x00000027	[ 65] _InternalX86DisablePaging64.0
0x00000853	0x00000000	[ 65] mTransitionEnd
0x00000853	0x0000000F	[ 66] _AsmCpuid
0x00000862	0x00000005	[ 66] _AsmCpuid.0
0x00000867	0x00000007	[ 66] _AsmCpuid.1
0x0000086E	0x00000009	[ 66] _AsmCpuid.2
0x00000877	0x00000003	[ 66] _AsmCpuid.3
0x0000087A	0x00000015	[ 67] _AsmCpuidEx
0x0000088F	0x00000007	[ 67] _AsmCpuidEx.0
0x00000896	0x00000007	[ 67] _AsmCpuidEx.1
0x0000089D	0x00000009	[ 67] _AsmCpuidEx.2
0x000008A6	0x00000003	[ 67] _AsmCpuidEx.3
0x000008A9	0x00000013	[ 68] _AsmEnableCache
0x000008BC	0x00000013	[ 69] _AsmDisableCache
0x000008CF	0x00000009	[ 70] _InternalX86RdRand16
0x000008D8	0x00000009	[ 70] rn16_ok
0x000008E1	0x00000009	[ 70] _InternalX86RdRand32
0x000008EA	0x00000008	[ 70] rn32_ok
0x000008F2	0x0000000A	[ 70] _InternalX86RdRand64
0x000008FC	0x00000009	[ 70] rn64_ok
0x00000905	0x000000E8	[ 72] _InternalMemSetMem
0x000009ED	0x00000014	[ 77] _ZeroMem
0x00000A01	0x00000019	[ 83] _CopyMem
0x00000A1A	0x0000000D	[ 85] _InternalMemZeroMem
0x00000A27	0x00000048	[ 86] _CopyGuid
0x00000A6F	0x00000055	[ 86] _CompareGuid
0x00000AC4	0x000001E2	[ 87] _InternalMemCopyMem
0x00000CA6	0x00000021	[ 88] _UefiBootServicesTableLibConstructor
0x00000CC7	0x0000011D	[ 91] _InternalAllocateAlignedPages
0x00000DE4	0x00000097	[ 91] _AllocateAlignedPages
0x00000E7B	0x0000001E	[ 91] _FreeAlignedPages
0x00000E99	0x0000003D	[ 91] _AllocatePool
0x00000ED6	0x0000003B	[ 91] _InternalAllocateZeroPool
0x00000F11	0x00000097	[ 91] _AllocateZeroPool
0x00000FA8	0x00000053	[ 91] _InternalAllocateCopyPool
0x00000FFB	0x00000097	[ 91] _AllocateCopyPool
0x00001092	0x00000016	[ 91] _FreePool
0x000010A8	0x00000013	[ 92] _UefiRuntimeServicesTableLibConstructor
0x000010BB	0x000000DE	[ 93] _IsDevicePathValid
0x00001199	0x00000016	[ 93] _IsDevicePathEnd
0x000011AF	0x00000066	[ 93] _UefiDevicePathLibGetDevicePathSize
0x00001215	0x0000002C	[ 93] _UefiDevicePathLibDuplicateDevicePath
0x00001241	0x000000CD	[ 93] _UefiDevicePathLibAppendDevicePath
0x0000130E	0x000000A3	[ 93] _UefiDevicePathLibAppendDevicePathNode
0x000013B1	0x0000000A	[ 96] _GetDevicePathSize
0x000013BB	0x0000000A	[ 96] _DuplicateDevicePath
0x000013C5	0x0000000A	[ 96] _AppendDevicePath
0x000013CF	0x0000000A	[ 96] _AppendDevicePathNode
0x000013D9	0x000000C4	[ 99] _EfiLibInstallDriverBindingComponentName2
0x0000149D	0x00000008	[101] _UefiLibConstructor
0x000014A5	0x0000007A	[101] _EfiGetSystemConfigurationTable
0x0000151F	0x0000007F	[101] _EfiTestManagedDevice
0x0000159E	0x0000007D	[101] _EfiTestChildHandle
0x0000161B	0x0000015A	[101] _LookupUnicodeString2
0x00001775	0x00000204	[101] _AddUnicodeString2
0x00001979	0x0000004F	[101] _FreeUnicodeStringTable
0x000019C8	0x00000009	[105] _IoRead32
0x000019D1	0x0000000D	[107] _IoReadFifo8
0x000019DE	0x0000000E	[107] _IoReadFifo16
0x000019EC	0x0000000D	[107] _IoReadFifo32
0x000019F9	0x0000000D	[107] _IoWriteFifo8
0x00001A06	0x0000000E	[107] _IoWriteFifo16
0x00001A14	0x0000000D	[107] _IoWriteFifo32
0x00001A21	0x0000002D	[108] _HobLibConstructor
0x00001A4E	0x00000052	[108] _GetNextGuidHob
0x00001AA0	0x00000040	[108] _GetFirstGuidHob
0x00001AE0	0x00000034	[109] __DriverUnloadHandler
0x00001B14	0x00000096	[109] __ModuleEntryPoint
0x00001BAA	0x000000DF	[110] _MicroSecondDelay
0x00001C89	0x00000090	[110] _InternalAcpiDelay
0x00001D19	0x000000D3	[111] _AtaBusDriverBindingSupported
0x00001DEC	0x0000034E	[111] _AtaBusDriverBindingStart
0x0000213A	0x0000017A	[111] _AtaBusDriverBindingStop
0x000022B4	0x000000D4	[111] _AtaBlockIoReset
0x00002388	0x000000B4	[111] _AtaBlockIoReadBlocks
0x0000243C	0x000000B1	[111] _AtaBlockIoWriteBlocks
0x000024ED	0x00000008	[111] _AtaBlockIoFlushBlocks
0x000024F5	0x000000D4	[111] _AtaBlockIoResetEx
0x000025C9	0x000000B0	[111] _AtaBlockIoReadBlocksEx
0x00002679	0x000000B3	[111] _AtaBlockIoWriteBlocksEx
0x0000272C	0x0000002F	[111] _AtaBlockIoFlushBlocksEx
0x0000275B	0x00000010	[111] _AtaDiskInfoInquiry
0x0000276B	0x00000047	[111] _AtaDiskInfoIdentify
0x000027B2	0x00000010	[111] _AtaDiskInfoSenseData
0x000027C2	0x00000015	[111] _AtaDiskInfoWhichIde
0x000027D7	0x000000CC	[111] _AtaStorageSecurityReceiveData
0x000028A3	0x000000B8	[111] _AtaStorageSecuritySendData
0x0000295B	0x00000038	[111] _AllocateAlignedBuffer
0x00002993	0x00000030	[111] _FreeAlignedBuffer
0x000029C3	0x00000117	[111] _ReleaseAtaResources
0x00002ADA	0x00000092	[111] _ClearInterrupt
0x00002B6C	0x00000368	[111] _RegisterAtaDevice
0x00002ED4	0x00000158	[111] _InitiateTPerReset
0x0000302C	0x000001E8	[111] _UnregisterAtaDevice
0x00003214	0x000000DE	[111] _BlockIoReadWrite
0x000032F2	0x00000088	[111] _InitializeAtaBus
0x0000337A	0x000000B9	[112] _AtaDevicePassThru
0x00003433	0x00000029	[112] _ResetAtaDevice
0x0000345C	0x0000004E	[112] _GetAtapi6Capacity
0x000034AA	0x0000013B	[112] _IdentifyAtaDevice
0x000035E5	0x000000DF	[112] _DiscoverAtaDevice
0x000036C4	0x000001C0	[112] _TransferAtaDevice
0x00003884	0x000000BD	[112] _FreeAtaSubTask
0x00003941	0x00000191	[112] _AtaNonBlockingCallBack
0x00003AD2	0x0000041B	[112] _AccessAtaDevice
0x00003EED	0x00000285	[112] _TrustTransferAtaDevice
0x00004172	0x0000003A	[113] _AtaBusComponentNameGetDriverName
0x000041AC	0x0000012E	[113] _AtaBusComponentNameGetControllerName
0x000042DA	0x0000003D	[114] _ProcessLibraryConstructorList
0x00004317	0x00000006	[114] _ProcessLibraryDestructorList
0x0000431D	0x0000000A	[114] _ProcessModuleEntryPointList
0x00004327	0x00000008	[114] _ProcessModuleUnloadList
0x00004330	0x00000004	[ 93] _mUefiDevicePathLibEndDevicePath
0x00004334	0x00000004	[114] __gPcd_FixedAtBuild_PcdControlFlowEnforcementPropertyMask
0x00004338	0x00000004	[114] __gPcd_FixedAtBuild_PcdMaximumDevicePathNodeCount
0x0000433D	0x00000001	[114] __gPcd_FixedAtBuild_PcdComponentNameDisable
0x0000433F	0x00000001	[114] __gPcd_FixedAtBuild_PcdComponentName2Disable
0x00004340	0x00000004	[114] __gUefiDriverRevision
0x00004344	0x00000001	[114] __gDriverUnloadImageCount
0x00004345	0x00000004	[111] literal string: eng
0x00004349	0x00000003	[111] literal string: en
0x0000434C	0x00000007	[113] literal string: eng;en
0x00004354	0x0000003C	[111] l_.str.2
0x00004390	0x0000001E	[113] l_.str.1
0x000043AE	0x0000001E	[113] l_.str.2
0x000043E0	0x00000002	[ 38] _m16Size
0x000043E2	0x00000002	[ 38] _mThunk16Attr
0x000043E4	0x00000002	[ 38] _m16Gdt
0x000043E6	0x00000002	[ 38] _m16GdtrBase
0x000043E8	0x00000002	[ 38] _mTransition
0x000043F0	0x00000030	[111] _gAtaBusDriverBinding
0x00004420	0x000001E0	[111] _gAtaDeviceTemplate
0x00004600	0x00000004	[112] _mAtaPassThruCmdProtocols
0x00004604	0x00000008	[112] _mAtaCommands
0x0000460C	0x00000004	[112] _mAtaTrustCommands
0x00004610	0x00000010	[112] _mMaxTransferBlockNumber
0x00004620	0x00000020	[113] _mAtaBusDriverNameTable
0x00004640	0x00000020	[113] _mAtaBusControllerNameTable
0x00004660	0x00000018	[113] _gAtaBusComponentName
0x00004678	0x00000018	[113] _gAtaBusComponentName2
0x00004690	0x00000010	[114] _gEfiCallerIdGuid
0x000046A0	0x00000010	[114] _gEfiDiskInfoAhciInterfaceGuid
0x000046B0	0x00000010	[114] _gEfiEventExitBootServicesGuid
0x000046C0	0x00000010	[114] _gEfiMemoryOverwriteControlDataGuid
0x000046D0	0x00000010	[114] _gEfiHobListGuid
0x000046E0	0x00000010	[114] _gEfiAcpiDescriptionGuid
0x000046F0	0x00000010	[114] _gEfiDiskInfoProtocolGuid
0x00004700	0x00000010	[114] _gEfiBlockIoProtocolGuid
0x00004710	0x00000010	[114] _gEfiBlockIo2ProtocolGuid
0x00004720	0x00000010	[114] _gEfiAtaPassThruProtocolGuid
0x00004730	0x00000010	[114] _gEfiDevicePathProtocolGuid
0x00004740	0x00000010	[114] _gEfiStorageSecurityCommandProtocolGuid
0x00004750	0x00000010	[114] _gEfiDriverBindingProtocolGuid
0x00004760	0x00000010	[114] _gEfiComponentNameProtocolGuid
0x00004770	0x00000010	[114] _gEfiComponentName2ProtocolGuid
0x00004780	0x00000010	[114] _gEfiLoadedImageProtocolGuid
0x00004790	0x00000008	[ 88] _gImageHandle
0x00004798	0x00000008	[ 88] _gST
0x000047A0	0x00000008	[ 88] _gBS
0x000047A8	0x00000008	[ 92] _gRT
0x000047B0	0x00000008	[108] _mHobList
0x000047B8	0x00000008	[110] _gAcpiDesc
0x000047C0	0x00000001	[111] _mHasMor
0x000047C1	0x00000001	[111] _mMorControl
