# Path: /Users/weisiyuan/src/edk2/Build/Clover/RELEASE_XCODE8/X64/MdeModulePkg/Universal/Disk/DiskIoDxe/DiskIoDxe/DEBUG/DiskIoDxe.dll
# Arch: x86_64
# Object files:
[  0] linker synthesized
[  1] /Users/weisiyuan/src/edk2/Build/Clover/RELEASE_XCODE8/X64/MdePkg/Library/BasePcdLibNull/BasePcdLibNull/OUTPUT/BasePcdLibNull.lib(PcdLib.obj)
[  2] /Users/weisiyuan/src/edk2/Build/Clover/RELEASE_XCODE8/X64/MdePkg/Library/BaseDebugLibNull/BaseDebugLibNull/OUTPUT/BaseDebugLibNull.lib(DebugLib.obj)
[  3] /Users/weisiyuan/src/edk2/Build/Clover/RELEASE_XCODE8/X64/MdePkg/Library/BaseLib/BaseLib/OUTPUT/BaseLib.lib(CheckSum.obj)
[  4] /Users/weisiyuan/src/edk2/Build/Clover/RELEASE_XCODE8/X64/MdePkg/Library/BaseLib/BaseLib/OUTPUT/BaseLib.lib(SwitchStack.obj)
[  5] /Users/weisiyuan/src/edk2/Build/Clover/RELEASE_XCODE8/X64/MdePkg/Library/BaseLib/BaseLib/OUTPUT/BaseLib.lib(SwapBytes64.obj)
[  6] /Users/weisiyuan/src/edk2/Build/Clover/RELEASE_XCODE8/X64/MdePkg/Library/BaseLib/BaseLib/OUTPUT/BaseLib.lib(SwapBytes32.obj)
[  7] /Users/weisiyuan/src/edk2/Build/Clover/RELEASE_XCODE8/X64/MdePkg/Library/BaseLib/BaseLib/OUTPUT/BaseLib.lib(SwapBytes16.obj)
[  8] /Users/weisiyuan/src/edk2/Build/Clover/RELEASE_XCODE8/X64/MdePkg/Library/BaseLib/BaseLib/OUTPUT/BaseLib.lib(LongJump.obj)
[  9] /Users/weisiyuan/src/edk2/Build/Clover/RELEASE_XCODE8/X64/MdePkg/Library/BaseLib/BaseLib/OUTPUT/BaseLib.lib(SetJump.obj)
[ 10] /Users/weisiyuan/src/edk2/Build/Clover/RELEASE_XCODE8/X64/MdePkg/Library/BaseLib/BaseLib/OUTPUT/BaseLib.lib(RShiftU64.obj)
[ 11] /Users/weisiyuan/src/edk2/Build/Clover/RELEASE_XCODE8/X64/MdePkg/Library/BaseLib/BaseLib/OUTPUT/BaseLib.lib(RRotU64.obj)
[ 12] /Users/weisiyuan/src/edk2/Build/Clover/RELEASE_XCODE8/X64/MdePkg/Library/BaseLib/BaseLib/OUTPUT/BaseLib.lib(RRotU32.obj)
[ 13] /Users/weisiyuan/src/edk2/Build/Clover/RELEASE_XCODE8/X64/MdePkg/Library/BaseLib/BaseLib/OUTPUT/BaseLib.lib(MultU64x64.obj)
[ 14] /Users/weisiyuan/src/edk2/Build/Clover/RELEASE_XCODE8/X64/MdePkg/Library/BaseLib/BaseLib/OUTPUT/BaseLib.lib(MultU64x32.obj)
[ 15] /Users/weisiyuan/src/edk2/Build/Clover/RELEASE_XCODE8/X64/MdePkg/Library/BaseLib/BaseLib/OUTPUT/BaseLib.lib(MultS64x64.obj)
[ 16] /Users/weisiyuan/src/edk2/Build/Clover/RELEASE_XCODE8/X64/MdePkg/Library/BaseLib/BaseLib/OUTPUT/BaseLib.lib(ModU64x32.obj)
[ 17] /Users/weisiyuan/src/edk2/Build/Clover/RELEASE_XCODE8/X64/MdePkg/Library/BaseLib/BaseLib/OUTPUT/BaseLib.lib(LShiftU64.obj)
[ 18] /Users/weisiyuan/src/edk2/Build/Clover/RELEASE_XCODE8/X64/MdePkg/Library/BaseLib/BaseLib/OUTPUT/BaseLib.lib(LRotU64.obj)
[ 19] /Users/weisiyuan/src/edk2/Build/Clover/RELEASE_XCODE8/X64/MdePkg/Library/BaseLib/BaseLib/OUTPUT/BaseLib.lib(LRotU32.obj)
[ 20] /Users/weisiyuan/src/edk2/Build/Clover/RELEASE_XCODE8/X64/MdePkg/Library/BaseLib/BaseLib/OUTPUT/BaseLib.lib(LowBitSet64.obj)
[ 21] /Users/weisiyuan/src/edk2/Build/Clover/RELEASE_XCODE8/X64/MdePkg/Library/BaseLib/BaseLib/OUTPUT/BaseLib.lib(LowBitSet32.obj)
[ 22] /Users/weisiyuan/src/edk2/Build/Clover/RELEASE_XCODE8/X64/MdePkg/Library/BaseLib/BaseLib/OUTPUT/BaseLib.lib(HighBitSet64.obj)
[ 23] /Users/weisiyuan/src/edk2/Build/Clover/RELEASE_XCODE8/X64/MdePkg/Library/BaseLib/BaseLib/OUTPUT/BaseLib.lib(HighBitSet32.obj)
[ 24] /Users/weisiyuan/src/edk2/Build/Clover/RELEASE_XCODE8/X64/MdePkg/Library/BaseLib/BaseLib/OUTPUT/BaseLib.lib(GetPowerOfTwo64.obj)
[ 25] /Users/weisiyuan/src/edk2/Build/Clover/RELEASE_XCODE8/X64/MdePkg/Library/BaseLib/BaseLib/OUTPUT/BaseLib.lib(GetPowerOfTwo32.obj)
[ 26] /Users/weisiyuan/src/edk2/Build/Clover/RELEASE_XCODE8/X64/MdePkg/Library/BaseLib/BaseLib/OUTPUT/BaseLib.lib(DivU64x64Remainder.obj)
[ 27] /Users/weisiyuan/src/edk2/Build/Clover/RELEASE_XCODE8/X64/MdePkg/Library/BaseLib/BaseLib/OUTPUT/BaseLib.lib(DivU64x32Remainder.obj)
[ 28] /Users/weisiyuan/src/edk2/Build/Clover/RELEASE_XCODE8/X64/MdePkg/Library/BaseLib/BaseLib/OUTPUT/BaseLib.lib(DivU64x32.obj)
[ 29] /Users/weisiyuan/src/edk2/Build/Clover/RELEASE_XCODE8/X64/MdePkg/Library/BaseLib/BaseLib/OUTPUT/BaseLib.lib(DivS64x64Remainder.obj)
[ 30] /Users/weisiyuan/src/edk2/Build/Clover/RELEASE_XCODE8/X64/MdePkg/Library/BaseLib/BaseLib/OUTPUT/BaseLib.lib(ARShiftU64.obj)
[ 31] /Users/weisiyuan/src/edk2/Build/Clover/RELEASE_XCODE8/X64/MdePkg/Library/BaseLib/BaseLib/OUTPUT/BaseLib.lib(BitField.obj)
[ 32] /Users/weisiyuan/src/edk2/Build/Clover/RELEASE_XCODE8/X64/MdePkg/Library/BaseLib/BaseLib/OUTPUT/BaseLib.lib(CpuDeadLoop.obj)
[ 33] /Users/weisiyuan/src/edk2/Build/Clover/RELEASE_XCODE8/X64/MdePkg/Library/BaseLib/BaseLib/OUTPUT/BaseLib.lib(Cpu.obj)
[ 34] /Users/weisiyuan/src/edk2/Build/Clover/RELEASE_XCODE8/X64/MdePkg/Library/BaseLib/BaseLib/OUTPUT/BaseLib.lib(LinkedList.obj)
[ 35] /Users/weisiyuan/src/edk2/Build/Clover/RELEASE_XCODE8/X64/MdePkg/Library/BaseLib/BaseLib/OUTPUT/BaseLib.lib(SafeString.obj)
[ 36] /Users/weisiyuan/src/edk2/Build/Clover/RELEASE_XCODE8/X64/MdePkg/Library/BaseLib/BaseLib/OUTPUT/BaseLib.lib(String.obj)
[ 37] /Users/weisiyuan/src/edk2/Build/Clover/RELEASE_XCODE8/X64/MdePkg/Library/BaseLib/BaseLib/OUTPUT/BaseLib.lib(FilePaths.obj)
[ 38] /Users/weisiyuan/src/edk2/Build/Clover/RELEASE_XCODE8/X64/MdePkg/Library/BaseLib/BaseLib/OUTPUT/BaseLib.lib(Thunk16.obj)
[ 39] /Users/weisiyuan/src/edk2/Build/Clover/RELEASE_XCODE8/X64/MdePkg/Library/BaseLib/BaseLib/OUTPUT/BaseLib.lib(WriteTr.obj)
[ 40] /Users/weisiyuan/src/edk2/Build/Clover/RELEASE_XCODE8/X64/MdePkg/Library/BaseLib/BaseLib/OUTPUT/BaseLib.lib(Lfence.obj)
[ 41] /Users/weisiyuan/src/edk2/Build/Clover/RELEASE_XCODE8/X64/MdePkg/Library/BaseLib/BaseLib/OUTPUT/BaseLib.lib(Non-existing.obj)
[ 42] /Users/weisiyuan/src/edk2/Build/Clover/RELEASE_XCODE8/X64/MdePkg/Library/BaseLib/BaseLib/OUTPUT/BaseLib.lib(Math64.obj)
[ 43] /Users/weisiyuan/src/edk2/Build/Clover/RELEASE_XCODE8/X64/MdePkg/Library/BaseLib/BaseLib/OUTPUT/BaseLib.lib(Unaligned.obj)
[ 44] /Users/weisiyuan/src/edk2/Build/Clover/RELEASE_XCODE8/X64/MdePkg/Library/BaseLib/BaseLib/OUTPUT/BaseLib.lib(X86WriteIdtr.obj)
[ 45] /Users/weisiyuan/src/edk2/Build/Clover/RELEASE_XCODE8/X64/MdePkg/Library/BaseLib/BaseLib/OUTPUT/BaseLib.lib(X86WriteGdtr.obj)
[ 46] /Users/weisiyuan/src/edk2/Build/Clover/RELEASE_XCODE8/X64/MdePkg/Library/BaseLib/BaseLib/OUTPUT/BaseLib.lib(X86Thunk.obj)
[ 47] /Users/weisiyuan/src/edk2/Build/Clover/RELEASE_XCODE8/X64/MdePkg/Library/BaseLib/BaseLib/OUTPUT/BaseLib.lib(X86ReadIdtr.obj)
[ 48] /Users/weisiyuan/src/edk2/Build/Clover/RELEASE_XCODE8/X64/MdePkg/Library/BaseLib/BaseLib/OUTPUT/BaseLib.lib(X86ReadGdtr.obj)
[ 49] /Users/weisiyuan/src/edk2/Build/Clover/RELEASE_XCODE8/X64/MdePkg/Library/BaseLib/BaseLib/OUTPUT/BaseLib.lib(X86Msr.obj)
[ 50] /Users/weisiyuan/src/edk2/Build/Clover/RELEASE_XCODE8/X64/MdePkg/Library/BaseLib/BaseLib/OUTPUT/BaseLib.lib(X86GetInterruptState.obj)
[ 51] /Users/weisiyuan/src/edk2/Build/Clover/RELEASE_XCODE8/X64/MdePkg/Library/BaseLib/BaseLib/OUTPUT/BaseLib.lib(X86FxSave.obj)
[ 52] /Users/weisiyuan/src/edk2/Build/Clover/RELEASE_XCODE8/X64/MdePkg/Library/BaseLib/BaseLib/OUTPUT/BaseLib.lib(X86FxRestore.obj)
[ 53] /Users/weisiyuan/src/edk2/Build/Clover/RELEASE_XCODE8/X64/MdePkg/Library/BaseLib/BaseLib/OUTPUT/BaseLib.lib(X86EnablePaging64.obj)
[ 54] /Users/weisiyuan/src/edk2/Build/Clover/RELEASE_XCODE8/X64/MdePkg/Library/BaseLib/BaseLib/OUTPUT/BaseLib.lib(X86EnablePaging32.obj)
[ 55] /Users/weisiyuan/src/edk2/Build/Clover/RELEASE_XCODE8/X64/MdePkg/Library/BaseLib/BaseLib/OUTPUT/BaseLib.lib(X86DisablePaging64.obj)
[ 56] /Users/weisiyuan/src/edk2/Build/Clover/RELEASE_XCODE8/X64/MdePkg/Library/BaseLib/BaseLib/OUTPUT/BaseLib.lib(X86DisablePaging32.obj)
[ 57] /Users/weisiyuan/src/edk2/Build/Clover/RELEASE_XCODE8/X64/MdePkg/Library/BaseLib/BaseLib/OUTPUT/BaseLib.lib(X86RdRand.obj)
[ 58] /Users/weisiyuan/src/edk2/Build/Clover/RELEASE_XCODE8/X64/MdePkg/Library/BaseLib/BaseLib/OUTPUT/BaseLib.lib(X86PatchInstruction.obj)
[ 59] /Users/weisiyuan/src/edk2/Build/Clover/RELEASE_XCODE8/X64/MdePkg/Library/BaseLib/BaseLib/OUTPUT/BaseLib.lib(X86SpeculationBarrier.obj)
[ 60] /Users/weisiyuan/src/edk2/Build/Clover/RELEASE_XCODE8/X64/MdePkg/Library/BaseLib/BaseLib/OUTPUT/BaseLib.lib(GccInline.obj)
[ 61] /Users/weisiyuan/src/edk2/Build/Clover/RELEASE_XCODE8/X64/MdePkg/Library/BaseLib/BaseLib/OUTPUT/BaseLib.lib(SwitchStack.obj)
[ 62] /Users/weisiyuan/src/edk2/Build/Clover/RELEASE_XCODE8/X64/MdePkg/Library/BaseLib/BaseLib/OUTPUT/BaseLib.lib(SetJump.obj)
[ 63] /Users/weisiyuan/src/edk2/Build/Clover/RELEASE_XCODE8/X64/MdePkg/Library/BaseLib/BaseLib/OUTPUT/BaseLib.lib(LongJump.obj)
[ 64] /Users/weisiyuan/src/edk2/Build/Clover/RELEASE_XCODE8/X64/MdePkg/Library/BaseLib/BaseLib/OUTPUT/BaseLib.lib(EnableDisableInterrupts.obj)
[ 65] /Users/weisiyuan/src/edk2/Build/Clover/RELEASE_XCODE8/X64/MdePkg/Library/BaseLib/BaseLib/OUTPUT/BaseLib.lib(DisablePaging64.obj)
[ 66] /Users/weisiyuan/src/edk2/Build/Clover/RELEASE_XCODE8/X64/MdePkg/Library/BaseLib/BaseLib/OUTPUT/BaseLib.lib(CpuId.obj)
[ 67] /Users/weisiyuan/src/edk2/Build/Clover/RELEASE_XCODE8/X64/MdePkg/Library/BaseLib/BaseLib/OUTPUT/BaseLib.lib(CpuIdEx.obj)
[ 68] /Users/weisiyuan/src/edk2/Build/Clover/RELEASE_XCODE8/X64/MdePkg/Library/BaseLib/BaseLib/OUTPUT/BaseLib.lib(EnableCache.obj)
[ 69] /Users/weisiyuan/src/edk2/Build/Clover/RELEASE_XCODE8/X64/MdePkg/Library/BaseLib/BaseLib/OUTPUT/BaseLib.lib(DisableCache.obj)
[ 70] /Users/weisiyuan/src/edk2/Build/Clover/RELEASE_XCODE8/X64/MdePkg/Library/BaseLib/BaseLib/OUTPUT/BaseLib.lib(RdRand.obj)
[ 71] /Users/weisiyuan/src/edk2/Build/Clover/RELEASE_XCODE8/X64/MdePkg/Library/BaseLib/BaseLib/OUTPUT/BaseLib.lib(ChkStkGcc.obj)
[ 72] /Users/weisiyuan/src/edk2/Build/Clover/RELEASE_XCODE8/X64/MdePkg/Library/BaseMemoryLib/BaseMemoryLib/OUTPUT/BaseMemoryLib.lib(SetMem.obj)
[ 73] /Users/weisiyuan/src/edk2/Build/Clover/RELEASE_XCODE8/X64/MdePkg/Library/BaseMemoryLib/BaseMemoryLib/OUTPUT/BaseMemoryLib.lib(ScanMem64Wrapper.obj)
[ 74] /Users/weisiyuan/src/edk2/Build/Clover/RELEASE_XCODE8/X64/MdePkg/Library/BaseMemoryLib/BaseMemoryLib/OUTPUT/BaseMemoryLib.lib(ScanMem32Wrapper.obj)
[ 75] /Users/weisiyuan/src/edk2/Build/Clover/RELEASE_XCODE8/X64/MdePkg/Library/BaseMemoryLib/BaseMemoryLib/OUTPUT/BaseMemoryLib.lib(ScanMem16Wrapper.obj)
[ 76] /Users/weisiyuan/src/edk2/Build/Clover/RELEASE_XCODE8/X64/MdePkg/Library/BaseMemoryLib/BaseMemoryLib/OUTPUT/BaseMemoryLib.lib(ScanMem8Wrapper.obj)
[ 77] /Users/weisiyuan/src/edk2/Build/Clover/RELEASE_XCODE8/X64/MdePkg/Library/BaseMemoryLib/BaseMemoryLib/OUTPUT/BaseMemoryLib.lib(ZeroMemWrapper.obj)
[ 78] /Users/weisiyuan/src/edk2/Build/Clover/RELEASE_XCODE8/X64/MdePkg/Library/BaseMemoryLib/BaseMemoryLib/OUTPUT/BaseMemoryLib.lib(CompareMemWrapper.obj)
[ 79] /Users/weisiyuan/src/edk2/Build/Clover/RELEASE_XCODE8/X64/MdePkg/Library/BaseMemoryLib/BaseMemoryLib/OUTPUT/BaseMemoryLib.lib(SetMem64Wrapper.obj)
[ 80] /Users/weisiyuan/src/edk2/Build/Clover/RELEASE_XCODE8/X64/MdePkg/Library/BaseMemoryLib/BaseMemoryLib/OUTPUT/BaseMemoryLib.lib(SetMem32Wrapper.obj)
[ 81] /Users/weisiyuan/src/edk2/Build/Clover/RELEASE_XCODE8/X64/MdePkg/Library/BaseMemoryLib/BaseMemoryLib/OUTPUT/BaseMemoryLib.lib(SetMem16Wrapper.obj)
[ 82] /Users/weisiyuan/src/edk2/Build/Clover/RELEASE_XCODE8/X64/MdePkg/Library/BaseMemoryLib/BaseMemoryLib/OUTPUT/BaseMemoryLib.lib(SetMemWrapper.obj)
[ 83] /Users/weisiyuan/src/edk2/Build/Clover/RELEASE_XCODE8/X64/MdePkg/Library/BaseMemoryLib/BaseMemoryLib/OUTPUT/BaseMemoryLib.lib(CopyMemWrapper.obj)
[ 84] /Users/weisiyuan/src/edk2/Build/Clover/RELEASE_XCODE8/X64/MdePkg/Library/BaseMemoryLib/BaseMemoryLib/OUTPUT/BaseMemoryLib.lib(IsZeroBufferWrapper.obj)
[ 85] /Users/weisiyuan/src/edk2/Build/Clover/RELEASE_XCODE8/X64/MdePkg/Library/BaseMemoryLib/BaseMemoryLib/OUTPUT/BaseMemoryLib.lib(MemLibGeneric.obj)
[ 86] /Users/weisiyuan/src/edk2/Build/Clover/RELEASE_XCODE8/X64/MdePkg/Library/BaseMemoryLib/BaseMemoryLib/OUTPUT/BaseMemoryLib.lib(MemLibGuid.obj)
[ 87] /Users/weisiyuan/src/edk2/Build/Clover/RELEASE_XCODE8/X64/MdePkg/Library/BaseMemoryLib/BaseMemoryLib/OUTPUT/BaseMemoryLib.lib(CopyMem.obj)
[ 88] /Users/weisiyuan/src/edk2/Build/Clover/RELEASE_XCODE8/X64/MdePkg/Library/UefiBootServicesTableLib/UefiBootServicesTableLib/OUTPUT/UefiBootServicesTableLib.lib(UefiBootServicesTableLib.obj)
[ 89] /Users/weisiyuan/src/edk2/Build/Clover/RELEASE_XCODE8/X64/MdePkg/Library/BasePrintLib/BasePrintLib/OUTPUT/BasePrintLib.lib(PrintLibInternal.obj)
[ 90] /Users/weisiyuan/src/edk2/Build/Clover/RELEASE_XCODE8/X64/MdePkg/Library/BasePrintLib/BasePrintLib/OUTPUT/BasePrintLib.lib(PrintLib.obj)
[ 91] /Users/weisiyuan/src/edk2/Build/Clover/RELEASE_XCODE8/X64/MdePkg/Library/UefiMemoryAllocationLib/UefiMemoryAllocationLib/OUTPUT/UefiMemoryAllocationLib.lib(MemoryAllocationLib.obj)
[ 92] /Users/weisiyuan/src/edk2/Build/Clover/RELEASE_XCODE8/X64/MdePkg/Library/UefiRuntimeServicesTableLib/UefiRuntimeServicesTableLib/OUTPUT/UefiRuntimeServicesTableLib.lib(UefiRuntimeServicesTableLib.obj)
[ 93] /Users/weisiyuan/src/edk2/Build/Clover/RELEASE_XCODE8/X64/MdePkg/Library/UefiDevicePathLib/UefiDevicePathLib/OUTPUT/UefiDevicePathLib.lib(DevicePathUtilities.obj)
[ 94] /Users/weisiyuan/src/edk2/Build/Clover/RELEASE_XCODE8/X64/MdePkg/Library/UefiDevicePathLib/UefiDevicePathLib/OUTPUT/UefiDevicePathLib.lib(DevicePathToText.obj)
[ 95] /Users/weisiyuan/src/edk2/Build/Clover/RELEASE_XCODE8/X64/MdePkg/Library/UefiDevicePathLib/UefiDevicePathLib/OUTPUT/UefiDevicePathLib.lib(DevicePathFromText.obj)
[ 96] /Users/weisiyuan/src/edk2/Build/Clover/RELEASE_XCODE8/X64/MdePkg/Library/UefiDevicePathLib/UefiDevicePathLib/OUTPUT/UefiDevicePathLib.lib(UefiDevicePathLib.obj)
[ 97] /Users/weisiyuan/src/edk2/Build/Clover/RELEASE_XCODE8/X64/MdePkg/Library/UefiLib/UefiLib/OUTPUT/UefiLib.lib(UefiLibPrint.obj)
[ 98] /Users/weisiyuan/src/edk2/Build/Clover/RELEASE_XCODE8/X64/MdePkg/Library/UefiLib/UefiLib/OUTPUT/UefiLib.lib(UefiNotTiano.obj)
[ 99] /Users/weisiyuan/src/edk2/Build/Clover/RELEASE_XCODE8/X64/MdePkg/Library/UefiLib/UefiLib/OUTPUT/UefiLib.lib(UefiDriverModel.obj)
[100] /Users/weisiyuan/src/edk2/Build/Clover/RELEASE_XCODE8/X64/MdePkg/Library/UefiLib/UefiLib/OUTPUT/UefiLib.lib(Console.obj)
[101] /Users/weisiyuan/src/edk2/Build/Clover/RELEASE_XCODE8/X64/MdePkg/Library/UefiLib/UefiLib/OUTPUT/UefiLib.lib(UefiLib.obj)
[102] /Users/weisiyuan/src/edk2/Build/Clover/RELEASE_XCODE8/X64/MdePkg/Library/UefiLib/UefiLib/OUTPUT/UefiLib.lib(Acpi.obj)
[103] /Users/weisiyuan/src/edk2/Build/Clover/RELEASE_XCODE8/X64/MdePkg/Library/UefiDriverEntryPoint/UefiDriverEntryPoint/OUTPUT/UefiDriverEntryPoint.lib(DriverEntryPoint.obj)
[104] /Users/weisiyuan/src/edk2/Build/Clover/RELEASE_XCODE8/X64/MdeModulePkg/Universal/Disk/DiskIoDxe/DiskIoDxe/OUTPUT/DiskIoDxe.lib(ComponentName.obj)
[105] /Users/weisiyuan/src/edk2/Build/Clover/RELEASE_XCODE8/X64/MdeModulePkg/Universal/Disk/DiskIoDxe/DiskIoDxe/OUTPUT/DiskIoDxe.lib(DiskIo.obj)
[106] /Users/weisiyuan/src/edk2/Build/Clover/RELEASE_XCODE8/X64/MdeModulePkg/Universal/Disk/DiskIoDxe/DiskIoDxe/OUTPUT/DiskIoDxe.lib(AutoGen.obj)
# Sections:
# Address	Size    	Segment	Section
0x00000240	0x000024BC	__TEXT	__text
0x000026FC	0x0000000E	__TEXT	__cstring
0x0000270A	0x00000030	__TEXT	__ustring
0x0000273C	0x00000011	__TEXT	__const
0x00002760	0x00000198	__DATA	__data
0x000028F8	0x00000020	__DATA	__common
# Symbols:
# Address	Size    	File  Name
0x00000240	0x00000000	[  0] ___dso_handle
0x00000240	0x00000006	[  9] _InternalAssertJumpBuffer
0x00000246	0x0000000A	[ 17] _LShiftU64
0x00000250	0x0000000A	[ 27] _DivU64x32Remainder
0x0000025A	0x00000010	[ 34] _InitializeListHead
0x0000026A	0x0000001B	[ 34] _InsertTailList
0x00000285	0x00000009	[ 34] _GetFirstNode
0x0000028E	0x00000009	[ 34] _GetNextNode
0x00000297	0x0000000C	[ 34] _IsListEmpty
0x000002A3	0x0000000C	[ 34] _IsNull
0x000002AF	0x0000001B	[ 34] _RemoveEntryList
0x000002CA	0x000000B6	[ 36] _AsciiStrnCmp
0x00000380	0x00000000	[ 38] SavedGdt
0x00000380	0x0000000A	[ 38] _m16Start
0x0000038A	0x00000008	[ 38] _BackFromUserCode
0x00000392	0x00000014	[ 38] _BackFromUserCode.Base
0x000003A6	0x0000000D	[ 38] _BackFromUserCode.ThunkAttrEnd
0x000003B3	0x0000000B	[ 38] _BackFromUserCode.1
0x000003BE	0x00000036	[ 38] _BackFromUserCode.2
0x000003F4	0x0000001C	[ 38] _BackFromUserCode.SavedCr4End
0x00000410	0x0000000B	[ 38] _BackFromUserCode.SavedCr0End
0x0000041B	0x0000000B	[ 38] _BackFromUserCode.X64JmpEnd
0x00000426	0x00000002	[ 38] _BackFromUserCode.SavedSpEnd
0x00000428	0x00000006	[ 38] _EntryPoint
0x0000042E	0x00000002	[ 38] _16Gdtr
0x00000430	0x00000008	[ 38] _16GdtrBase
0x00000438	0x00000006	[ 38] _16Idtr
0x0000043E	0x00000028	[ 38] _ToUserCode
0x00000466	0x0000000F	[ 38] _ToUserCode.Base
0x00000475	0x0000001B	[ 38] _ToUserCode.RealMode
0x00000490	0x00000008	[ 38] _NullSeg
0x00000498	0x00000008	[ 38] _16Code
0x000004A0	0x00000008	[ 38] _16Data
0x000004A8	0x00000008	[ 38] _32Data
0x000004B0	0x000000B4	[ 38] _InternalAsmThunk16
0x00000564	0x00000020	[ 38] _InternalAsmThunk16.RetFromRealMode
0x00000584	0x00000006	[ 39] _AsmWriteTr
0x0000058A	0x00000004	[ 40] _AsmLfence
0x0000058E	0x0000000E	[ 42] _InternalMathLShiftU64
0x0000059C	0x00000023	[ 42] _InternalMathDivRemU64x32
0x000005BF	0x0000000D	[ 43] _ReadUnaligned24
0x000005CC	0x0000000F	[ 61] _InternalSwitchStack
0x000005DB	0x00000043	[ 62] _SetJump
0x0000061E	0x0000007F	[ 62] CetDone
0x0000069D	0x00000030	[ 63] _InternalLongJump
0x000006CD	0x0000007C	[ 63] CetDone
0x00000749	0x00000003	[ 64] _EnableDisableInterrupts
0x0000074C	0x0000003A	[ 65] _InternalX86DisablePaging64
0x00000786	0x00000027	[ 65] _InternalX86DisablePaging64.0
0x000007AD	0x00000000	[ 65] mTransitionEnd
0x000007AD	0x0000000F	[ 66] _AsmCpuid
0x000007BC	0x00000005	[ 66] _AsmCpuid.0
0x000007C1	0x00000007	[ 66] _AsmCpuid.1
0x000007C8	0x00000009	[ 66] _AsmCpuid.2
0x000007D1	0x00000003	[ 66] _AsmCpuid.3
0x000007D4	0x00000015	[ 67] _AsmCpuidEx
0x000007E9	0x00000007	[ 67] _AsmCpuidEx.0
0x000007F0	0x00000007	[ 67] _AsmCpuidEx.1
0x000007F7	0x00000009	[ 67] _AsmCpuidEx.2
0x00000800	0x00000003	[ 67] _AsmCpuidEx.3
0x00000803	0x00000013	[ 68] _AsmEnableCache
0x00000816	0x00000013	[ 69] _AsmDisableCache
0x00000829	0x00000009	[ 70] _InternalX86RdRand16
0x00000832	0x00000009	[ 70] rn16_ok
0x0000083B	0x00000009	[ 70] _InternalX86RdRand32
0x00000844	0x00000008	[ 70] rn32_ok
0x0000084C	0x0000000A	[ 70] _InternalX86RdRand64
0x00000856	0x00000009	[ 70] rn64_ok
0x0000085F	0x000000E8	[ 72] _InternalMemSetMem
0x00000947	0x00000014	[ 77] _ZeroMem
0x0000095B	0x00000019	[ 83] _CopyMem
0x00000974	0x0000000D	[ 85] _InternalMemZeroMem
0x00000981	0x000001E2	[ 87] _InternalMemCopyMem
0x00000B63	0x00000021	[ 88] _UefiBootServicesTableLibConstructor
0x00000B84	0x0000011D	[ 91] _InternalAllocateAlignedPages
0x00000CA1	0x00000097	[ 91] _AllocateAlignedPages
0x00000D38	0x0000001E	[ 91] _FreeAlignedPages
0x00000D56	0x0000003D	[ 91] _AllocatePool
0x00000D93	0x0000003B	[ 91] _InternalAllocateZeroPool
0x00000DCE	0x00000097	[ 91] _AllocateZeroPool
0x00000E65	0x00000053	[ 91] _InternalAllocateCopyPool
0x00000EB8	0x00000097	[ 91] _AllocateCopyPool
0x00000F4F	0x00000016	[ 91] _FreePool
0x00000F65	0x00000013	[ 92] _UefiRuntimeServicesTableLibConstructor
0x00000F78	0x000000C4	[ 99] _EfiLibInstallDriverBindingComponentName2
0x0000103C	0x00000008	[101] _UefiLibConstructor
0x00001044	0x0000001B	[101] _EfiInitializeLock
0x0000105F	0x0000002B	[101] _EfiAcquireLock
0x0000108A	0x0000001D	[101] _EfiReleaseLock
0x000010A7	0x0000015A	[101] _LookupUnicodeString2
0x00001201	0x00000034	[103] __DriverUnloadHandler
0x00001235	0x00000096	[103] __ModuleEntryPoint
0x000012CB	0x0000003A	[104] _DiskIoComponentNameGetDriverName
0x00001305	0x00000010	[104] _DiskIoComponentNameGetControllerName
0x00001315	0x00000069	[105] _DiskIoDriverBindingSupported
0x0000137E	0x000001E9	[105] _DiskIoDriverBindingStart
0x00001567	0x000001C6	[105] _DiskIoDriverBindingStop
0x0000172D	0x000000A6	[105] _DiskIoReadDisk
0x000017D3	0x000000A9	[105] _DiskIoWriteDisk
0x0000187C	0x00000098	[105] _DiskIo2Cancel
0x00001914	0x000000AA	[105] _DiskIo2ReadDiskEx
0x000019BE	0x000000AD	[105] _DiskIo2WriteDiskEx
0x00001A6B	0x000000CA	[105] _DiskIo2FlushDiskEx
0x00001B35	0x000000AD	[105] _DiskIoDestroySubtask
0x00001BE2	0x0000010C	[105] _DiskIo2OnReadWriteComplete
0x00001CEE	0x000000A2	[105] _DiskIoCreateSubtask
0x00001D90	0x0000043B	[105] _DiskIoCreateSubtaskList
0x000021CB	0x0000009E	[105] _DiskIo2RemoveCompletedTask
0x00002269	0x000003D7	[105] _DiskIo2ReadWriteDisk
0x00002640	0x0000003D	[105] _DiskIo2OnFlushComplete
0x0000267D	0x00000035	[105] _InitializeDiskIo
0x000026B2	0x00000032	[106] _ProcessLibraryConstructorList
0x000026E4	0x00000006	[106] _ProcessLibraryDestructorList
0x000026EA	0x0000000A	[106] _ProcessModuleEntryPointList
0x000026F4	0x00000008	[106] _ProcessModuleUnloadList
0x000026FC	0x00000004	[104] literal string: eng
0x00002700	0x00000003	[104] literal string: en
0x00002703	0x00000007	[104] literal string: eng;en
0x0000270A	0x00000030	[104] l_.str.3
0x0000273C	0x00000004	[106] __gPcd_FixedAtBuild_PcdDiskIoDataBufferBlockNum
0x00002740	0x00000004	[106] __gPcd_FixedAtBuild_PcdControlFlowEnforcementPropertyMask
0x00002745	0x00000001	[106] __gPcd_FixedAtBuild_PcdComponentNameDisable
0x00002747	0x00000001	[106] __gPcd_FixedAtBuild_PcdComponentName2Disable
0x00002748	0x00000004	[106] __gUefiDriverRevision
0x0000274C	0x00000001	[106] __gDriverUnloadImageCount
0x00002760	0x00000002	[ 38] _m16Size
0x00002762	0x00000002	[ 38] _mThunk16Attr
0x00002764	0x00000002	[ 38] _m16Gdt
0x00002766	0x00000002	[ 38] _m16GdtrBase
0x00002768	0x00000002	[ 38] _mTransition
0x00002770	0x00000018	[104] _gDiskIoComponentName
0x00002788	0x00000018	[104] _gDiskIoComponentName2
0x000027A0	0x00000020	[104] _mDiskIoDriverNameTable
0x000027C0	0x00000030	[105] _gDiskIoDriverBinding
0x000027F0	0x00000088	[105] _gDiskIoPrivateDataTemplate
0x00002878	0x00000010	[106] _gEfiDiskIoProtocolGuid
0x00002888	0x00000010	[106] _gEfiDiskIo2ProtocolGuid
0x00002898	0x00000010	[106] _gEfiBlockIoProtocolGuid
0x000028A8	0x00000010	[106] _gEfiBlockIo2ProtocolGuid
0x000028B8	0x00000010	[106] _gEfiDriverBindingProtocolGuid
0x000028C8	0x00000010	[106] _gEfiComponentNameProtocolGuid
0x000028D8	0x00000010	[106] _gEfiComponentName2ProtocolGuid
0x000028E8	0x00000010	[106] _gEfiLoadedImageProtocolGuid
0x000028F8	0x00000008	[ 88] _gImageHandle
0x00002900	0x00000008	[ 88] _gST
0x00002908	0x00000008	[ 88] _gBS
0x00002910	0x00000008	[ 92] _gRT
